Archive member included to satisfy reference by file (symbol)

d:/renesas/rzn/e2studio_v2023-07_fsp_v1.3.0/toolchains/gcc_arm/arm-gnu-toolchain-12.2.rel1-mingw-w64-i686-arm-none-eabi/bin/../lib/gcc/arm-none-eabi/12.2.1/thumb/v7+fp/hard\libgcc.a(_arm_addsubdf3.o)
                              ./rt-thread/components/libc/compilers/common/ctime.o (__aeabi_l2d)
d:/renesas/rzn/e2studio_v2023-07_fsp_v1.3.0/toolchains/gcc_arm/arm-gnu-toolchain-12.2.rel1-mingw-w64-i686-arm-none-eabi/bin/../lib/gcc/arm-none-eabi/12.2.1/thumb/v7+fp/hard\libgcc.a(_aeabi_ldivmod.o)
                              ./rzn/fsp/src/r_sci_uart/r_sci_uart.o (__aeabi_ldivmod)
d:/renesas/rzn/e2studio_v2023-07_fsp_v1.3.0/toolchains/gcc_arm/arm-gnu-toolchain-12.2.rel1-mingw-w64-i686-arm-none-eabi/bin/../lib/gcc/arm-none-eabi/12.2.1/thumb/v7+fp/hard\libgcc.a(_aeabi_uldivmod.o)
                              ./rzn/fsp/src/bsp/mcu/all/bsp_delay.o (__aeabi_uldivmod)
d:/renesas/rzn/e2studio_v2023-07_fsp_v1.3.0/toolchains/gcc_arm/arm-gnu-toolchain-12.2.rel1-mingw-w64-i686-arm-none-eabi/bin/../lib/gcc/arm-none-eabi/12.2.1/thumb/v7+fp/hard\libgcc.a(_udivmoddi4.o)
                              d:/renesas/rzn/e2studio_v2023-07_fsp_v1.3.0/toolchains/gcc_arm/arm-gnu-toolchain-12.2.rel1-mingw-w64-i686-arm-none-eabi/bin/../lib/gcc/arm-none-eabi/12.2.1/thumb/v7+fp/hard\libgcc.a(_aeabi_ldivmod.o) (__udivmoddi4)
d:/renesas/rzn/e2studio_v2023-07_fsp_v1.3.0/toolchains/gcc_arm/arm-gnu-toolchain-12.2.rel1-mingw-w64-i686-arm-none-eabi/bin/../lib/gcc/arm-none-eabi/12.2.1/thumb/v7+fp/hard\libgcc.a(_dvmd_tls.o)
                              d:/renesas/rzn/e2studio_v2023-07_fsp_v1.3.0/toolchains/gcc_arm/arm-gnu-toolchain-12.2.rel1-mingw-w64-i686-arm-none-eabi/bin/../lib/gcc/arm-none-eabi/12.2.1/thumb/v7+fp/hard\libgcc.a(_aeabi_ldivmod.o) (__aeabi_ldiv0)
d:/renesas/rzn/e2studio_v2023-07_fsp_v1.3.0/toolchains/gcc_arm/arm-gnu-toolchain-12.2.rel1-mingw-w64-i686-arm-none-eabi/bin/../lib/gcc/arm-none-eabi/12.2.1/thumb/v7+fp/hard\libg_nano.a(libc_a-assert.o)
                              ./src/hal_entry.o (__assert_func)
d:/renesas/rzn/e2studio_v2023-07_fsp_v1.3.0/toolchains/gcc_arm/arm-gnu-toolchain-12.2.rel1-mingw-w64-i686-arm-none-eabi/bin/../lib/gcc/arm-none-eabi/12.2.1/thumb/v7+fp/hard\libg_nano.a(libc_a-atoi.o)
                              ./rt-thread/components/drivers/misc/pin.o (atoi)
d:/renesas/rzn/e2studio_v2023-07_fsp_v1.3.0/toolchains/gcc_arm/arm-gnu-toolchain-12.2.rel1-mingw-w64-i686-arm-none-eabi/bin/../lib/gcc/arm-none-eabi/12.2.1/thumb/v7+fp/hard\libg_nano.a(libc_a-malloc.o)
                              ./rt-thread/components/libc/compilers/common/cstring.o (malloc)
d:/renesas/rzn/e2studio_v2023-07_fsp_v1.3.0/toolchains/gcc_arm/arm-gnu-toolchain-12.2.rel1-mingw-w64-i686-arm-none-eabi/bin/../lib/gcc/arm-none-eabi/12.2.1/thumb/v7+fp/hard\libg_nano.a(libc_a-strtol.o)
                              d:/renesas/rzn/e2studio_v2023-07_fsp_v1.3.0/toolchains/gcc_arm/arm-gnu-toolchain-12.2.rel1-mingw-w64-i686-arm-none-eabi/bin/../lib/gcc/arm-none-eabi/12.2.1/thumb/v7+fp/hard\libg_nano.a(libc_a-atoi.o) (_strtol_r)
d:/renesas/rzn/e2studio_v2023-07_fsp_v1.3.0/toolchains/gcc_arm/arm-gnu-toolchain-12.2.rel1-mingw-w64-i686-arm-none-eabi/bin/../lib/gcc/arm-none-eabi/12.2.1/thumb/v7+fp/hard\libg_nano.a(libc_a-ctype_.o)
                              ./rt-thread/components/libc/compilers/common/cstring.o (_ctype_)
d:/renesas/rzn/e2studio_v2023-07_fsp_v1.3.0/toolchains/gcc_arm/arm-gnu-toolchain-12.2.rel1-mingw-w64-i686-arm-none-eabi/bin/../lib/gcc/arm-none-eabi/12.2.1/thumb/v7+fp/hard\libg_nano.a(libc_a-fprintf.o)
                              d:/renesas/rzn/e2studio_v2023-07_fsp_v1.3.0/toolchains/gcc_arm/arm-gnu-toolchain-12.2.rel1-mingw-w64-i686-arm-none-eabi/bin/../lib/gcc/arm-none-eabi/12.2.1/thumb/v7+fp/hard\libg_nano.a(libc_a-assert.o) (fiprintf)
d:/renesas/rzn/e2studio_v2023-07_fsp_v1.3.0/toolchains/gcc_arm/arm-gnu-toolchain-12.2.rel1-mingw-w64-i686-arm-none-eabi/bin/../lib/gcc/arm-none-eabi/12.2.1/thumb/v7+fp/hard\libg_nano.a(libc_a-memcmp.o)
                              ./rt-thread/components/finsh/shell.o (memcmp)
d:/renesas/rzn/e2studio_v2023-07_fsp_v1.3.0/toolchains/gcc_arm/arm-gnu-toolchain-12.2.rel1-mingw-w64-i686-arm-none-eabi/bin/../lib/gcc/arm-none-eabi/12.2.1/thumb/v7+fp/hard\libg_nano.a(libc_a-strchr.o)
                              ./rt-thread/components/libc/compilers/common/cstring.o (strchr)
d:/renesas/rzn/e2studio_v2023-07_fsp_v1.3.0/toolchains/gcc_arm/arm-gnu-toolchain-12.2.rel1-mingw-w64-i686-arm-none-eabi/bin/../lib/gcc/arm-none-eabi/12.2.1/thumb/v7+fp/hard\libg_nano.a(libc_a-strncmp.o)
                              ./rt-thread/components/finsh/msh.o (strncmp)
d:/renesas/rzn/e2studio_v2023-07_fsp_v1.3.0/toolchains/gcc_arm/arm-gnu-toolchain-12.2.rel1-mingw-w64-i686-arm-none-eabi/bin/../lib/gcc/arm-none-eabi/12.2.1/thumb/v7+fp/hard\libg_nano.a(libc_a-strncpy.o)
                              ./rt-thread/components/finsh/msh.o (strncpy)
[...]
Memory Configuration

Name             Origin             Length             Attributes
ATCM             0x00000000         0x00020000
BTCM             0x00100000         0x00020000
SYSTEM_RAM       0x10000000         0x00180000
SYSTEM_RAM_MIRROR 0x30000000         0x00180000
xSPI0_CS0_SPACE_MIRROR 0x40000000         0x04000000
xSPI0_CS1_SPACE_MIRROR 0x44000000         0x04000000
xSPI1_CS0_SPACE_MIRROR 0x48000000         0x04000000
xSPI1_CS1_SPACE_MIRROR 0x00000000         0x00000000
CS0_SPACE_MIRROR 0x50000000         0x04000000
CS2_SPACE_MIRROR 0x54000000         0x04000000
CS3_SPACE_MIRROR 0x58000000         0x04000000
CS5_SPACE_MIRROR 0x5c000000         0x04000000
xSPI0_CS0_SPACE  0x60000000         0x04000000
xSPI0_CS1_SPACE  0x64000000         0x04000000
xSPI1_CS0_SPACE  0x68000000         0x04000000
xSPI1_CS1_SPACE  0x00000000         0x00000000
CS0_SPACE        0x70000000         0x04000000
CS2_SPACE        0x74000000         0x04000000
CS3_SPACE        0x78000000         0x04000000
CS5_SPACE        0x7c000000         0x04000000
DUMMY            0x00000040         0x00000008
*default*        0x00000000         0xffffffff

Linker script and memory map

START GROUP
LOAD ./src/hal_entry.o
LOAD ./rzn_gen/common_data.o
LOAD ./rzn_gen/hal_data.o
LOAD ./rzn_gen/main.o
LOAD ./rzn_gen/pin_data.o
LOAD ./rzn_gen/vector_data.o
LOAD ./rzn/fsp/src/r_sci_uart/r_sci_uart.o
LOAD ./rzn/fsp/src/r_ioport/r_ioport.o
LOAD ./rzn/fsp/src/r_gpt/r_gpt.o
LOAD ./rzn/fsp/src/bsp/mcu/all/bsp_clocks.o
LOAD ./rzn/fsp/src/bsp/mcu/all/bsp_common.o
LOAD ./rzn/fsp/src/bsp/mcu/all/bsp_delay.o
LOAD ./rzn/fsp/src/bsp/mcu/all/bsp_io.o
LOAD ./rzn/fsp/src/bsp/mcu/all/bsp_irq.o
LOAD ./rzn/fsp/src/bsp/mcu/all/bsp_register_protection.o
LOAD ./rzn/fsp/src/bsp/mcu/all/bsp_reset.o
LOAD ./rzn/fsp/src/bsp/mcu/all/bsp_sbrk.o
LOAD ./rzn/fsp/src/bsp/cmsis/Device/RENESAS/Source/startup.o
LOAD ./rzn/fsp/src/bsp/cmsis/Device/RENESAS/Source/system.o
LOAD ./rzn/board/rzn2l_rsk/board_init.o
LOAD ./rzn/board/rzn2l_rsk/board_leds.o
LOAD ./rt-thread/src/clock.o
LOAD ./rt-thread/src/components.o
LOAD ./rt-thread/src/idle.o
LOAD ./rt-thread/src/ipc.o
LOAD ./rt-thread/src/irq.o
LOAD ./rt-thread/src/kservice.o
LOAD ./rt-thread/src/mem.o
LOAD ./rt-thread/src/object.o
LOAD ./rt-thread/src/scheduler_up.o
LOAD ./rt-thread/src/thread.o
LOAD ./rt-thread/src/timer.o
LOAD ./rt-thread/libcpu/arm/cortex-r4/context_gcc.o
LOAD ./rt-thread/libcpu/arm/cortex-r4/cpu.o
LOAD ./rt-thread/libcpu/arm/cortex-r4/interrupt.o
LOAD ./rt-thread/libcpu/arm/cortex-r4/stack.o
LOAD ./rt-thread/libcpu/arm/cortex-r4/start_gcc.o
LOAD ./rt-thread/libcpu/arm/cortex-r4/trap.o
LOAD ./rt-thread/libcpu/arm/cortex-r4/vector_gcc.o
LOAD ./rt-thread/libcpu/arm/common/div0.o
LOAD ./rt-thread/libcpu/arm/common/showmem.o
LOAD ./rt-thread/components/libc/compilers/newlib/syscalls.o
LOAD ./rt-thread/components/libc/compilers/common/cctype.o
LOAD ./rt-thread/components/libc/compilers/common/cstdlib.o
LOAD ./rt-thread/components/libc/compilers/common/cstring.o
LOAD ./rt-thread/components/libc/compilers/common/ctime.o
LOAD ./rt-thread/components/libc/compilers/common/cunistd.o
LOAD ./rt-thread/components/libc/compilers/common/cwchar.o
LOAD ./rt-thread/components/finsh/cmd.o
LOAD ./rt-thread/components/finsh/msh.o
LOAD ./rt-thread/components/finsh/msh_parse.o
LOAD ./rt-thread/components/finsh/shell.o
LOAD ./rt-thread/components/drivers/serial/serial_v2.o
LOAD ./rt-thread/components/drivers/misc/pin.o
LOAD ./rt-thread/components/drivers/ipc/completion.o
LOAD ./rt-thread/components/drivers/ipc/dataqueue.o
LOAD ./rt-thread/components/drivers/ipc/pipe.o
LOAD ./rt-thread/components/drivers/ipc/ringblk_buf.o
LOAD ./rt-thread/components/drivers/ipc/ringbuffer.o
LOAD ./rt-thread/components/drivers/ipc/waitqueue.o
LOAD ./rt-thread/components/drivers/ipc/workqueue.o
LOAD ./rt-thread/components/drivers/core/device.o
LOAD ./libraries/HAL_Drivers/drv_common.o
LOAD ./libraries/HAL_Drivers/drv_gpio.o
LOAD ./libraries/HAL_Drivers/drv_usart_v2.o
END GROUP
START GROUP
END GROUP
START GROUP
LOAD d:/renesas/rzn/e2studio_v2023-07_fsp_v1.3.0/toolchains/gcc_arm/arm-gnu-toolchain-12.2.rel1-mingw-w64-i686-arm-none-eabi/bin/../lib/gcc/arm-none-eabi/12.2.1/thumb/v7+fp/hard\libgcc.a
LOAD d:/renesas/rzn/e2studio_v2023-07_fsp_v1.3.0/toolchains/gcc_arm/arm-gnu-toolchain-12.2.rel1-mingw-w64-i686-arm-none-eabi/bin/../lib/gcc/arm-none-eabi/12.2.1/thumb/v7+fp/hard\libg_nano.a
LOAD d:/renesas/rzn/e2studio_v2023-07_fsp_v1.3.0/toolchains/gcc_arm/arm-gnu-toolchain-12.2.rel1-mingw-w64-i686-arm-none-eabi/bin/../lib/gcc/arm-none-eabi/12.2.1/thumb/v7+fp/hard\libc_nano.a
END GROUP
START GROUP
LOAD d:/renesas/rzn/e2studio_v2023-07_fsp_v1.3.0/toolchains/gcc_arm/arm-gnu-toolchain-12.2.rel1-mingw-w64-i686-arm-none-eabi/bin/../lib/gcc/arm-none-eabi/12.2.1/thumb/v7+fp/hard\libgcc.a
LOAD d:/renesas/rzn/e2studio_v2023-07_fsp_v1.3.0/toolchains/gcc_arm/arm-gnu-toolchain-12.2.rel1-mingw-w64-i686-arm-none-eabi/bin/../lib/gcc/arm-none-eabi/12.2.1/thumb/v7+fp/hard\libc_nano.a
LOAD d:/renesas/rzn/e2studio_v2023-07_fsp_v1.3.0/toolchains/gcc_arm/arm-gnu-toolchain-12.2.rel1-mingw-w64-i686-arm-none-eabi/bin/../lib/gcc/arm-none-eabi/12.2.1/thumb/v7+fp/hard\librdimon_nano.a
END GROUP
START GROUP
LOAD d:/renesas/rzn/e2studio_v2023-07_fsp_v1.3.0/toolchains/gcc_arm/arm-gnu-toolchain-12.2.rel1-mingw-w64-i686-arm-none-eabi/bin/../lib/gcc/arm-none-eabi/12.2.1/thumb/v7+fp/hard\libgcc.a
LOAD d:/renesas/rzn/e2studio_v2023-07_fsp_v1.3.0/toolchains/gcc_arm/arm-gnu-toolchain-12.2.rel1-mingw-w64-i686-arm-none-eabi/bin/../lib/gcc/arm-none-eabi/12.2.1/thumb/v7+fp/hard\libc_nano.a
LOAD d:/renesas/rzn/e2studio_v2023-07_fsp_v1.3.0/toolchains/gcc_arm/arm-gnu-toolchain-12.2.rel1-mingw-w64-i686-arm-none-eabi/bin/../lib/gcc/arm-none-eabi/12.2.1/thumb/v7+fp/hard\librdimon_nano.a
END GROUP
                0x00000000                ATCM_START = 0x0
                0x00020000                ATCM_LENGTH = 0x20000
                0x00100000                BTCM_START = 0x100000
                0x00020000                BTCM_LENGTH = 0x20000
                0x10000000                SYSTEM_RAM_START = 0x10000000
                0x00180000                SYSTEM_RAM_LENGTH = 0x180000
                0x30000000                SYSTEM_RAM_MIRROR_START = 0x30000000
                0x00180000                SYSTEM_RAM_MIRROR_LENGTH = 0x180000
                0x40000000                xSPI0_CS0_SPACE_MIRROR_START = 0x40000000
                0x04000000                xSPI0_CS0_SPACE_MIRROR_LENGTH = 0x4000000
                0x44000000                xSPI0_CS1_SPACE_MIRROR_START = 0x44000000
                0x04000000                xSPI0_CS1_SPACE_MIRROR_LENGTH = 0x4000000
                0x48000000                xSPI1_CS0_SPACE_MIRROR_START = 0x48000000
                0x04000000                xSPI1_CS0_SPACE_MIRROR_LENGTH = 0x4000000
                0x50000000                CS0_SPACE_MIRROR_START = 0x50000000
                0x04000000                CS0_SPACE_MIRROR_LENGTH = 0x4000000
                0x54000000                CS2_SPACE_MIRROR_START = 0x54000000
                0x04000000                CS2_SPACE_MIRROR_LENGTH = 0x4000000
                0x58000000                CS3_SPACE_MIRROR_START = 0x58000000
                0x04000000                CS3_SPACE_MIRROR_LENGTH = 0x4000000
                0x5c000000                CS5_SPACE_MIRROR_START = 0x5c000000
                0x04000000                CS5_SPACE_MIRROR_LENGTH = 0x4000000
                0x60000000                xSPI0_CS0_SPACE_START = 0x60000000
                0x04000000                xSPI0_CS0_SPACE_LENGTH = 0x4000000
                0x64000000                xSPI0_CS1_SPACE_START = 0x64000000
                0x04000000                xSPI0_CS1_SPACE_LENGTH = 0x4000000
                0x68000000                xSPI1_CS0_SPACE_START = 0x68000000
                0x04000000                xSPI1_CS0_SPACE_LENGTH = 0x4000000
                0x70000000                CS0_SPACE_START = 0x70000000
                0x04000000                CS0_SPACE_LENGTH = 0x4000000
                0x74000000                CS2_SPACE_START = 0x74000000
                0x04000000                CS2_SPACE_LENGTH = 0x4000000
                0x78000000                CS3_SPACE_START = 0x78000000
                0x04000000                CS3_SPACE_LENGTH = 0x4000000
                0x7c000000                CS5_SPACE_START = 0x7c000000
                0x04000000                CS5_SPACE_LENGTH = 0x4000000
                0x00000000                ATCM_PRV_START = DEFINED (ATCM_START)?ATCM_START:0x0
                0x00020000                ATCM_PRV_LENGTH = DEFINED (ATCM_LENGTH)?ATCM_LENGTH:0x0
                0x00100000                BTCM_PRV_START = DEFINED (BTCM_START)?BTCM_START:0x0
                0x00020000                BTCM_PRV_LENGTH = DEFINED (BTCM_LENGTH)?BTCM_LENGTH:0x0
                0x10000000                SYSTEM_RAM_PRV_START = DEFINED (SYSTEM_RAM_START)?SYSTEM_RAM_START:0x0
                0x00180000                SYSTEM_RAM_PRV_LENGTH = DEFINED (SYSTEM_RAM_LENGTH)?SYSTEM_RAM_LENGTH:0x0
                0x30000000                SYSTEM_RAM_MIRROR_PRV_START = DEFINED (SYSTEM_RAM_MIRROR_START)?SYSTEM_RAM_MIRROR_START:0x0
                0x00180000                SYSTEM_RAM_MIRROR_PRV_LENGTH = DEFINED (SYSTEM_RAM_MIRROR_LENGTH)?SYSTEM_RAM_MIRROR_LENGTH:0x0
                0x40000000                xSPI0_CS0_SPACE_MIRROR_PRV_START = DEFINED (xSPI0_CS0_SPACE_MIRROR_START)?xSPI0_CS0_SPACE_MIRROR_START:0x0
                0x04000000                xSPI0_CS0_SPACE_MIRROR_PRV_LENGTH = DEFINED (xSPI0_CS0_SPACE_MIRROR_LENGTH)?xSPI0_CS0_SPACE_MIRROR_LENGTH:0x0
                0x44000000                xSPI0_CS1_SPACE_MIRROR_PRV_START = DEFINED (xSPI0_CS1_SPACE_MIRROR_START)?xSPI0_CS1_SPACE_MIRROR_START:0x0
                0x04000000                xSPI0_CS1_SPACE_MIRROR_PRV_LENGTH = DEFINED (xSPI0_CS1_SPACE_MIRROR_LENGTH)?xSPI0_CS1_SPACE_MIRROR_LENGTH:0x0
                0x48000000                xSPI1_CS0_SPACE_MIRROR_PRV_START = DEFINED (xSPI1_CS0_SPACE_MIRROR_START)?xSPI1_CS0_SPACE_MIRROR_START:0x0
                0x04000000                xSPI1_CS0_SPACE_MIRROR_PRV_LENGTH = DEFINED (xSPI1_CS0_SPACE_MIRROR_LENGTH)?xSPI1_CS0_SPACE_MIRROR_LENGTH:0x0
                0x00000000                xSPI1_CS1_SPACE_MIRROR_PRV_START = DEFINED (xSPI1_CS1_SPACE_MIRROR_START)?xSPI1_CS1_SPACE_MIRROR_START:0x0
                0x00000000                xSPI1_CS1_SPACE_MIRROR_PRV_LENGTH = DEFINED (xSPI1_CS1_SPACE_MIRROR_LENGTH)?xSPI1_CS1_SPACE_MIRROR_LENGTH:0x0
                0x50000000                CS0_SPACE_MIRROR_PRV_START = DEFINED (CS0_SPACE_MIRROR_START)?CS0_SPACE_MIRROR_START:0x0
                0x04000000                CS0_SPACE_MIRROR_PRV_LENGTH = DEFINED (CS0_SPACE_MIRROR_LENGTH)?CS0_SPACE_MIRROR_LENGTH:0x0
                0x54000000                CS2_SPACE_MIRROR_PRV_START = DEFINED (CS2_SPACE_MIRROR_START)?CS2_SPACE_MIRROR_START:0x0
                0x04000000                CS2_SPACE_MIRROR_PRV_LENGTH = DEFINED (CS2_SPACE_MIRROR_LENGTH)?CS2_SPACE_MIRROR_LENGTH:0x0
                0x58000000                CS3_SPACE_MIRROR_PRV_START = DEFINED (CS3_SPACE_MIRROR_START)?CS3_SPACE_MIRROR_START:0x0
                0x04000000                CS3_SPACE_MIRROR_PRV_LENGTH = DEFINED (CS3_SPACE_MIRROR_LENGTH)?CS3_SPACE_MIRROR_LENGTH:0x0
                0x5c000000                CS5_SPACE_MIRROR_PRV_START = DEFINED (CS5_SPACE_MIRROR_START)?CS5_SPACE_MIRROR_START:0x0
                0x04000000                CS5_SPACE_MIRROR_PRV_LENGTH = DEFINED (CS5_SPACE_MIRROR_LENGTH)?CS5_SPACE_MIRROR_LENGTH:0x0
                0x60000000                xSPI0_CS0_SPACE_PRV_START = DEFINED (xSPI0_CS0_SPACE_START)?xSPI0_CS0_SPACE_START:0x0
                0x04000000                xSPI0_CS0_SPACE_PRV_LENGTH = DEFINED (xSPI0_CS0_SPACE_LENGTH)?xSPI0_CS0_SPACE_LENGTH:0x0
                0x64000000                xSPI0_CS1_SPACE_PRV_START = DEFINED (xSPI0_CS1_SPACE_START)?xSPI0_CS1_SPACE_START:0x0
                0x04000000                xSPI0_CS1_SPACE_PRV_LENGTH = DEFINED (xSPI0_CS1_SPACE_LENGTH)?xSPI0_CS1_SPACE_LENGTH:0x0
                0x68000000                xSPI1_CS0_SPACE_PRV_START = DEFINED (xSPI1_CS0_SPACE_START)?xSPI1_CS0_SPACE_START:0x0
                0x04000000                xSPI1_CS0_SPACE_PRV_LENGTH = DEFINED (xSPI1_CS0_SPACE_LENGTH)?xSPI1_CS0_SPACE_LENGTH:0x0
                0x00000000                xSPI1_CS1_SPACE_PRV_START = DEFINED (xSPI1_CS1_SPACE_START)?xSPI1_CS1_SPACE_START:0x0
                0x00000000                xSPI1_CS1_SPACE_PRV_LENGTH = DEFINED (xSPI1_CS1_SPACE_LENGTH)?xSPI1_CS1_SPACE_LENGTH:0x0
                0x70000000                CS0_SPACE_PRV_START = DEFINED (CS0_SPACE_START)?CS0_SPACE_START:0x0
                0x04000000                CS0_SPACE_PRV_LENGTH = DEFINED (CS0_SPACE_LENGTH)?CS0_SPACE_LENGTH:0x0
                0x74000000                CS2_SPACE_PRV_START = DEFINED (CS2_SPACE_START)?CS2_SPACE_START:0x0
                0x04000000                CS2_SPACE_PRV_LENGTH = DEFINED (CS2_SPACE_LENGTH)?CS2_SPACE_LENGTH:0x0
                0x78000000                CS3_SPACE_PRV_START = DEFINED (CS3_SPACE_START)?CS3_SPACE_START:0x0
                0x04000000                CS3_SPACE_PRV_LENGTH = DEFINED (CS3_SPACE_LENGTH)?CS3_SPACE_LENGTH:0x0
                0x7c000000                CS5_SPACE_PRV_START = DEFINED (CS5_SPACE_START)?CS5_SPACE_START:0x0
                0x04000000                CS5_SPACE_PRV_LENGTH = DEFINED (CS5_SPACE_LENGTH)?CS5_SPACE_LENGTH:0x0
                0x3013c000                DMAC_LINK_MODE_START = DEFINED (SYSTEM_RAM_MIRROR_START)?((SYSTEM_RAM_MIRROR_START + SYSTEM_RAM_MIRROR_LENGTH) - 0x44000):0x0
                0x30140000                SHARED_NONCACHE_BUFFER_START = DEFINED (SYSTEM_RAM_MIRROR_START)?((SYSTEM_RAM_MIRROR_START + SYSTEM_RAM_MIRROR_LENGTH) - 0x40000):0x0
                0x30160000                NONCACHE_BUFFER_START = DEFINED (SYSTEM_RAM_MIRROR_START)?((SYSTEM_RAM_MIRROR_START + SYSTEM_RAM_MIRROR_LENGTH) - 0x20000):0x0

.loader_text    0x00102000     0x117a
 *(.loader_text)
 .loader_text   0x00102000       0x60 ./rzn/fsp/src/bsp/cmsis/Device/RENESAS/Source/startup.o
                0x00102000                system_init
 */fsp/src/bsp/cmsis/Device/RENESAS/Source/*.o(.text*)
 .text.Default_Handler
                0x00102060        0x4 ./rzn/fsp/src/bsp/cmsis/Device/RENESAS/Source/startup.o
                0x00102060                Abort_Handler
                0x00102060                Reset_Handler
                0x00102060                Default_Handler
                0x00102060                Prefetch_Handler
                0x00102060                Reserved_Handler
                0x00102060                SVC_Handler
                0x00102060                FIQ_Handler
                0x00102060                Undefined_Handler
 .text.stack_init
                0x00102064       0x4c ./rzn/fsp/src/bsp/cmsis/Device/RENESAS/Source/startup.o
                0x00102064                stack_init
 .text.mpu_cache_init
                0x001020b0      0x270 ./rzn/fsp/src/bsp/cmsis/Device/RENESAS/Source/startup.o
                0x001020b0                mpu_cache_init
 .text.bsp_mpu_init
                0x00102320       0x20 ./rzn/fsp/src/bsp/cmsis/Device/RENESAS/Source/startup.o
                0x00102320                bsp_mpu_init
 .text.IRQ_Handler
                0x00102340       0x78 ./rzn/fsp/src/bsp/cmsis/Device/RENESAS/Source/startup.o
                0x00102340                IRQ_Handler
 .text.bsp_m_mpu_init
                0x001023b8      0x152 ./rzn/fsp/src/bsp/cmsis/Device/RENESAS/Source/system.o
                0x001023b8                bsp_m_mpu_init
 .text.bsp_global_system_counter_init
                0x0010250a       0x28 ./rzn/fsp/src/bsp/cmsis/Device/RENESAS/Source/system.o
                0x0010250a                bsp_global_system_counter_init
 .text.bsp_loader_data_init
                0x00102532        0x2 ./rzn/fsp/src/bsp/cmsis/Device/RENESAS/Source/system.o
                0x00102532                bsp_loader_data_init
 .text.bsp_bss_init_4byte
                0x00102534       0x1a ./rzn/fsp/src/bsp/cmsis/Device/RENESAS/Source/system.o
                0x00102534                bsp_bss_init_4byte
 .text.bsp_loader_bss_init
                0x0010254e       0x72 ./rzn/fsp/src/bsp/cmsis/Device/RENESAS/Source/system.o
                0x0010254e                bsp_loader_bss_init
 .text.bsp_tfu_init
                0x001025c0       0x44 ./rzn/fsp/src/bsp/cmsis/Device/RENESAS/Source/system.o
                0x001025c0                bsp_tfu_init
 .text.bsp_static_constructor_init
                0x00102604       0x5c ./rzn/fsp/src/bsp/cmsis/Device/RENESAS/Source/system.o
                0x00102604                bsp_static_constructor_init
 */fsp/src/bsp/mcu/all/bsp_clocks.o(.text*)
 .text.SystemCoreClockUpdate
                0x00102660       0x40 ./rzn/fsp/src/bsp/mcu/all/bsp_clocks.o
                0x00102660                SystemCoreClockUpdate
 .text.bsp_prv_clock_set_hard_reset
                0x001026a0       0x6e ./rzn/fsp/src/bsp/mcu/all/bsp_clocks.o
 .text.bsp_clock_init
                0x0010270e      0x1f0 ./rzn/fsp/src/bsp/mcu/all/bsp_clocks.o
                0x0010270e                bsp_clock_init
 */fsp/src/bsp/mcu/all/bsp_irq.o(.text*)
 .text.bsp_irq_cfg
                0x001028fe       0x5e ./rzn/fsp/src/bsp/mcu/all/bsp_irq.o
                0x001028fe                bsp_irq_cfg
 .text.bsp_common_interrupt_handler
                0x0010295c       0x78 ./rzn/fsp/src/bsp/mcu/all/bsp_irq.o
                0x0010295c                bsp_common_interrupt_handler
 */fsp/src/bsp/mcu/all/bsp_register_protection.o(.text*)
 .text.R_BSP_RegisterProtectEnable
                0x001029d4       0x74 ./rzn/fsp/src/bsp/mcu/all/bsp_register_protection.o
                0x001029d4                R_BSP_RegisterProtectEnable
 .text.R_BSP_RegisterProtectDisable
                0x00102a48       0x60 ./rzn/fsp/src/bsp/mcu/all/bsp_register_protection.o
                0x00102a48                R_BSP_RegisterProtectDisable
 */fsp/src/r_ioport/r_ioport.o(.text*)
 .text.R_BSP_PinRead
                0x00102aa8       0x44 ./rzn/fsp/src/r_ioport/r_ioport.o
 .text.R_BSP_PinAccessEnable
                0x00102aec       0x52 ./rzn/fsp/src/r_ioport/r_ioport.o
 .text.R_BSP_PinAccessDisable
                0x00102b3e       0x66 ./rzn/fsp/src/r_ioport/r_ioport.o
 .text.R_IOPORT_Close
                0x00102ba4        0x8 ./rzn/fsp/src/r_ioport/r_ioport.o
                0x00102ba4                R_IOPORT_Close
 .text.R_IOPORT_PinRead
                0x00102bac       0x10 ./rzn/fsp/src/r_ioport/r_ioport.o
                0x00102bac                R_IOPORT_PinRead
 .text.R_IOPORT_PortRead
                0x00102bbc       0x32 ./rzn/fsp/src/r_ioport/r_ioport.o
                0x00102bbc                R_IOPORT_PortRead
 .text.R_IOPORT_PortWrite
                0x00102bee       0x4e ./rzn/fsp/src/r_ioport/r_ioport.o
                0x00102bee                R_IOPORT_PortWrite
 .text.R_IOPORT_PinWrite
                0x00102c3c       0x4e ./rzn/fsp/src/r_ioport/r_ioport.o
                0x00102c3c                R_IOPORT_PinWrite
 .text.R_IOPORT_PortDirectionSet
                0x00102c8a       0x6e ./rzn/fsp/src/r_ioport/r_ioport.o
                0x00102c8a                R_IOPORT_PortDirectionSet
 .text.R_IOPORT_PortEventInputRead
                0x00102cf8       0x3a ./rzn/fsp/src/r_ioport/r_ioport.o
                0x00102cf8                R_IOPORT_PortEventInputRead
 .text.R_IOPORT_PinEventInputRead
                0x00102d32       0x46 ./rzn/fsp/src/r_ioport/r_ioport.o
                0x00102d32                R_IOPORT_PinEventInputRead
 .text.R_IOPORT_PortEventOutputWrite
                0x00102d78       0x46 ./rzn/fsp/src/r_ioport/r_ioport.o
                0x00102d78                R_IOPORT_PortEventOutputWrite
 .text.R_IOPORT_PinEventOutputWrite
                0x00102dbe       0x64 ./rzn/fsp/src/r_ioport/r_ioport.o
                0x00102dbe                R_IOPORT_PinEventOutputWrite
 .text.R_IOPORT_VersionGet
                0x00102e22       0x10 ./rzn/fsp/src/r_ioport/r_ioport.o
                0x00102e22                R_IOPORT_VersionGet
 .text.r_ioport_pin_set
                0x00102e32      0x174 ./rzn/fsp/src/r_ioport/r_ioport.o
 .text.r_ioport_pins_config
                0x00102fa6       0x28 ./rzn/fsp/src/r_ioport/r_ioport.o
 .text.R_IOPORT_PinsCfg
                0x00102fce        0xc ./rzn/fsp/src/r_ioport/r_ioport.o
                0x00102fce                R_IOPORT_PinsCfg
 .text.R_IOPORT_PinCfg
                0x00102fda       0x1e ./rzn/fsp/src/r_ioport/r_ioport.o
                0x00102fda                R_IOPORT_PinCfg
 .text.r_ioport_event_config
                0x00102ff8      0x162 ./rzn/fsp/src/r_ioport/r_ioport.o
 .text.R_IOPORT_Open
                0x0010315a       0x20 ./rzn/fsp/src/r_ioport/r_ioport.o
                0x0010315a                R_IOPORT_Open
 *(.warm_start)

.loader_dummy   0x0010317c        0x4
                0x0010317c                _loader_dummy_start = .
 *(.loader_dummy)
 .loader_dummy  0x0010317c        0x4 ./rzn/fsp/src/bsp/cmsis/Device/RENESAS/Source/startup.o
                0x00103180                _loader_dummy_end = .

.loader_data    0x00103180      0xa50
 */fsp/src/bsp/cmsis/Device/RENESAS/Source/*.o(.data*)
 */fsp/src/bsp/mcu/all/bsp_clocks.o(.data*)
 */fsp/src/bsp/mcu/all/bsp_irq.o(.data*)
 */fsp/src/bsp/mcu/all/bsp_register_protection.o(.data*)
 */fsp/src/r_ioport/r_ioport.o(.data*)
                0x00103180                . = ALIGN (0x4)
                0x00103180                __loader_bss_start = .
 */fsp/src/bsp/cmsis/Device/RENESAS/Source/*.o(.bss*)
 .bss.g_sgi_ppi_vector_table
                0x00103180       0x80 ./rzn/fsp/src/bsp/cmsis/Device/RENESAS/Source/system.o
                0x00103180                g_sgi_ppi_vector_table
 .bss.m_mpu8_endadd_cfg
                0x00103200       0x20 ./rzn/fsp/src/bsp/cmsis/Device/RENESAS/Source/system.o
                0x00103200                m_mpu8_endadd_cfg
 .bss.m_mpu7_endadd_cfg
                0x00103220       0x20 ./rzn/fsp/src/bsp/cmsis/Device/RENESAS/Source/system.o
                0x00103220                m_mpu7_endadd_cfg
 .bss.m_mpu6_endadd_cfg
                0x00103240       0x20 ./rzn/fsp/src/bsp/cmsis/Device/RENESAS/Source/system.o
                0x00103240                m_mpu6_endadd_cfg
 .bss.m_mpu4_endadd_cfg
                0x00103260       0x20 ./rzn/fsp/src/bsp/cmsis/Device/RENESAS/Source/system.o
                0x00103260                m_mpu4_endadd_cfg
 .bss.m_mpu3_endadd_cfg
                0x00103280       0x20 ./rzn/fsp/src/bsp/cmsis/Device/RENESAS/Source/system.o
                0x00103280                m_mpu3_endadd_cfg
 .bss.m_mpu2_endadd_cfg
                0x001032a0       0x20 ./rzn/fsp/src/bsp/cmsis/Device/RENESAS/Source/system.o
                0x001032a0                m_mpu2_endadd_cfg
 .bss.m_mpu1_endadd_cfg
                0x001032c0       0x20 ./rzn/fsp/src/bsp/cmsis/Device/RENESAS/Source/system.o
                0x001032c0                m_mpu1_endadd_cfg
 .bss.m_mpu0_endadd_cfg
                0x001032e0       0x20 ./rzn/fsp/src/bsp/cmsis/Device/RENESAS/Source/system.o
                0x001032e0                m_mpu0_endadd_cfg
 .bss.m_mpu8_stadd_cfg
                0x00103300       0x20 ./rzn/fsp/src/bsp/cmsis/Device/RENESAS/Source/system.o
                0x00103300                m_mpu8_stadd_cfg
 .bss.m_mpu7_stadd_cfg
                0x00103320       0x20 ./rzn/fsp/src/bsp/cmsis/Device/RENESAS/Source/system.o
                0x00103320                m_mpu7_stadd_cfg
 .bss.m_mpu6_stadd_cfg
                0x00103340       0x20 ./rzn/fsp/src/bsp/cmsis/Device/RENESAS/Source/system.o
                0x00103340                m_mpu6_stadd_cfg
 .bss.m_mpu4_stadd_cfg
                0x00103360       0x20 ./rzn/fsp/src/bsp/cmsis/Device/RENESAS/Source/system.o
                0x00103360                m_mpu4_stadd_cfg
 .bss.m_mpu3_stadd_cfg
                0x00103380       0x20 ./rzn/fsp/src/bsp/cmsis/Device/RENESAS/Source/system.o
                0x00103380                m_mpu3_stadd_cfg
 .bss.m_mpu2_stadd_cfg
                0x001033a0       0x20 ./rzn/fsp/src/bsp/cmsis/Device/RENESAS/Source/system.o
                0x001033a0                m_mpu2_stadd_cfg
 .bss.m_mpu1_stadd_cfg
                0x001033c0       0x20 ./rzn/fsp/src/bsp/cmsis/Device/RENESAS/Source/system.o
                0x001033c0                m_mpu1_stadd_cfg
 .bss.m_mpu0_stadd_cfg
                0x001033e0       0x20 ./rzn/fsp/src/bsp/cmsis/Device/RENESAS/Source/system.o
                0x001033e0                m_mpu0_stadd_cfg
 .bss.SystemCoreClock
                0x00103400        0x4 ./rzn/fsp/src/bsp/cmsis/Device/RENESAS/Source/system.o
                0x00103400                SystemCoreClock
 */fsp/src/bsp/mcu/all/bsp_clocks.o(.bss*)
 */fsp/src/bsp/mcu/all/bsp_irq.o(.bss*)
 .bss.g_current_interrupt_pointer
                0x00103404        0x1 ./rzn/fsp/src/bsp/mcu/all/bsp_irq.o
                0x00103404                g_current_interrupt_pointer
 *fill*         0x00103405        0x3 
 .bss.g_current_interrupt_num
                0x00103408       0x40 ./rzn/fsp/src/bsp/mcu/all/bsp_irq.o
                0x00103408                g_current_interrupt_num
 .bss.gp_renesas_isr_context
                0x00103448      0x780 ./rzn/fsp/src/bsp/mcu/all/bsp_irq.o
                0x00103448                gp_renesas_isr_context
 */fsp/src/bsp/mcu/all/bsp_register_protection.o(.bss*)
 .bss.g_protect_counters
                0x00103bc8        0x8 ./rzn/fsp/src/bsp/mcu/all/bsp_register_protection.o
                0x00103bc8                g_protect_counters
 */fsp/src/r_ioport/r_ioport.o(.bss*)
 */fsp/src/bsp/cmsis/Device/RENESAS/Source/*.o(COMMON)
 */fsp/src/bsp/mcu/all/bsp_clocks.o(COMMON)
 */fsp/src/bsp/mcu/all/bsp_irq.o(COMMON)
 */fsp/src/bsp/mcu/all/bsp_register_protection.o(.COMMON)
 */fsp/src/r_ioport/r_ioport.o(.COMMON)
                0x00103bd0                . = ALIGN (0x4)
                0x00103bd0                __loader_bss_end = .

.intvec         0x00000000       0x40
                0x00000000                _fvector_start = .
 *(.intvec)
 .intvec        0x00000000       0x40 ./rzn/fsp/src/bsp/cmsis/Device/RENESAS/Source/startup.o
                0x00000000                __Vectors
                0x00000040                _fvector_end = .

.text           0x00000100     0x4330
                0x00000100                _text_start = .
 *(.text*)
 .text.hal_entry
                0x00000100      0x10a ./src/hal_entry.o
                0x00000100                hal_entry
 .text.main     0x0000020a        0xa ./rzn_gen/main.o
                0x0000020a                main
 .text.R_BSP_IrqClearPending
                0x00000214       0x2c ./rzn/fsp/src/r_sci_uart/r_sci_uart.o
 .text.R_BSP_IrqCfg
                0x00000240       0xb4 ./rzn/fsp/src/r_sci_uart/r_sci_uart.o
 .text.R_BSP_IrqEnableNoClear
                0x000002f4       0x36 ./rzn/fsp/src/r_sci_uart/r_sci_uart.o
 .text.R_BSP_IrqDisable
                0x0000032a       0x34 ./rzn/fsp/src/r_sci_uart/r_sci_uart.o
 .text.R_SCI_UART_Read
                0x0000035e        0x8 ./rzn/fsp/src/r_sci_uart/r_sci_uart.o
                0x0000035e                R_SCI_UART_Read
 .text.R_SCI_UART_Write
                0x00000366       0x50 ./rzn/fsp/src/r_sci_uart/r_sci_uart.o
                0x00000366                R_SCI_UART_Write
 .text.R_SCI_UART_CallbackSet
                0x000003b6        0xa ./rzn/fsp/src/r_sci_uart/r_sci_uart.o
                0x000003b6                R_SCI_UART_CallbackSet
 .text.R_SCI_UART_InfoGet
                0x000003c0        0xc ./rzn/fsp/src/r_sci_uart/r_sci_uart.o
                0x000003c0                R_SCI_UART_InfoGet
 .text.R_SCI_UART_Abort
                0x000003cc       0x30 ./rzn/fsp/src/r_sci_uart/r_sci_uart.o
                0x000003cc                R_SCI_UART_Abort
 .text.R_SCI_UART_ReadStop
                0x000003fc        0xc ./rzn/fsp/src/r_sci_uart/r_sci_uart.o
                0x000003fc                R_SCI_UART_ReadStop
 .text.R_SCI_UART_VersionGet
                0x00000408       0x10 ./rzn/fsp/src/r_sci_uart/r_sci_uart.o
                0x00000408                R_SCI_UART_VersionGet
 .text.r_sci_irq_cfg
                0x00000418       0x1a ./rzn/fsp/src/r_sci_uart/r_sci_uart.o
 .text.r_sci_irqs_cfg
                0x00000432       0x36 ./rzn/fsp/src/r_sci_uart/r_sci_uart.o
 .text.r_sci_uart_baud_set
                0x00000468       0x1a ./rzn/fsp/src/r_sci_uart/r_sci_uart.o
 .text.r_sci_uart_config_set
                0x00000482       0xc0 ./rzn/fsp/src/r_sci_uart/r_sci_uart.o
 .text.R_SCI_UART_BaudSet
                0x00000542       0x50 ./rzn/fsp/src/r_sci_uart/r_sci_uart.o
                0x00000542                R_SCI_UART_BaudSet
 .text.r_sci_uart_call_callback
                0x00000592       0x46 ./rzn/fsp/src/r_sci_uart/r_sci_uart.o
 .text.sci_uart_txi_common
                0x000005d8       0x6a ./rzn/fsp/src/r_sci_uart/r_sci_uart.o
 .text.R_SCI_UART_Open
                0x00000642      0x356 ./rzn/fsp/src/r_sci_uart/r_sci_uart.o
                0x00000642                R_SCI_UART_Open
 .text.R_SCI_UART_Close
                0x00000998       0xba ./rzn/fsp/src/r_sci_uart/r_sci_uart.o
                0x00000998                R_SCI_UART_Close
 .text.sci_uart_rxi_common
                0x00000a52       0x4e ./rzn/fsp/src/r_sci_uart/r_sci_uart.o
 .text.sci_uart_txi_isr
                0x00000aa0       0x2c ./rzn/fsp/src/r_sci_uart/r_sci_uart.o
                0x00000aa0                sci_uart_txi_isr
 .text.sci_uart_rxi_isr
                0x00000acc       0x2c ./rzn/fsp/src/r_sci_uart/r_sci_uart.o
                0x00000acc                sci_uart_rxi_isr
 .text.sci_uart_tei_isr
                0x00000af8       0x48 ./rzn/fsp/src/r_sci_uart/r_sci_uart.o
                0x00000af8                sci_uart_tei_isr
 .text.sci_uart_eri_isr
                0x00000b40       0x7c ./rzn/fsp/src/r_sci_uart/r_sci_uart.o
                0x00000b40                sci_uart_eri_isr
 .text.bsp_prv_software_delay_loop
                0x00000bbc        0xa ./rzn/fsp/src/bsp/mcu/all/bsp_delay.o
                0x00000bbc                bsp_prv_software_delay_loop
 .text.R_BSP_SoftwareDelay
                0x00000bc6       0xca ./rzn/fsp/src/bsp/mcu/all/bsp_delay.o
                0x00000bc6                R_BSP_SoftwareDelay
 .text.rt_tick_get
                0x00000c90       0x18 ./rt-thread/src/clock.o
                0x00000c90                rt_tick_get
 .text.rt_thread_defunct_enqueue
                0x00000ca8       0x24 ./rt-thread/src/idle.o
                0x00000ca8                rt_thread_defunct_enqueue
 .text._ipc_list_suspend
                0x00000ccc       0xac ./rt-thread/src/ipc.o
 .text._thread_update_priority
                0x00000d78       0xb4 ./rt-thread/src/ipc.o
 .text._rt_mutex_take
                0x00000e2c      0x2e8 ./rt-thread/src/ipc.o
 .text.rt_sem_release
                0x00001114       0xa2 ./rt-thread/src/ipc.o
                0x00001114                rt_sem_release
 .text.rt_mutex_drop_thread
                0x000011b6       0xc8 ./rt-thread/src/ipc.o
                0x000011b6                rt_mutex_drop_thread
 .text.rt_mutex_take
                0x0000127e        0xa ./rt-thread/src/ipc.o
                0x0000127e                rt_mutex_take
 .text.rt_mutex_release
                0x00001288      0x1e6 ./rt-thread/src/ipc.o
                0x00001288                rt_mutex_release
 .text.rt_soft_atomic_add
                0x0000146e       0x1a ./rt-thread/src/irq.o
 .text.rt_soft_atomic_sub
                0x00001488       0x1a ./rt-thread/src/irq.o
 .text.rt_interrupt_enter
                0x000014a2       0x20 ./rt-thread/src/irq.o
                0x000014a2                rt_interrupt_enter
 .text.rt_interrupt_leave
                0x000014c2       0x20 ./rt-thread/src/irq.o
                0x000014c2                rt_interrupt_leave
 .text.rt_interrupt_get_nest
                0x000014e2       0x18 ./rt-thread/src/irq.o
                0x000014e2                rt_interrupt_get_nest
 .text.rt_hw_interrupt_is_disabled
                0x000014fa        0x4 ./rt-thread/src/irq.o
                0x000014fa                rt_hw_interrupt_is_disabled
 .text.skip_atoi
                0x000014fe       0x28 ./rt-thread/src/kservice.o
 .text.print_number
                0x00001526      0x214 ./rt-thread/src/kservice.o
 .text._heap_lock
                0x0000173a       0x1e ./rt-thread/src/kservice.o
 .text.rt_set_errno
                0x00001758       0x2c ./rt-thread/src/kservice.o
                0x00001758                rt_set_errno
 .text.rt_vsnprintf
                0x00001784      0x384 ./rt-thread/src/kservice.o
                0x00001784                rt_vsnprintf
 .text.rt_console_get_device
                0x00001b08        0xc ./rt-thread/src/kservice.o
                0x00001b08                rt_console_get_device
 .text.rt_hw_console_output
                0x00001b14        0x2 ./rt-thread/src/kservice.o
                0x00001b14                rt_hw_console_output
 .text.rt_kprintf
                0x00001b16       0x5a ./rt-thread/src/kservice.o
                0x00001b16                rt_kprintf
 .text.rt_hw_backtrace_frame_unwind
                0x00001b70       0x34 ./rt-thread/src/kservice.o
                0x00001b70                rt_hw_backtrace_frame_unwind
 .text.rt_backtrace_frame
                0x00001ba4       0x44 ./rt-thread/src/kservice.o
                0x00001ba4                rt_backtrace_frame
 .text.rt_backtrace
                0x00001be8       0x28 ./rt-thread/src/kservice.o
                0x00001be8                rt_backtrace
 .text.__rt_ffs
                0x00001c10       0x58 ./rt-thread/src/kservice.o
                0x00001c10                __rt_ffs
 .text.rt_assert_handler
                0x00001c68       0x40 ./rt-thread/src/kservice.o
                0x00001c68                rt_assert_handler
 .text._heap_unlock
                0x00001ca8       0x32 ./rt-thread/src/kservice.o
 .text.rt_malloc
                0x00001cda       0x3c ./rt-thread/src/kservice.o
                0x00001cda                rt_malloc
 .text.rt_free  0x00001d16       0x30 ./rt-thread/src/kservice.o
                0x00001d16                rt_free
 .text.plug_holes
                0x00001d46       0xa2 ./rt-thread/src/mem.o
 .text.rt_smem_alloc
                0x00001de8      0x1b2 ./rt-thread/src/mem.o
                0x00001de8                rt_smem_alloc
 .text.rt_smem_free
                0x00001f9a      0x132 ./rt-thread/src/mem.o
                0x00001f9a                rt_smem_free
 .text.rt_object_get_information
                0x000020cc       0x34 ./rt-thread/src/object.o
                0x000020cc                rt_object_get_information
 .text.rt_object_detach
                0x00002100       0x72 ./rt-thread/src/object.o
                0x00002100                rt_object_detach
 .text.rt_object_is_systemobject
                0x00002172       0x30 ./rt-thread/src/object.o
                0x00002172                rt_object_is_systemobject
 .text.rt_object_get_type
                0x000021a2       0x28 ./rt-thread/src/object.o
                0x000021a2                rt_object_get_type
 .text._scheduler_get_highest_priority_thread
                0x000021ca       0x26 ./rt-thread/src/scheduler_up.o
 .text._scheduler_stack_check
                0x000021f0       0x62 ./rt-thread/src/scheduler_up.o
 .text.rt_schedule_insert_thread
                0x00002252       0xb8 ./rt-thread/src/scheduler_up.o
                0x00002252                rt_schedule_insert_thread
 .text.rt_schedule_remove_thread
                0x0000230a       0x68 ./rt-thread/src/scheduler_up.o
                0x0000230a                rt_schedule_remove_thread
 .text.rt_schedule
                0x00002372      0x140 ./rt-thread/src/scheduler_up.o
                0x00002372                rt_schedule
 .text.rt_enter_critical
                0x000024b2       0x1a ./rt-thread/src/scheduler_up.o
                0x000024b2                rt_enter_critical
 .text.rt_exit_critical
                0x000024cc       0x3e ./rt-thread/src/scheduler_up.o
                0x000024cc                rt_exit_critical
 .text.rt_critical_level
                0x0000250a        0xc ./rt-thread/src/scheduler_up.o
                0x0000250a                rt_critical_level
 .text.rt_thread_set_suspend_state
                0x00002516       0x62 ./rt-thread/src/thread.o
 .text._free_owned_mutex
                0x00002578       0x1e ./rt-thread/src/thread.o
 .text.rt_thread_self
                0x00002596        0xc ./rt-thread/src/thread.o
                0x00002596                rt_thread_self
 .text.rt_thread_detach
                0x000025a2       0xd2 ./rt-thread/src/thread.o
                0x000025a2                rt_thread_detach
 .text.rt_thread_delete
                0x00002674       0xd2 ./rt-thread/src/thread.o
                0x00002674                rt_thread_delete
 .text.rt_thread_suspend_with_flag
                0x00002746       0xec ./rt-thread/src/thread.o
                0x00002746                rt_thread_suspend_with_flag
 .text.rt_thread_resume
                0x00002832       0x9c ./rt-thread/src/thread.o
                0x00002832                rt_thread_resume
 .text.rt_thread_startup
                0x000028ce       0x8c ./rt-thread/src/thread.o
                0x000028ce                rt_thread_startup
 .text.rt_thread_control
                0x0000295a       0xd2 ./rt-thread/src/thread.o
                0x0000295a                rt_thread_control
 .text._timer_remove
                0x00002a2c       0x2a ./rt-thread/src/timer.o
 .text._timer_start
                0x00002a56       0xa2 ./rt-thread/src/timer.o
 .text.rt_timer_detach
                0x00002af8       0x8a ./rt-thread/src/timer.o
                0x00002af8                rt_timer_detach
 .text.rt_timer_start
                0x00002b82       0x90 ./rt-thread/src/timer.o
                0x00002b82                rt_timer_start
 .text.rt_timer_stop
                0x00002c12       0x84 ./rt-thread/src/timer.o
                0x00002c12                rt_timer_stop
 .text.rt_timer_control
                0x00002c96       0xd2 ./rt-thread/src/timer.o
                0x00002c96                rt_timer_control
 .text          0x00002d68       0x58 ./rt-thread/libcpu/arm/cortex-r4/context_gcc.o
                0x00002d68                rt_hw_interrupt_disable
                0x00002d74                rt_hw_interrupt_enable
                0x00002d7c                rt_hw_context_switch
                0x00002da8                rt_hw_context_switch_to
                0x00002db8                rt_hw_context_switch_interrupt
 .text._malloc_r
                0x00002dc0       0x14 ./rt-thread/components/libc/compilers/newlib/syscalls.o
                0x00002dc0                _malloc_r
 .text._free_r  0x00002dd4        0xa ./rt-thread/components/libc/compilers/newlib/syscalls.o
                0x00002dd4                _free_r
 .text._getpid_r
                0x00002dde        0x4 ./rt-thread/components/libc/compilers/newlib/syscalls.o
                0x00002dde                _getpid_r
 .text._close_r
                0x00002de2       0x42 ./rt-thread/components/libc/compilers/newlib/syscalls.o
                0x00002de2                _close_r
 .text._fstat_r
                0x00002e24        0xa ./rt-thread/components/libc/compilers/newlib/syscalls.o
                0x00002e24                _fstat_r
 .text._isatty_r
                0x00002e2e        0xc ./rt-thread/components/libc/compilers/newlib/syscalls.o
                0x00002e2e                _isatty_r
 .text._kill_r  0x00002e3a        0xa ./rt-thread/components/libc/compilers/newlib/syscalls.o
                0x00002e3a                _kill_r
 .text._lseek_r
                0x00002e44       0x42 ./rt-thread/components/libc/compilers/newlib/syscalls.o
                0x00002e44                _lseek_r
 .text._read_r  0x00002e86       0x42 ./rt-thread/components/libc/compilers/newlib/syscalls.o
                0x00002e86                _read_r
 .text._write_r
                0x00002ec8       0x6e ./rt-thread/components/libc/compilers/newlib/syscalls.o
                0x00002ec8                _write_r
 .text._exit    0x00002f36        0x8 ./rt-thread/components/libc/compilers/newlib/syscalls.o
                0x00002f36                _exit
 .text.__rt_libc_exit
                0x00002f3e       0x40 ./rt-thread/components/libc/compilers/common/cstdlib.o
                0x00002f3e                __rt_libc_exit
 .text.rt_serial_get_linear_buffer
                0x00002f7e       0x4e ./rt-thread/components/drivers/serial/serial_v2.o
 .text.rt_serial_update_write_index
                0x00002fcc       0x98 ./rt-thread/components/drivers/serial/serial_v2.o
 .text.rt_serial_update_read_index
                0x00003064       0x72 ./rt-thread/components/drivers/serial/serial_v2.o
 .text.rt_hw_serial_isr
                0x000030d6      0x180 ./rt-thread/components/drivers/serial/serial_v2.o
                0x000030d6                rt_hw_serial_isr
 .text.rt_completion_done
                0x00003256       0x52 ./rt-thread/components/drivers/ipc/completion.o
                0x00003256                rt_completion_done
 .text.rt_ringbuffer_data_len
                0x000032a8       0x38 ./rt-thread/components/drivers/ipc/ringbuffer.o
                0x000032a8                rt_ringbuffer_data_len
 .text.rt_ringbuffer_putchar
                0x000032e0       0x74 ./rt-thread/components/drivers/ipc/ringbuffer.o
                0x000032e0                rt_ringbuffer_putchar
 .text.rt_device_write
                0x00003354       0x80 ./rt-thread/components/drivers/core/device.o
                0x00003354                rt_device_write
 .text.R_BSP_WarmStart
                0x000033d4       0x20 ./libraries/HAL_Drivers/drv_common.o
                0x000033d4                R_BSP_WarmStart
 .text.user_uart0_callback
                0x000033f4       0x52 ./libraries/HAL_Drivers/drv_usart_v2.o
                0x000033f4                user_uart0_callback
 *fill*         0x00003446        0x2 
 .text          0x00003448       0x30 d:/renesas/rzn/e2studio_v2023-07_fsp_v1.3.0/toolchains/gcc_arm/arm-gnu-toolchain-12.2.rel1-mingw-w64-i686-arm-none-eabi/bin/../lib/gcc/arm-none-eabi/12.2.1/thumb/v7+fp/hard\libgcc.a(_aeabi_uldivmod.o)
                0x00003448                __aeabi_uldivmod
 .text.__udivmoddi4
                0x00003478      0x108 d:/renesas/rzn/e2studio_v2023-07_fsp_v1.3.0/toolchains/gcc_arm/arm-gnu-toolchain-12.2.rel1-mingw-w64-i686-arm-none-eabi/bin/../lib/gcc/arm-none-eabi/12.2.1/thumb/v7+fp/hard\libgcc.a(_udivmoddi4.o)
                0x00003478                __udivmoddi4
 .text          0x00003580        0x4 d:/renesas/rzn/e2studio_v2023-07_fsp_v1.3.0/toolchains/gcc_arm/arm-gnu-toolchain-12.2.rel1-mingw-w64-i686-arm-none-eabi/bin/../lib/gcc/arm-none-eabi/12.2.1/thumb/v7+fp/hard\libgcc.a(_dvmd_tls.o)
                0x00003580                __aeabi_idiv0
                0x00003580                __aeabi_ldiv0
 .text.__assert_func
                0x00003584       0x3c d:/renesas/rzn/e2studio_v2023-07_fsp_v1.3.0/toolchains/gcc_arm/arm-gnu-toolchain-12.2.rel1-mingw-w64-i686-arm-none-eabi/bin/../lib/gcc/arm-none-eabi/12.2.1/thumb/v7+fp/hard\libg_nano.a(libc_a-assert.o)
                0x00003584                __assert_func
 .text.fprintf  0x000035c0       0x24 d:/renesas/rzn/e2studio_v2023-07_fsp_v1.3.0/toolchains/gcc_arm/arm-gnu-toolchain-12.2.rel1-mingw-w64-i686-arm-none-eabi/bin/../lib/gcc/arm-none-eabi/12.2.1/thumb/v7+fp/hard\libg_nano.a(libc_a-fprintf.o)
                0x000035c0                fiprintf
                0x000035c0                fprintf
 .text.memcpy   0x000035e4       0x1a d:/renesas/rzn/e2studio_v2023-07_fsp_v1.3.0/toolchains/gcc_arm/arm-gnu-toolchain-12.2.rel1-mingw-w64-i686-arm-none-eabi/bin/../lib/gcc/arm-none-eabi/12.2.1/thumb/v7+fp/hard\libg_nano.a(libc_a-memcpy-stub.o)
                0x000035e4                memcpy
 .text.abort    0x000035fe        0xe d:/renesas/rzn/e2studio_v2023-07_fsp_v1.3.0/toolchains/gcc_arm/arm-gnu-toolchain-12.2.rel1-mingw-w64-i686-arm-none-eabi/bin/../lib/gcc/arm-none-eabi/12.2.1/thumb/v7+fp/hard\libg_nano.a(libc_a-abort.o)
                0x000035fe                abort
 .text.__sfputc_r
                0x0000360c       0x2e d:/renesas/rzn/e2studio_v2023-07_fsp_v1.3.0/toolchains/gcc_arm/arm-gnu-toolchain-12.2.rel1-mingw-w64-i686-arm-none-eabi/bin/../lib/gcc/arm-none-eabi/12.2.1/thumb/v7+fp/hard\libg_nano.a(libc_a-nano-vfprintf.o)
 .text.__sfputs_r
                0x0000363a       0x24 d:/renesas/rzn/e2studio_v2023-07_fsp_v1.3.0/toolchains/gcc_arm/arm-gnu-toolchain-12.2.rel1-mingw-w64-i686-arm-none-eabi/bin/../lib/gcc/arm-none-eabi/12.2.1/thumb/v7+fp/hard\libg_nano.a(libc_a-nano-vfprintf.o)
                0x0000363a                __sfputs_r
 *fill*         0x0000365e        0x2 
 .text._vfprintf_r
                0x00003660      0x230 d:/renesas/rzn/e2studio_v2023-07_fsp_v1.3.0/toolchains/gcc_arm/arm-gnu-toolchain-12.2.rel1-mingw-w64-i686-arm-none-eabi/bin/../lib/gcc/arm-none-eabi/12.2.1/thumb/v7+fp/hard\libg_nano.a(libc_a-nano-vfprintf.o)
                0x00003660                _vfprintf_r
                0x00003660                _vfiprintf_r
 .text._printf_common
                0x00003890       0xe4 d:/renesas/rzn/e2studio_v2023-07_fsp_v1.3.0/toolchains/gcc_arm/arm-gnu-toolchain-12.2.rel1-mingw-w64-i686-arm-none-eabi/bin/../lib/gcc/arm-none-eabi/12.2.1/thumb/v7+fp/hard\libg_nano.a(libc_a-nano-vfprintf_i.o)
                0x00003890                _printf_common
 .text._printf_i
                0x00003974      0x260 d:/renesas/rzn/e2studio_v2023-07_fsp_v1.3.0/toolchains/gcc_arm/arm-gnu-toolchain-12.2.rel1-mingw-w64-i686-arm-none-eabi/bin/../lib/gcc/arm-none-eabi/12.2.1/thumb/v7+fp/hard\libg_nano.a(libc_a-nano-vfprintf_i.o)
                0x00003974                _printf_i
 .text.std      0x00003bd4       0x6c d:/renesas/rzn/e2studio_v2023-07_fsp_v1.3.0/toolchains/gcc_arm/arm-gnu-toolchain-12.2.rel1-mingw-w64-i686-arm-none-eabi/bin/../lib/gcc/arm-none-eabi/12.2.1/thumb/v7+fp/hard\libg_nano.a(libc_a-findfp.o)
 .text.stdio_exit_handler
                0x00003c40       0x18 d:/renesas/rzn/e2studio_v2023-07_fsp_v1.3.0/toolchains/gcc_arm/arm-gnu-toolchain-12.2.rel1-mingw-w64-i686-arm-none-eabi/bin/../lib/gcc/arm-none-eabi/12.2.1/thumb/v7+fp/hard\libg_nano.a(libc_a-findfp.o)
 .text.cleanup_stdio
                0x00003c58       0x40 d:/renesas/rzn/e2studio_v2023-07_fsp_v1.3.0/toolchains/gcc_arm/arm-gnu-toolchain-12.2.rel1-mingw-w64-i686-arm-none-eabi/bin/../lib/gcc/arm-none-eabi/12.2.1/thumb/v7+fp/hard\libg_nano.a(libc_a-findfp.o)
 .text.global_stdio_init.part.0
                0x00003c98       0x3c d:/renesas/rzn/e2studio_v2023-07_fsp_v1.3.0/toolchains/gcc_arm/arm-gnu-toolchain-12.2.rel1-mingw-w64-i686-arm-none-eabi/bin/../lib/gcc/arm-none-eabi/12.2.1/thumb/v7+fp/hard\libg_nano.a(libc_a-findfp.o)
 .text.__sfp_lock_acquire
                0x00003cd4        0xc d:/renesas/rzn/e2studio_v2023-07_fsp_v1.3.0/toolchains/gcc_arm/arm-gnu-toolchain-12.2.rel1-mingw-w64-i686-arm-none-eabi/bin/../lib/gcc/arm-none-eabi/12.2.1/thumb/v7+fp/hard\libg_nano.a(libc_a-findfp.o)
                0x00003cd4                __sfp_lock_acquire
 .text.__sfp_lock_release
                0x00003ce0        0xc d:/renesas/rzn/e2studio_v2023-07_fsp_v1.3.0/toolchains/gcc_arm/arm-gnu-toolchain-12.2.rel1-mingw-w64-i686-arm-none-eabi/bin/../lib/gcc/arm-none-eabi/12.2.1/thumb/v7+fp/hard\libg_nano.a(libc_a-findfp.o)
                0x00003ce0                __sfp_lock_release
 .text.__sinit  0x00003cec       0x30 d:/renesas/rzn/e2studio_v2023-07_fsp_v1.3.0/toolchains/gcc_arm/arm-gnu-toolchain-12.2.rel1-mingw-w64-i686-arm-none-eabi/bin/../lib/gcc/arm-none-eabi/12.2.1/thumb/v7+fp/hard\libg_nano.a(libc_a-findfp.o)
                0x00003cec                __sinit
 .text._fwalk_sglue
                0x00003d1c       0x3c d:/renesas/rzn/e2studio_v2023-07_fsp_v1.3.0/toolchains/gcc_arm/arm-gnu-toolchain-12.2.rel1-mingw-w64-i686-arm-none-eabi/bin/../lib/gcc/arm-none-eabi/12.2.1/thumb/v7+fp/hard\libg_nano.a(libc_a-fwalk.o)
                0x00003d1c                _fwalk_sglue
 .text.__sread  0x00003d58       0x22 d:/renesas/rzn/e2studio_v2023-07_fsp_v1.3.0/toolchains/gcc_arm/arm-gnu-toolchain-12.2.rel1-mingw-w64-i686-arm-none-eabi/bin/../lib/gcc/arm-none-eabi/12.2.1/thumb/v7+fp/hard\libg_nano.a(libc_a-stdio.o)
                0x00003d58                __sread
 .text.__swrite
                0x00003d7a       0x38 d:/renesas/rzn/e2studio_v2023-07_fsp_v1.3.0/toolchains/gcc_arm/arm-gnu-toolchain-12.2.rel1-mingw-w64-i686-arm-none-eabi/bin/../lib/gcc/arm-none-eabi/12.2.1/thumb/v7+fp/hard\libg_nano.a(libc_a-stdio.o)
                0x00003d7a                __swrite
 .text.__sseek  0x00003db2       0x24 d:/renesas/rzn/e2studio_v2023-07_fsp_v1.3.0/toolchains/gcc_arm/arm-gnu-toolchain-12.2.rel1-mingw-w64-i686-arm-none-eabi/bin/../lib/gcc/arm-none-eabi/12.2.1/thumb/v7+fp/hard\libg_nano.a(libc_a-stdio.o)
                0x00003db2                __sseek
 .text.__sclose
                0x00003dd6        0x8 d:/renesas/rzn/e2studio_v2023-07_fsp_v1.3.0/toolchains/gcc_arm/arm-gnu-toolchain-12.2.rel1-mingw-w64-i686-arm-none-eabi/bin/../lib/gcc/arm-none-eabi/12.2.1/thumb/v7+fp/hard\libg_nano.a(libc_a-stdio.o)
                0x00003dd6                __sclose
 .text.__swbuf_r
                0x00003dde       0x7c d:/renesas/rzn/e2studio_v2023-07_fsp_v1.3.0/toolchains/gcc_arm/arm-gnu-toolchain-12.2.rel1-mingw-w64-i686-arm-none-eabi/bin/../lib/gcc/arm-none-eabi/12.2.1/thumb/v7+fp/hard\libg_nano.a(libc_a-wbuf.o)
                0x00003dde                __swbuf_r
 *fill*         0x00003e5a        0x2 
 .text.__swsetup_r
                0x00003e5c       0xac d:/renesas/rzn/e2studio_v2023-07_fsp_v1.3.0/toolchains/gcc_arm/arm-gnu-toolchain-12.2.rel1-mingw-w64-i686-arm-none-eabi/bin/../lib/gcc/arm-none-eabi/12.2.1/thumb/v7+fp/hard\libg_nano.a(libc_a-wsetup.o)
                0x00003e5c                __swsetup_r
 .text.memset   0x00003f08       0x10 d:/renesas/rzn/e2studio_v2023-07_fsp_v1.3.0/toolchains/gcc_arm/arm-gnu-toolchain-12.2.rel1-mingw-w64-i686-arm-none-eabi/bin/../lib/gcc/arm-none-eabi/12.2.1/thumb/v7+fp/hard\libg_nano.a(libc_a-memset.o)
                0x00003f08                memset
 .text._raise_r
                0x00003f18       0x50 d:/renesas/rzn/e2studio_v2023-07_fsp_v1.3.0/toolchains/gcc_arm/arm-gnu-toolchain-12.2.rel1-mingw-w64-i686-arm-none-eabi/bin/../lib/gcc/arm-none-eabi/12.2.1/thumb/v7+fp/hard\libg_nano.a(libc_a-signal.o)
                0x00003f18                _raise_r
 .text.raise    0x00003f68       0x10 d:/renesas/rzn/e2studio_v2023-07_fsp_v1.3.0/toolchains/gcc_arm/arm-gnu-toolchain-12.2.rel1-mingw-w64-i686-arm-none-eabi/bin/../lib/gcc/arm-none-eabi/12.2.1/thumb/v7+fp/hard\libg_nano.a(libc_a-signal.o)
                0x00003f68                raise
 .text.__retarget_lock_init_recursive
                0x00003f78        0x2 d:/renesas/rzn/e2studio_v2023-07_fsp_v1.3.0/toolchains/gcc_arm/arm-gnu-toolchain-12.2.rel1-mingw-w64-i686-arm-none-eabi/bin/../lib/gcc/arm-none-eabi/12.2.1/thumb/v7+fp/hard\libg_nano.a(libc_a-lock.o)
                0x00003f78                __retarget_lock_init_recursive
 .text.__retarget_lock_acquire_recursive
                0x00003f7a        0x2 d:/renesas/rzn/e2studio_v2023-07_fsp_v1.3.0/toolchains/gcc_arm/arm-gnu-toolchain-12.2.rel1-mingw-w64-i686-arm-none-eabi/bin/../lib/gcc/arm-none-eabi/12.2.1/thumb/v7+fp/hard\libg_nano.a(libc_a-lock.o)
                0x00003f7a                __retarget_lock_acquire_recursive
 .text.__retarget_lock_release_recursive
                0x00003f7c        0x2 d:/renesas/rzn/e2studio_v2023-07_fsp_v1.3.0/toolchains/gcc_arm/arm-gnu-toolchain-12.2.rel1-mingw-w64-i686-arm-none-eabi/bin/../lib/gcc/arm-none-eabi/12.2.1/thumb/v7+fp/hard\libg_nano.a(libc_a-lock.o)
                0x00003f7c                __retarget_lock_release_recursive
 .text.memchr   0x00003f7e       0x1c d:/renesas/rzn/e2studio_v2023-07_fsp_v1.3.0/toolchains/gcc_arm/arm-gnu-toolchain-12.2.rel1-mingw-w64-i686-arm-none-eabi/bin/../lib/gcc/arm-none-eabi/12.2.1/thumb/v7+fp/hard\libg_nano.a(libc_a-memchr-stub.o)
                0x00003f7e                memchr
 .text.__sflush_r
                0x00003f9a      0x108 d:/renesas/rzn/e2studio_v2023-07_fsp_v1.3.0/toolchains/gcc_arm/arm-gnu-toolchain-12.2.rel1-mingw-w64-i686-arm-none-eabi/bin/../lib/gcc/arm-none-eabi/12.2.1/thumb/v7+fp/hard\libg_nano.a(libc_a-fflush.o)
                0x00003f9a                __sflush_r
 .text._fflush_r
                0x000040a2       0x50 d:/renesas/rzn/e2studio_v2023-07_fsp_v1.3.0/toolchains/gcc_arm/arm-gnu-toolchain-12.2.rel1-mingw-w64-i686-arm-none-eabi/bin/../lib/gcc/arm-none-eabi/12.2.1/thumb/v7+fp/hard\libg_nano.a(libc_a-fflush.o)
                0x000040a2                _fflush_r
 .text.__swhatbuf_r
                0x000040f2       0x4a d:/renesas/rzn/e2studio_v2023-07_fsp_v1.3.0/toolchains/gcc_arm/arm-gnu-toolchain-12.2.rel1-mingw-w64-i686-arm-none-eabi/bin/../lib/gcc/arm-none-eabi/12.2.1/thumb/v7+fp/hard\libg_nano.a(libc_a-makebuf.o)
                0x000040f2                __swhatbuf_r
 .text.__smakebuf_r
                0x0000413c       0x78 d:/renesas/rzn/e2studio_v2023-07_fsp_v1.3.0/toolchains/gcc_arm/arm-gnu-toolchain-12.2.rel1-mingw-w64-i686-arm-none-eabi/bin/../lib/gcc/arm-none-eabi/12.2.1/thumb/v7+fp/hard\libg_nano.a(libc_a-makebuf.o)
                0x0000413c                __smakebuf_r
 *fill*         0x000041b4        0x4 
 .text          0x000041b8      0x278 d:/renesas/rzn/e2studio_v2023-07_fsp_v1.3.0/toolchains/gcc_arm/arm-gnu-toolchain-12.2.rel1-mingw-w64-i686-arm-none-eabi/bin/../lib/gcc/arm-none-eabi/12.2.1/thumb/v7+fp/hard\libgcc.a(_udivsi3.o)
                0x000041b8                __aeabi_uidiv
                0x000041b8                __udivsi3
                0x00004414                __aeabi_uidivmod
 *(.init)
 *(.fini)
 *crtbegin.o(.ctors)
 *crtbegin?.o(.ctors)
 *(EXCLUDE_FILE(*crtend.o *crtend?.o) .ctors)
 *(SORT_BY_NAME(.ctors.*))
 *(.ctors)
                0x00004430                _ctor_end = .
 *crtbegin.o(.dtors)
 *crtbegin?.o(.dtors)
 *(EXCLUDE_FILE(*crtend.o *crtend?.o) .dtors)
 *(SORT_BY_NAME(.dtors.*))
 *(.dtors)
                0x00004430                _dtor_end = .
 *(.eh_frame*)

.glue_7         0x00004430        0x0
 .glue_7        0x00004430        0x0 linker stubs

.glue_7t        0x00004430        0x0
 .glue_7t       0x00004430        0x0 linker stubs

.vfp11_veneer   0x00004430        0x0
 .vfp11_veneer  0x00004430        0x0 linker stubs

.v4_bx          0x00004430        0x0
 .v4_bx         0x00004430        0x0 linker stubs

.iplt           0x00004430        0x0
 .iplt          0x00004430        0x0 ./src/hal_entry.o

.rvectors       0x00004430        0x0
                0x00004430                _rvectors_start = .
 *(.rvectors)
                0x00004430                _rvectors_end = .

.ARM.extab
 *(.ARM.extab* .gnu.linkonce.armextab.*)
                0x00004430                __exidx_start = .

.ARM.exidx      0x00004430        0x8
 *(.ARM.exidx* .gnu.linkonce.armexidx.*)
 .ARM.exidx.text.__udivmoddi4
                0x00004430        0x8 d:/renesas/rzn/e2studio_v2023-07_fsp_v1.3.0/toolchains/gcc_arm/arm-gnu-toolchain-12.2.rel1-mingw-w64-i686-arm-none-eabi/bin/../lib/gcc/arm-none-eabi/12.2.1/thumb/v7+fp/hard\libgcc.a(_udivmoddi4.o)
                0x00004438                __exidx_end = .

.rel.dyn        0x00004438        0x0
 .rel.iplt      0x00004438        0x0 ./src/hal_entry.o

.got            0x00004438        0x0
 *(.got)
 *(.got.plt)
                0x00004438                _text_end = .

.dummy          0x00004438        0x4
                0x00004438                _dummy_start = .
 *(.dummy)
 .dummy         0x00004438        0x4 ./rzn/fsp/src/bsp/cmsis/Device/RENESAS/Source/startup.o
                0x0000443c                _dummy_end = .

.data           0x0000443c     0x1c84
                0x0000443c                _data_start = .
 *(vtable)
 *(.data.*)
 .data.g_uart0_baud_setting
                0x0000443c        0x4 ./rzn_gen/hal_data.o
                0x0000443c                g_uart0_baud_setting
 .data._rt_thread_defunct
                0x00004440        0x8 ./rt-thread/src/idle.o
 .data._object_container
                0x00004448       0xc8 ./rt-thread/src/object.o
 .data._impure_ptr
                0x00004510        0x4 d:/renesas/rzn/e2studio_v2023-07_fsp_v1.3.0/toolchains/gcc_arm/arm-gnu-toolchain-12.2.rel1-mingw-w64-i686-arm-none-eabi/bin/../lib/gcc/arm-none-eabi/12.2.1/thumb/v7+fp/hard\libg_nano.a(libc_a-impure.o)
                0x00004510                _impure_ptr
 .data._impure_data
                0x00004514       0x4c d:/renesas/rzn/e2studio_v2023-07_fsp_v1.3.0/toolchains/gcc_arm/arm-gnu-toolchain-12.2.rel1-mingw-w64-i686-arm-none-eabi/bin/../lib/gcc/arm-none-eabi/12.2.1/thumb/v7+fp/hard\libg_nano.a(libc_a-impure.o)
                0x00004514                _impure_data
 .data.__sglue  0x00004560        0xc d:/renesas/rzn/e2studio_v2023-07_fsp_v1.3.0/toolchains/gcc_arm/arm-gnu-toolchain-12.2.rel1-mingw-w64-i686-arm-none-eabi/bin/../lib/gcc/arm-none-eabi/12.2.1/thumb/v7+fp/hard\libg_nano.a(libc_a-findfp.o)
                0x00004560                __sglue
 *(.data)
 *(.rodata*)
 .rodata.hal_entry.str1.4
                0x0000456c       0x47 ./src/hal_entry.o
 *fill*         0x000045b3        0x1 
 .rodata.__func__.0
                0x000045b4        0xa ./src/hal_entry.o
 *fill*         0x000045be        0x2 
 .rodata.g_ioport
                0x000045c0        0xc ./rzn_gen/common_data.o
                0x000045c0                g_ioport
 .rodata.g_ioport_cfg_extend
                0x000045cc       0x26 ./rzn_gen/common_data.o
                0x000045cc                g_ioport_cfg_extend
 *fill*         0x000045f2        0x2 
 .rodata.g_uart0
                0x000045f4        0xc ./rzn_gen/hal_data.o
                0x000045f4                g_uart0
 .rodata.g_uart0_cfg
                0x00004600       0x28 ./rzn_gen/hal_data.o
                0x00004600                g_uart0_cfg
 .rodata.g_uart0_cfg_extend
                0x00004628       0x10 ./rzn_gen/hal_data.o
                0x00004628                g_uart0_cfg_extend
 .rodata.g_bsp_pin_cfg
                0x00004638        0xc ./rzn_gen/pin_data.o
                0x00004638                g_bsp_pin_cfg
 .rodata.g_bsp_pin_cfg_data
                0x00004644      0x310 ./rzn_gen/pin_data.o
                0x00004644                g_bsp_pin_cfg_data
 .rodata.g_vector_table
                0x00004954      0x700 ./rzn_gen/vector_data.o
                0x00004954                g_vector_table
 .rodata.g_uart_on_sci
                0x00005054       0x28 ./rzn/fsp/src/r_sci_uart/r_sci_uart.o
                0x00005054                g_uart_on_sci
 .rodata.g_ioport_on_ioport
                0x0000507c       0x38 ./rzn/fsp/src/r_ioport/r_ioport.o
                0x0000507c                g_ioport_on_ioport
 .rodata.BSP_PRV_GICD_ICFGR_INIT
                0x000050b4       0x70 ./rzn/fsp/src/bsp/mcu/all/bsp_irq.o
 .rodata.g_prcr_masks
                0x00005124        0x8 ./rzn/fsp/src/bsp/mcu/all/bsp_register_protection.o
 .rodata.g_bsp_leds
                0x0000512c        0x8 ./rzn/board/rzn2l_rsk/board_leds.o
                0x0000512c                g_bsp_leds
 .rodata.g_bsp_prv_leds
                0x00005134        0x8 ./rzn/board/rzn2l_rsk/board_leds.o
 .rodata._ipc_list_suspend.str1.4
                0x0000513c        0x2 ./rt-thread/src/ipc.o
 *fill*         0x0000513e        0x2 
 .rodata._rt_sem_take.str1.4
                0x00005140      0x10b ./rt-thread/src/ipc.o
 *fill*         0x0000524b        0x1 
 .rodata._rt_mutex_take.str1.4
                0x0000524c       0x6f ./rt-thread/src/ipc.o
 *fill*         0x000052bb        0x1 
 .rodata.rt_mutex_drop_thread.str1.4
                0x000052bc       0x12 ./rt-thread/src/ipc.o
 *fill*         0x000052ce        0x2 
 .rodata.__FUNCTION__.24
                0x000052d0       0x11 ./rt-thread/src/ipc.o
 *fill*         0x000052e1        0x3 
 .rodata.__FUNCTION__.25
                0x000052e4        0xf ./rt-thread/src/ipc.o
 *fill*         0x000052f3        0x1 
 .rodata.__FUNCTION__.29
                0x000052f4       0x15 ./rt-thread/src/ipc.o
 *fill*         0x00005309        0x3 
 .rodata.__FUNCTION__.33
                0x0000530c        0xf ./rt-thread/src/ipc.o
 *fill*         0x0000531b        0x1 
 .rodata.__FUNCTION__.34
                0x0000531c       0x12 ./rt-thread/src/ipc.o
 *fill*         0x0000532e        0x2 
 .rodata.rt_vsnprintf.str1.4
                0x00005330        0x7 ./rt-thread/src/kservice.o
 *fill*         0x00005337        0x1 
 .rodata.rt_hw_us_delay.str1.4
                0x00005338       0x92 ./rt-thread/src/kservice.o
 *fill*         0x000053ca        0x2 
 .rodata.rt_hw_backtrace_frame_get.str1.4
                0x000053cc       0x16 ./rt-thread/src/kservice.o
 *fill*         0x000053e2        0x2 
 .rodata.rt_backtrace_frame.str1.4
                0x000053e4       0x3b ./rt-thread/src/kservice.o
                                 0x3e (size before relaxing)
 *fill*         0x0000541f        0x1 
 .rodata.rt_assert_handler.str1.4
                0x00005420       0x37 ./rt-thread/src/kservice.o
 *fill*         0x00005457        0x1 
 .rodata._heap_unlock.str1.4
                0x00005458       0x10 ./rt-thread/src/kservice.o
 .rodata.__FUNCTION__.0
                0x00005468        0xd ./rt-thread/src/kservice.o
 *fill*         0x00005475        0x3 
 .rodata.small_digits.3
                0x00005478       0x11 ./rt-thread/src/kservice.o
 *fill*         0x00005489        0x3 
 .rodata.large_digits.4
                0x0000548c       0x11 ./rt-thread/src/kservice.o
 *fill*         0x0000549d        0x3 
 .rodata.__func__.5
                0x000054a0       0x1d ./rt-thread/src/kservice.o
 *fill*         0x000054bd        0x3 
 .rodata.__lowest_bit_bitmap
                0x000054c0      0x100 ./rt-thread/src/kservice.o
                0x000054c0                __lowest_bit_bitmap
 .rodata.plug_holes.str1.4
                0x000055c0       0x52 ./rt-thread/src/mem.o
 *fill*         0x00005612        0x2 
 .rodata.rt_smem_detach.str1.4
                0x00005614       0x62 ./rt-thread/src/mem.o
                                 0x72 (size before relaxing)
 *fill*         0x00005676        0x2 
 .rodata.rt_smem_alloc.str1.4
                0x00005678      0x11b ./rt-thread/src/mem.o
 *fill*         0x00005793        0x1 
 .rodata.rt_smem_free.str1.4
                0x00005794      0x183 ./rt-thread/src/mem.o
 *fill*         0x00005917        0x1 
 .rodata.__FUNCTION__.0
                0x00005918        0xd ./rt-thread/src/mem.o
 *fill*         0x00005925        0x3 
 .rodata.__FUNCTION__.1
                0x00005928        0xb ./rt-thread/src/mem.o
 *fill*         0x00005933        0x1 
 .rodata.__FUNCTION__.3
                0x00005934        0xe ./rt-thread/src/mem.o
 *fill*         0x00005942        0x2 
 .rodata.rt_object_init.str1.4
                0x00005944       0x26 ./rt-thread/src/object.o
 *fill*         0x0000596a        0x2 
 .rodata.rt_object_detach.str1.4
                0x0000596c       0x12 ./rt-thread/src/object.o
 *fill*         0x0000597e        0x2 
 .rodata.__FUNCTION__.1
                0x00005980       0x13 ./rt-thread/src/object.o
 *fill*         0x00005993        0x1 
 .rodata.__FUNCTION__.2
                0x00005994       0x1a ./rt-thread/src/object.o
 *fill*         0x000059ae        0x2 
 .rodata.__FUNCTION__.5
                0x000059b0       0x11 ./rt-thread/src/object.o
 *fill*         0x000059c1        0x3 
 .rodata._scheduler_stack_check.str1.4
                0x000059c4       0x51 ./rt-thread/src/scheduler_up.o
                                 0x65 (size before relaxing)
 *fill*         0x00005a15        0x3 
 .rodata.__FUNCTION__.0
                0x00005a18       0x1a ./rt-thread/src/scheduler_up.o
 *fill*         0x00005a32        0x2 
 .rodata.__FUNCTION__.1
                0x00005a34       0x1a ./rt-thread/src/scheduler_up.o
 *fill*         0x00005a4e        0x2 
 .rodata.__FUNCTION__.2
                0x00005a50       0x17 ./rt-thread/src/scheduler_up.o
 .rodata.rt_thread_set_suspend_state.str1.4
                0x00005a67       0x16 ./rt-thread/src/thread.o
 *fill*         0x00005a67        0x1 
 .rodata._thread_timeout.str1.4
                0x00005a68       0x86 ./rt-thread/src/thread.o
 *fill*         0x00005aee        0x2 
 .rodata.rt_thread_detach.str1.4
                0x00005af0       0x2f ./rt-thread/src/thread.o
 *fill*         0x00005b1f        0x1 
 .rodata.rt_thread_delete.str1.4
                0x00005b20       0x3b ./rt-thread/src/thread.o
 *fill*         0x00005b5b        0x1 
 .rodata.rt_thread_suspend_with_flag.str1.4
                0x00005b5c       0x1b ./rt-thread/src/thread.o
 *fill*         0x00005b77        0x1 
 .rodata.rt_thread_startup.str1.4
                0x00005b78       0x37 ./rt-thread/src/thread.o
 *fill*         0x00005baf        0x1 
 .rodata.__FUNCTION__.0
                0x00005bb0       0x11 ./rt-thread/src/thread.o
 *fill*         0x00005bc1        0x3 
 .rodata.__FUNCTION__.1
                0x00005bc4       0x1c ./rt-thread/src/thread.o
 .rodata.__FUNCTION__.2
                0x00005be0       0x1c ./rt-thread/src/thread.o
 .rodata.__FUNCTION__.3
                0x00005bfc       0x12 ./rt-thread/src/thread.o
 *fill*         0x00005c0e        0x2 
 .rodata.__FUNCTION__.6
                0x00005c10       0x11 ./rt-thread/src/thread.o
 *fill*         0x00005c21        0x3 
 .rodata.__FUNCTION__.7
                0x00005c24       0x11 ./rt-thread/src/thread.o
 *fill*         0x00005c35        0x3 
 .rodata.__FUNCTION__.8
                0x00005c38       0x12 ./rt-thread/src/thread.o
 *fill*         0x00005c4a        0x2 
 .rodata.rt_timer_init.str1.4
                0x00005c4c       0x3f ./rt-thread/src/timer.o
 *fill*         0x00005c8b        0x1 
 .rodata.rt_timer_detach.str1.4
                0x00005c8c       0x66 ./rt-thread/src/timer.o
 *fill*         0x00005cf2        0x2 
 .rodata.rt_timer_control.str1.4
                0x00005cf4       0x26 ./rt-thread/src/timer.o
 *fill*         0x00005d1a        0x2 
 .rodata.__FUNCTION__.0
                0x00005d1c       0x11 ./rt-thread/src/timer.o
 *fill*         0x00005d2d        0x3 
 .rodata.__FUNCTION__.1
                0x00005d30        0xe ./rt-thread/src/timer.o
 *fill*         0x00005d3e        0x2 
 .rodata.__FUNCTION__.3
                0x00005d40        0xf ./rt-thread/src/timer.o
 *fill*         0x00005d4f        0x1 
 .rodata.__FUNCTION__.6
                0x00005d50       0x10 ./rt-thread/src/timer.o
 .rodata._close_r.str1.4
                0x00005d60       0x43 ./rt-thread/components/libc/compilers/newlib/syscalls.o
                                 0x4a (size before relaxing)
 *fill*         0x00005da3        0x1 
 .rodata.__func__.0
                0x00005da4        0x9 ./rt-thread/components/libc/compilers/newlib/syscalls.o
 *fill*         0x00005dad        0x3 
 .rodata.__func__.4
                0x00005db0        0x8 ./rt-thread/components/libc/compilers/newlib/syscalls.o
 .rodata.__func__.7
                0x00005db8        0x9 ./rt-thread/components/libc/compilers/newlib/syscalls.o
 *fill*         0x00005dc1        0x3 
 .rodata.__func__.8
                0x00005dc4        0x9 ./rt-thread/components/libc/compilers/newlib/syscalls.o
 *fill*         0x00005dcd        0x3 
 .rodata.__rt_libc_exit.str1.4
                0x00005dd0       0x27 ./rt-thread/components/libc/compilers/common/cstdlib.o
                                 0x2e (size before relaxing)
 *fill*         0x00005df7        0x1 
 .rodata._serial_poll_rx.str1.4
                0x00005df8       0x22 ./rt-thread/components/drivers/serial/serial_v2.o
 *fill*         0x00005e1a        0x2 
 .rodata.rt_serial_rx_disable.str1.4
                0x00005e1c       0x13 ./rt-thread/components/drivers/serial/serial_v2.o
 *fill*         0x00005e2f        0x1 
 .rodata.rt_serial_rx_enable.str1.4
                0x00005e30       0x47 ./rt-thread/components/drivers/serial/serial_v2.o
                                 0x4e (size before relaxing)
 *fill*         0x00005e77        0x1 
 .rodata.rt_serial_tx_enable.str1.4
                0x00005e78       0x47 ./rt-thread/components/drivers/serial/serial_v2.o
 *fill*         0x00005ebf        0x1 
 .rodata.rt_serial_get_linear_buffer.str1.4
                0x00005ec0        0xe ./rt-thread/components/drivers/serial/serial_v2.o
 *fill*         0x00005ece        0x2 
 .rodata.rt_serial_update_write_index.str1.4
                0x00005ed0       0x3c ./rt-thread/components/drivers/serial/serial_v2.o
 .rodata.__FUNCTION__.0
                0x00005f0c       0x1c ./rt-thread/components/drivers/serial/serial_v2.o
 .rodata.__FUNCTION__.1
                0x00005f28       0x1d ./rt-thread/components/drivers/serial/serial_v2.o
 *fill*         0x00005f45        0x3 
 .rodata.__FUNCTION__.2
                0x00005f48       0x11 ./rt-thread/components/drivers/serial/serial_v2.o
 *fill*         0x00005f59        0x3 
 .rodata.__FUNCTION__.6
                0x00005f5c       0x1c ./rt-thread/components/drivers/serial/serial_v2.o
 .rodata.rt_completion_init.str1.4
                0x00005f78       0x16 ./rt-thread/components/drivers/ipc/completion.o
 *fill*         0x00005f8e        0x2 
 .rodata.__FUNCTION__.0
                0x00005f90       0x13 ./rt-thread/components/drivers/ipc/completion.o
 *fill*         0x00005fa3        0x1 
 .rodata.rt_ringbuffer_init.str1.4
                0x00005fa4        0x9 ./rt-thread/components/drivers/ipc/ringbuffer.o
                                 0x19 (size before relaxing)
 *fill*         0x00005fad        0x3 
 .rodata.__FUNCTION__.5
                0x00005fb0       0x16 ./rt-thread/components/drivers/ipc/ringbuffer.o
 *fill*         0x00005fc6        0x2 
 .rodata.rt_device_unregister.str1.4
                0x00005fc8       0x64 ./rt-thread/components/drivers/core/device.o
                                 0x74 (size before relaxing)
 .rodata.__FUNCTION__.3
                0x0000602c       0x10 ./rt-thread/components/drivers/core/device.o
 .rodata.user_uart0_callback.str1.4
                0x0000603c       0x13 ./libraries/HAL_Drivers/drv_usart_v2.o
 .rodata.__FUNCTION__.4
                0x0000603c       0x14 ./libraries/HAL_Drivers/drv_usart_v2.o
 .rodata.__assert_func.str1.1
                0x00006050       0x3c d:/renesas/rzn/e2studio_v2023-07_fsp_v1.3.0/toolchains/gcc_arm/arm-gnu-toolchain-12.2.rel1-mingw-w64-i686-arm-none-eabi/bin/../lib/gcc/arm-none-eabi/12.2.1/thumb/v7+fp/hard\libg_nano.a(libc_a-assert.o)
                                 0x3d (size before relaxing)
 .rodata._vfprintf_r.str1.1
                0x0000608c       0x11 d:/renesas/rzn/e2studio_v2023-07_fsp_v1.3.0/toolchains/gcc_arm/arm-gnu-toolchain-12.2.rel1-mingw-w64-i686-arm-none-eabi/bin/../lib/gcc/arm-none-eabi/12.2.1/thumb/v7+fp/hard\libg_nano.a(libc_a-nano-vfprintf.o)
 .rodata._printf_i.str1.1
                0x0000609d       0x22 d:/renesas/rzn/e2studio_v2023-07_fsp_v1.3.0/toolchains/gcc_arm/arm-gnu-toolchain-12.2.rel1-mingw-w64-i686-arm-none-eabi/bin/../lib/gcc/arm-none-eabi/12.2.1/thumb/v7+fp/hard\libg_nano.a(libc_a-nano-vfprintf_i.o)
                0x000060bf                _erodata = .
                0x000060c0                . = ALIGN (0x4)
 *fill*         0x000060bf        0x1 
                0x000060c0                PROVIDE (__preinit_array_start = .)
 *(.preinit_array)
                0x000060c0                PROVIDE (__preinit_array_end = .)
                0x000060c0                . = ALIGN (0x4)
                0x000060c0                PROVIDE (__init_array_start = .)
 *(SORT_BY_NAME(.init_array.*))
 *(.init_array)
                0x000060c0                PROVIDE (__init_array_end = .)
                0x000060c0                . = ALIGN (0x4)
                [!provide]                PROVIDE (__fini_array_start = .)
 *(SORT_BY_NAME(.fini_array.*))
 *(.fini_array)
                [!provide]                PROVIDE (__fini_array_end = .)
 *(.jcr*)
                0x000060c0                . = ALIGN (0x4)
                0x000060c0                _data_end = .

.igot.plt       0x000060c0        0x0
 .igot.plt      0x000060c0        0x0 ./src/hal_entry.o

.bss            0x000060c0      0x428
                0x000060c0                . = ALIGN (0x4)
                0x000060c0                __bss_start__ = .
                0x000060c0                _bss = .
 *(.bss*)
 .bss.g_ioport_ctrl
                0x000060c0        0xc ./rzn_gen/common_data.o
                0x000060c0                g_ioport_ctrl
 .bss.g_uart0_ctrl
                0x000060cc       0x30 ./rzn_gen/hal_data.o
                0x000060cc                g_uart0_ctrl
 .bss.g_protect_port_counter
                0x000060fc        0x4 ./rzn/fsp/src/bsp/mcu/all/bsp_io.o
                0x000060fc                g_protect_port_counter
 .bss.rt_tick   0x00006100        0x4 ./rt-thread/src/clock.o
 .bss.rt_interrupt_nest
                0x00006104        0x4 ./rt-thread/src/irq.o
                0x00006104                rt_interrupt_nest
 .bss.rt_interrupt_leave_hook
                0x00006108        0x4 ./rt-thread/src/irq.o
 .bss.rt_interrupt_enter_hook
                0x0000610c        0x4 ./rt-thread/src/irq.o
 .bss.rt_log_buf.2
                0x00006110       0x80 ./rt-thread/src/kservice.o
 .bss.rt_assert_hook
                0x00006190        0x4 ./rt-thread/src/kservice.o
                0x00006190                rt_assert_hook
 .bss.system_heap
                0x00006194        0x4 ./rt-thread/src/kservice.o
 .bss._lock     0x00006198       0x30 ./rt-thread/src/kservice.o
 .bss.rt_free_hook
                0x000061c8        0x4 ./rt-thread/src/kservice.o
 .bss.rt_malloc_hook
                0x000061cc        0x4 ./rt-thread/src/kservice.o
 .bss._console_device
                0x000061d0        0x4 ./rt-thread/src/kservice.o
 .bss.__rt_errno
                0x000061d4        0x4 ./rt-thread/src/kservice.o
 .bss.rt_object_put_hook
                0x000061d8        0x4 ./rt-thread/src/object.o
                0x000061d8                rt_object_put_hook
 .bss.rt_object_take_hook
                0x000061dc        0x4 ./rt-thread/src/object.o
                0x000061dc                rt_object_take_hook
 .bss.rt_object_trytake_hook
                0x000061e0        0x4 ./rt-thread/src/object.o
                0x000061e0                rt_object_trytake_hook
 .bss.rt_object_detach_hook
                0x000061e4        0x4 ./rt-thread/src/object.o
 .bss.rt_scheduler_switch_hook
                0x000061e8        0x4 ./rt-thread/src/scheduler_up.o
 .bss.rt_scheduler_hook
                0x000061ec        0x4 ./rt-thread/src/scheduler_up.o
 .bss.rt_current_priority
                0x000061f0        0x1 ./rt-thread/src/scheduler_up.o
                0x000061f0                rt_current_priority
 *fill*         0x000061f1        0x3 
 .bss.rt_current_thread
                0x000061f4        0x4 ./rt-thread/src/scheduler_up.o
                0x000061f4                rt_current_thread
 .bss.rt_scheduler_lock_nest
                0x000061f8        0x2 ./rt-thread/src/scheduler_up.o
 *fill*         0x000061fa        0x2 
 .bss.rt_thread_ready_priority_group
                0x000061fc        0x4 ./rt-thread/src/scheduler_up.o
                0x000061fc                rt_thread_ready_priority_group
 .bss.rt_thread_priority_table
                0x00006200      0x100 ./rt-thread/src/scheduler_up.o
                0x00006200                rt_thread_priority_table
 .bss.rt_thread_resume_hook
                0x00006300        0x4 ./rt-thread/src/thread.o
 .bss.rt_thread_suspend_hook
                0x00006304        0x4 ./rt-thread/src/thread.o
 .bss.random_nr.2
                0x00006308        0x4 ./rt-thread/src/timer.o
 .bss._soft_timer_sem
                0x0000630c       0x24 ./rt-thread/src/timer.o
 .bss._soft_timer_list
                0x00006330        0x8 ./rt-thread/src/timer.o
 .bss._timer_list
                0x00006338        0x8 ./rt-thread/src/timer.o
 .bss.uart_obj  0x00006340       0x68 ./libraries/HAL_Drivers/drv_usart_v2.o
 .bss.__sf      0x000063a8      0x138 d:/renesas/rzn/e2studio_v2023-07_fsp_v1.3.0/toolchains/gcc_arm/arm-gnu-toolchain-12.2.rel1-mingw-w64-i686-arm-none-eabi/bin/../lib/gcc/arm-none-eabi/12.2.1/thumb/v7+fp/hard\libg_nano.a(libc_a-findfp.o)
                0x000063a8                __sf
 .bss.__stdio_exit_handler
                0x000064e0        0x4 d:/renesas/rzn/e2studio_v2023-07_fsp_v1.3.0/toolchains/gcc_arm/arm-gnu-toolchain-12.2.rel1-mingw-w64-i686-arm-none-eabi/bin/../lib/gcc/arm-none-eabi/12.2.1/thumb/v7+fp/hard\libg_nano.a(libc_a-findfp.o)
                0x000064e0                __stdio_exit_handler
 .bss.__lock___sfp_recursive_mutex
                0x000064e4        0x1 d:/renesas/rzn/e2studio_v2023-07_fsp_v1.3.0/toolchains/gcc_arm/arm-gnu-toolchain-12.2.rel1-mingw-w64-i686-arm-none-eabi/bin/../lib/gcc/arm-none-eabi/12.2.1/thumb/v7+fp/hard\libg_nano.a(libc_a-lock.o)
                0x000064e4                __lock___sfp_recursive_mutex
 *(COMMON)
                0x000064e8                . = ALIGN (0x4)
 *fill*         0x000064e5        0x3 
                0x000064e8                __bss_end__ = .
                0x000064e8                _ebss = .
                0x000064e8                _end = .

.heap           0x000064e8     0x2000
                0x000064e8                . = ALIGN (0x8)
                0x000064e8                __HeapBase = .
 *(.heap)
 .heap          0x000064e8     0x2000 ./rzn/fsp/src/bsp/cmsis/Device/RENESAS/Source/startup.o
                0x000084e8                __HeapLimit = .

.thread_stack   0x000084e8        0x0
                0x000084e8                . = ALIGN (0x8)
                0x000084e8                __ThreadStackBase = .
 *(.stack*)
                0x000084e8                __ThreadStackLimit = .

.sys_stack      0x00103bd0      0x400
                0x00103bd0                . = ALIGN (0x8)
                0x00103bd0                __SysStackBase = .
 *(.sys_stack)
 .sys_stack     0x00103bd0      0x400 ./rzn/fsp/src/bsp/cmsis/Device/RENESAS/Source/startup.o
                0x00103fd0                __SysStackLimit = .

.svc_stack      0x00103fd0      0x400
                0x00103fd0                . = ALIGN (0x8)
                0x00103fd0                __SvcStackBase = .
 *(.svc_stack)
 .svc_stack     0x00103fd0      0x400 ./rzn/fsp/src/bsp/cmsis/Device/RENESAS/Source/startup.o
                0x001043d0                __SvcStackLimit = .

.irq_stack      0x001043d0      0x400
                0x001043d0                . = ALIGN (0x8)
                0x001043d0                __IrqStackBase = .
 *(.irq_stack)
 .irq_stack     0x001043d0      0x400 ./rzn/fsp/src/bsp/cmsis/Device/RENESAS/Source/startup.o
                0x001047d0                __IrqStackLimit = .

.fiq_stack      0x001047d0      0x400
                0x001047d0                . = ALIGN (0x8)
                0x001047d0                __FiqStackBase = .
 *(.fiq_stack)
 .fiq_stack     0x001047d0      0x400 ./rzn/fsp/src/bsp/cmsis/Device/RENESAS/Source/startup.o
                0x00104bd0                __FiqStackLimit = .

.und_stack      0x00104bd0      0x400
                0x00104bd0                . = ALIGN (0x8)
                0x00104bd0                __UndStackBase = .
 *(.und_stack)
 .und_stack     0x00104bd0      0x400 ./rzn/fsp/src/bsp/cmsis/Device/RENESAS/Source/startup.o
                0x00104fd0                __UndStackLimit = .

.abt_stack      0x00104fd0      0x400
                0x00104fd0                . = ALIGN (0x8)
                0x00104fd0                __AbtStackBase = .
 *(.abt_stack)
 .abt_stack     0x00104fd0      0x400 ./rzn/fsp/src/bsp/cmsis/Device/RENESAS/Source/startup.o
                0x001053d0                __AbtStackLimit = .

.dmac_link_mode
                0x3013c000        0x0
                0x3013c000                . = ALIGN (0x4)
                0x3013c000                _DmacLinkMode_start = .
 *(.dmac_link_mode*)
                0x3013c000                _DmacLinkMode_end = .

.shared_noncache_buffer
                0x30140000        0x0
                0x30140000                . = ALIGN (0x20)
                0x30140000                _sncbuffer_start = .
 *(.shared_noncache_buffer*)
                0x30140000                _sncbuffer_end = .

.noncache_buffer
                0x30160000        0x0
                0x30160000                . = ALIGN (0x20)
                0x30160000                _ncbuffer_start = .
 *(.noncache_buffer*)
                0x30160000                _ncbuffer_end = .
OUTPUT(rsk_rzn2l_bsp.elf elf32-littlearm)
LOAD linker stubs

.debug_info     0x00000000    0x35720
 .debug_info    0x00000000     0x3430 ./src/hal_entry.o
 .debug_info    0x00003430     0x1396 ./rzn_gen/common_data.o
 .debug_info    0x000047c6     0x4e1d ./rzn_gen/hal_data.o
 .debug_info    0x000095e3       0xb0 ./rzn_gen/main.o
 .debug_info    0x00009693     0x1cd8 ./rzn_gen/pin_data.o
 .debug_info    0x0000b36b       0xda ./rzn_gen/vector_data.o
 .debug_info    0x0000b445     0x4b22 ./rzn/fsp/src/r_sci_uart/r_sci_uart.o
 .debug_info    0x0000ff67     0x2e48 ./rzn/fsp/src/r_ioport/r_ioport.o
 .debug_info    0x00012daf     0x126e ./rzn/fsp/src/bsp/mcu/all/bsp_clocks.o
 .debug_info    0x0001401d      0x1e5 ./rzn/fsp/src/bsp/mcu/all/bsp_delay.o
 .debug_info    0x00014202       0xb1 ./rzn/fsp/src/bsp/mcu/all/bsp_io.o
 .debug_info    0x000142b3      0x48d ./rzn/fsp/src/bsp/mcu/all/bsp_irq.o
 .debug_info    0x00014740      0x2c0 ./rzn/fsp/src/bsp/mcu/all/bsp_register_protection.o
 .debug_info    0x00014a00      0x340 ./rzn/fsp/src/bsp/cmsis/Device/RENESAS/Source/startup.o
 .debug_info    0x00014d40     0x1586 ./rzn/fsp/src/bsp/cmsis/Device/RENESAS/Source/system.o
 .debug_info    0x000162c6      0x691 ./rzn/board/rzn2l_rsk/board_leds.o
 .debug_info    0x00016957      0x959 ./rt-thread/src/clock.o
 .debug_info    0x000172b0      0xade ./rt-thread/src/idle.o
 .debug_info    0x00017d8e     0x8393 ./rt-thread/src/ipc.o
 .debug_info    0x00020121      0x35d ./rt-thread/src/irq.o
 .debug_info    0x0002047e     0x27c1 ./rt-thread/src/kservice.o
 .debug_info    0x00022c3f      0xd55 ./rt-thread/src/mem.o
 .debug_info    0x00023994     0x1495 ./rt-thread/src/object.o
 .debug_info    0x00024e29      0xc45 ./rt-thread/src/scheduler_up.o
 .debug_info    0x00025a6e     0x280f ./rt-thread/src/thread.o
 .debug_info    0x0002827d     0x1de0 ./rt-thread/src/timer.o
 .debug_info    0x0002a05d       0x23 ./rt-thread/libcpu/arm/cortex-r4/context_gcc.o
 .debug_info    0x0002a080     0x19d7 ./rt-thread/components/libc/compilers/newlib/syscalls.o
 .debug_info    0x0002ba57      0x7c0 ./rt-thread/components/libc/compilers/common/cstdlib.o
 .debug_info    0x0002c217     0x2568 ./rt-thread/components/drivers/serial/serial_v2.o
 .debug_info    0x0002e77f      0xcea ./rt-thread/components/drivers/ipc/completion.o
 .debug_info    0x0002f469      0xa89 ./rt-thread/components/drivers/ipc/ringbuffer.o
 .debug_info    0x0002fef2     0x10f7 ./rt-thread/components/drivers/core/device.o
 .debug_info    0x00030fe9     0x17c8 ./libraries/HAL_Drivers/drv_common.o
 .debug_info    0x000327b1     0x2f6f ./libraries/HAL_Drivers/drv_usart_v2.o

.debug_abbrev   0x00000000     0x5c03
 .debug_abbrev  0x00000000      0x3b9 ./src/hal_entry.o
 .debug_abbrev  0x000003b9      0x198 ./rzn_gen/common_data.o
 .debug_abbrev  0x00000551      0x2b2 ./rzn_gen/hal_data.o
 .debug_abbrev  0x00000803       0x64 ./rzn_gen/main.o
 .debug_abbrev  0x00000867      0x12b ./rzn_gen/pin_data.o
 .debug_abbrev  0x00000992       0x84 ./rzn_gen/vector_data.o
 .debug_abbrev  0x00000a16      0x601 ./rzn/fsp/src/r_sci_uart/r_sci_uart.o
 .debug_abbrev  0x00001017      0x41b ./rzn/fsp/src/r_ioport/r_ioport.o
 .debug_abbrev  0x00001432      0x1f7 ./rzn/fsp/src/bsp/mcu/all/bsp_clocks.o
 .debug_abbrev  0x00001629       0xe7 ./rzn/fsp/src/bsp/mcu/all/bsp_delay.o
 .debug_abbrev  0x00001710       0x5e ./rzn/fsp/src/bsp/mcu/all/bsp_io.o
 .debug_abbrev  0x0000176e      0x195 ./rzn/fsp/src/bsp/mcu/all/bsp_irq.o
 .debug_abbrev  0x00001903      0x13e ./rzn/fsp/src/bsp/mcu/all/bsp_register_protection.o
 .debug_abbrev  0x00001a41      0x167 ./rzn/fsp/src/bsp/cmsis/Device/RENESAS/Source/startup.o
 .debug_abbrev  0x00001ba8      0x37e ./rzn/fsp/src/bsp/cmsis/Device/RENESAS/Source/system.o
 .debug_abbrev  0x00001f26       0xc4 ./rzn/board/rzn2l_rsk/board_leds.o
 .debug_abbrev  0x00001fea      0x2e3 ./rt-thread/src/clock.o
 .debug_abbrev  0x000022cd      0x3bb ./rt-thread/src/idle.o
 .debug_abbrev  0x00002688      0x49a ./rt-thread/src/ipc.o
 .debug_abbrev  0x00002b22      0x209 ./rt-thread/src/irq.o
 .debug_abbrev  0x00002d2b      0x4df ./rt-thread/src/kservice.o
 .debug_abbrev  0x0000320a      0x2a1 ./rt-thread/src/mem.o
 .debug_abbrev  0x000034ab      0x3c4 ./rt-thread/src/object.o
 .debug_abbrev  0x0000386f      0x334 ./rt-thread/src/scheduler_up.o
 .debug_abbrev  0x00003ba3      0x416 ./rt-thread/src/thread.o
 .debug_abbrev  0x00003fb9      0x45e ./rt-thread/src/timer.o
 .debug_abbrev  0x00004417       0x14 ./rt-thread/libcpu/arm/cortex-r4/context_gcc.o
 .debug_abbrev  0x0000442b      0x36f ./rt-thread/components/libc/compilers/newlib/syscalls.o
 .debug_abbrev  0x0000479a      0x1b0 ./rt-thread/components/libc/compilers/common/cstdlib.o
 .debug_abbrev  0x0000494a      0x341 ./rt-thread/components/drivers/serial/serial_v2.o
 .debug_abbrev  0x00004c8b      0x312 ./rt-thread/components/drivers/ipc/completion.o
 .debug_abbrev  0x00004f9d      0x29d ./rt-thread/components/drivers/ipc/ringbuffer.o
 .debug_abbrev  0x0000523a      0x25b ./rt-thread/components/drivers/core/device.o
 .debug_abbrev  0x00005495      0x2f0 ./libraries/HAL_Drivers/drv_common.o
 .debug_abbrev  0x00005785      0x47e ./libraries/HAL_Drivers/drv_usart_v2.o

.debug_loc      0x00000000    0x129d2
 .debug_loc     0x00000000      0x16c ./src/hal_entry.o
 .debug_loc     0x0000016c      0xfb3 ./rzn/fsp/src/r_sci_uart/r_sci_uart.o
 .debug_loc     0x0000111f     0x1048 ./rzn/fsp/src/r_ioport/r_ioport.o
 .debug_loc     0x00002167       0xe8 ./rzn/fsp/src/bsp/mcu/all/bsp_clocks.o
 .debug_loc     0x0000224f      0x17b ./rzn/fsp/src/bsp/mcu/all/bsp_delay.o
 .debug_loc     0x000023ca       0xe5 ./rzn/fsp/src/bsp/mcu/all/bsp_irq.o
 .debug_loc     0x000024af      0x2f2 ./rzn/fsp/src/bsp/cmsis/Device/RENESAS/Source/system.o
 .debug_loc     0x000027a1      0x3cb ./rt-thread/src/clock.o
 .debug_loc     0x00002b6c      0x3fb ./rt-thread/src/idle.o
 .debug_loc     0x00002f67     0x5dba ./rt-thread/src/ipc.o
 .debug_loc     0x00008d21      0x120 ./rt-thread/src/irq.o
 .debug_loc     0x00008e41     0x22ab ./rt-thread/src/kservice.o
 .debug_loc     0x0000b0ec      0x920 ./rt-thread/src/mem.o
 .debug_loc     0x0000ba0c      0xd25 ./rt-thread/src/object.o
 .debug_loc     0x0000c731      0x310 ./rt-thread/src/scheduler_up.o
 .debug_loc     0x0000ca41     0x13b0 ./rt-thread/src/thread.o
 .debug_loc     0x0000ddf1      0xcf4 ./rt-thread/src/timer.o
 .debug_loc     0x0000eae5      0x853 ./rt-thread/components/libc/compilers/newlib/syscalls.o
 .debug_loc     0x0000f338      0x5a8 ./rt-thread/components/libc/compilers/common/cstdlib.o
 .debug_loc     0x0000f8e0     0x17c5 ./rt-thread/components/drivers/serial/serial_v2.o
 .debug_loc     0x000110a5      0x42b ./rt-thread/components/drivers/ipc/completion.o
 .debug_loc     0x000114d0      0x876 ./rt-thread/components/drivers/ipc/ringbuffer.o
 .debug_loc     0x00011d46      0x7c0 ./rt-thread/components/drivers/core/device.o
 .debug_loc     0x00012506      0x139 ./libraries/HAL_Drivers/drv_common.o
 .debug_loc     0x0001263f      0x393 ./libraries/HAL_Drivers/drv_usart_v2.o

.debug_aranges  0x00000000      0xff8
 .debug_aranges
                0x00000000       0x20 ./src/hal_entry.o
 .debug_aranges
                0x00000020       0x20 ./rzn_gen/common_data.o
 .debug_aranges
                0x00000040       0x20 ./rzn_gen/hal_data.o
 .debug_aranges
                0x00000060       0x20 ./rzn_gen/main.o
 .debug_aranges
                0x00000080       0x18 ./rzn_gen/pin_data.o
 .debug_aranges
                0x00000098       0x18 ./rzn_gen/vector_data.o
 .debug_aranges
                0x000000b0       0xe8 ./rzn/fsp/src/r_sci_uart/r_sci_uart.o
 .debug_aranges
                0x00000198       0xb8 ./rzn/fsp/src/r_ioport/r_ioport.o
 .debug_aranges
                0x00000250       0x38 ./rzn/fsp/src/bsp/mcu/all/bsp_clocks.o
 .debug_aranges
                0x00000288       0x28 ./rzn/fsp/src/bsp/mcu/all/bsp_delay.o
 .debug_aranges
                0x000002b0       0x18 ./rzn/fsp/src/bsp/mcu/all/bsp_io.o
 .debug_aranges
                0x000002c8       0x28 ./rzn/fsp/src/bsp/mcu/all/bsp_irq.o
 .debug_aranges
                0x000002f0       0x28 ./rzn/fsp/src/bsp/mcu/all/bsp_register_protection.o
 .debug_aranges
                0x00000318       0x50 ./rzn/fsp/src/bsp/cmsis/Device/RENESAS/Source/startup.o
 .debug_aranges
                0x00000368       0x60 ./rzn/fsp/src/bsp/cmsis/Device/RENESAS/Source/system.o
 .debug_aranges
                0x000003c8       0x18 ./rzn/board/rzn2l_rsk/board_leds.o
 .debug_aranges
                0x000003e0       0x60 ./rt-thread/src/clock.o
 .debug_aranges
                0x00000440       0x58 ./rt-thread/src/idle.o
 .debug_aranges
                0x00000498      0x260 ./rt-thread/src/ipc.o
 .debug_aranges
                0x000006f8       0x58 ./rt-thread/src/irq.o
 .debug_aranges
                0x00000750      0x1e0 ./rt-thread/src/kservice.o
 .debug_aranges
                0x00000930       0x48 ./rt-thread/src/mem.o
 .debug_aranges
                0x00000978       0xa8 ./rt-thread/src/object.o
 .debug_aranges
                0x00000a20       0x78 ./rt-thread/src/scheduler_up.o
 .debug_aranges
                0x00000a98       0xd8 ./rt-thread/src/thread.o
 .debug_aranges
                0x00000b70       0xb0 ./rt-thread/src/timer.o
 .debug_aranges
                0x00000c20       0x20 ./rt-thread/libcpu/arm/cortex-r4/context_gcc.o
 .debug_aranges
                0x00000c40       0xf0 ./rt-thread/components/libc/compilers/newlib/syscalls.o
 .debug_aranges
                0x00000d30       0x48 ./rt-thread/components/libc/compilers/common/cstdlib.o
 .debug_aranges
                0x00000d78       0xb0 ./rt-thread/components/drivers/serial/serial_v2.o
 .debug_aranges
                0x00000e28       0x30 ./rt-thread/components/drivers/ipc/completion.o
 .debug_aranges
                0x00000e58       0x78 ./rt-thread/components/drivers/ipc/ringbuffer.o
 .debug_aranges
                0x00000ed0       0x80 ./rt-thread/components/drivers/core/device.o
 .debug_aranges
                0x00000f50       0x50 ./libraries/HAL_Drivers/drv_common.o
 .debug_aranges
                0x00000fa0       0x58 ./libraries/HAL_Drivers/drv_usart_v2.o

.debug_ranges   0x00000000     0x11a8
 .debug_ranges  0x00000000       0x28 ./src/hal_entry.o
 .debug_ranges  0x00000028       0x10 ./rzn_gen/common_data.o
 .debug_ranges  0x00000038       0x10 ./rzn_gen/hal_data.o
 .debug_ranges  0x00000048       0x10 ./rzn_gen/main.o
 .debug_ranges  0x00000058      0x180 ./rzn/fsp/src/r_sci_uart/r_sci_uart.o
 .debug_ranges  0x000001d8       0xf0 ./rzn/fsp/src/r_ioport/r_ioport.o
 .debug_ranges  0x000002c8       0x28 ./rzn/fsp/src/bsp/mcu/all/bsp_clocks.o
 .debug_ranges  0x000002f0       0x18 ./rzn/fsp/src/bsp/mcu/all/bsp_delay.o
 .debug_ranges  0x00000308       0x18 ./rzn/fsp/src/bsp/mcu/all/bsp_irq.o
 .debug_ranges  0x00000320       0x18 ./rzn/fsp/src/bsp/mcu/all/bsp_register_protection.o
 .debug_ranges  0x00000338       0x40 ./rzn/fsp/src/bsp/cmsis/Device/RENESAS/Source/startup.o
 .debug_ranges  0x00000378       0x50 ./rzn/fsp/src/bsp/cmsis/Device/RENESAS/Source/system.o
 .debug_ranges  0x000003c8       0x50 ./rt-thread/src/clock.o
 .debug_ranges  0x00000418       0x78 ./rt-thread/src/idle.o
 .debug_ranges  0x00000490      0x410 ./rt-thread/src/ipc.o
 .debug_ranges  0x000008a0       0x48 ./rt-thread/src/irq.o
 .debug_ranges  0x000008e8      0x1e8 ./rt-thread/src/kservice.o
 .debug_ranges  0x00000ad0       0x38 ./rt-thread/src/mem.o
 .debug_ranges  0x00000b08       0xb0 ./rt-thread/src/object.o
 .debug_ranges  0x00000bb8       0x80 ./rt-thread/src/scheduler_up.o
 .debug_ranges  0x00000c38       0xf8 ./rt-thread/src/thread.o
 .debug_ranges  0x00000d30       0xa0 ./rt-thread/src/timer.o
 .debug_ranges  0x00000dd0       0xe0 ./rt-thread/components/libc/compilers/newlib/syscalls.o
 .debug_ranges  0x00000eb0       0x38 ./rt-thread/components/libc/compilers/common/cstdlib.o
 .debug_ranges  0x00000ee8       0xc0 ./rt-thread/components/drivers/serial/serial_v2.o
 .debug_ranges  0x00000fa8       0x38 ./rt-thread/components/drivers/ipc/completion.o
 .debug_ranges  0x00000fe0       0xb0 ./rt-thread/components/drivers/ipc/ringbuffer.o
 .debug_ranges  0x00001090       0x70 ./rt-thread/components/drivers/core/device.o
 .debug_ranges  0x00001100       0x40 ./libraries/HAL_Drivers/drv_common.o
 .debug_ranges  0x00001140       0x68 ./libraries/HAL_Drivers/drv_usart_v2.o

.debug_line     0x00000000    0x13ac4
 .debug_line    0x00000000      0x626 ./src/hal_entry.o
 .debug_line    0x00000626      0x349 ./rzn_gen/common_data.o
 .debug_line    0x0000096f      0x3ec ./rzn_gen/hal_data.o
 .debug_line    0x00000d5b       0x57 ./rzn_gen/main.o
 .debug_line    0x00000db2      0x27c ./rzn_gen/pin_data.o
 .debug_line    0x0000102e       0xd2 ./rzn_gen/vector_data.o
 .debug_line    0x00001100     0x16d8 ./rzn/fsp/src/r_sci_uart/r_sci_uart.o
 .debug_line    0x000027d8      0xd60 ./rzn/fsp/src/r_ioport/r_ioport.o
 .debug_line    0x00003538      0x5fa ./rzn/fsp/src/bsp/mcu/all/bsp_clocks.o
 .debug_line    0x00003b32      0x303 ./rzn/fsp/src/bsp/mcu/all/bsp_delay.o
 .debug_line    0x00003e35      0x1e2 ./rzn/fsp/src/bsp/mcu/all/bsp_io.o
 .debug_line    0x00004017      0x39c ./rzn/fsp/src/bsp/mcu/all/bsp_irq.o
 .debug_line    0x000043b3      0x317 ./rzn/fsp/src/bsp/mcu/all/bsp_register_protection.o