Archive member included to satisfy reference by file (symbol)

d:/scoop/apps/rt-gcc-arm-none-eabi/10.3/bin/../lib/gcc/arm-none-eabi/10.3.1/../../../../arm-none-eabi/lib/thumb/v7+fp/hard\libc.a(lib_a-assert.o)
                              build\src\hal_entry.o (__assert_func)
d:/scoop/apps/rt-gcc-arm-none-eabi/10.3/bin/../lib/gcc/arm-none-eabi/10.3.1/../../../../arm-none-eabi/lib/thumb/v7+fp/hard\libc.a(lib_a-atoi.o)
                              build\kernel\components\drivers\misc\pin.o (atoi)
d:/scoop/apps/rt-gcc-arm-none-eabi/10.3/bin/../lib/gcc/arm-none-eabi/10.3.1/../../../../arm-none-eabi/lib/thumb/v7+fp/hard\libc.a(lib_a-ctype_.o)
                              build\kernel\components\libc\compilers\common\cstring.o (_ctype_)
d:/scoop/apps/rt-gcc-arm-none-eabi/10.3/bin/../lib/gcc/arm-none-eabi/10.3.1/../../../../arm-none-eabi/lib/thumb/v7+fp/hard\libc.a(lib_a-exit.o)
                              d:/scoop/apps/rt-gcc-arm-none-eabi/10.3/bin/../lib/gcc/arm-none-eabi/10.3.1/../../../../arm-none-eabi/lib/thumb/v7+fp/hard/crt0.o (exit)
d:/scoop/apps/rt-gcc-arm-none-eabi/10.3/bin/../lib/gcc/arm-none-eabi/10.3.1/../../../../arm-none-eabi/lib/thumb/v7+fp/hard\libc.a(lib_a-fiprintf.o)
                              d:/scoop/apps/rt-gcc-arm-none-eabi/10.3/bin/../lib/gcc/arm-none-eabi/10.3.1/../../../../arm-none-eabi/lib/thumb/v7+fp/hard\libc.a(lib_a-assert.o) (fiprintf)
d:/scoop/apps/rt-gcc-arm-none-eabi/10.3/bin/../lib/gcc/arm-none-eabi/10.3.1/../../../../arm-none-eabi/lib/thumb/v7+fp/hard\libc.a(lib_a-impure.o)
                              d:/scoop/apps/rt-gcc-arm-none-eabi/10.3/bin/../lib/gcc/arm-none-eabi/10.3.1/../../../../arm-none-eabi/lib/thumb/v7+fp/hard\libc.a(lib_a-exit.o) (_global_impure_ptr)
d:/scoop/apps/rt-gcc-arm-none-eabi/10.3/bin/../lib/gcc/arm-none-eabi/10.3.1/../../../../arm-none-eabi/lib/thumb/v7+fp/hard\libc.a(lib_a-malloc.o)
                              build\kernel\components\libc\compilers\common\cstring.o (malloc)
d:/scoop/apps/rt-gcc-arm-none-eabi/10.3/bin/../lib/gcc/arm-none-eabi/10.3.1/../../../../arm-none-eabi/lib/thumb/v7+fp/hard\libc.a(lib_a-memcmp.o)
                              build\kernel\components\finsh\shell.o (memcmp)
d:/scoop/apps/rt-gcc-arm-none-eabi/10.3/bin/../lib/gcc/arm-none-eabi/10.3.1/../../../../arm-none-eabi/lib/thumb/v7+fp/hard\libc.a(lib_a-memcpy.o)
                              rzn\fsp\src\r_sci_uart\r_sci_uart.o (memcpy)
d:/scoop/apps/rt-gcc-arm-none-eabi/10.3/bin/../lib/gcc/arm-none-eabi/10.3.1/../../../../arm-none-eabi/lib/thumb/v7+fp/hard\libc.a(lib_a-memset.o)
                              d:/scoop/apps/rt-gcc-arm-none-eabi/10.3/bin/../lib/gcc/arm-none-eabi/10.3.1/../../../../arm-none-eabi/lib/thumb/v7+fp/hard/crt0.o (memset)
d:/scoop/apps/rt-gcc-arm-none-eabi/10.3/bin/../lib/gcc/arm-none-eabi/10.3.1/../../../../arm-none-eabi/lib/thumb/v7+fp/hard\libc.a(lib_a-strchr.o)
                              build\kernel\components\libc\compilers\common\cstring.o (strchr)
d:/scoop/apps/rt-gcc-arm-none-eabi/10.3/bin/../lib/gcc/arm-none-eabi/10.3.1/../../../../arm-none-eabi/lib/thumb/v7+fp/hard\libc.a(lib_a-strcmp.o)
                              build\kernel\components\finsh\msh.o (strcmp)
d:/scoop/apps/rt-gcc-arm-none-eabi/10.3/bin/../lib/gcc/arm-none-eabi/10.3.1/../../../../arm-none-eabi/lib/thumb/v7+fp/hard\libc.a(lib_a-strcpy.o)
                              build\kernel\components\libc\compilers\common\cstring.o (strcpy)
d:/scoop/apps/rt-gcc-arm-none-eabi/10.3/bin/../lib/gcc/arm-none-eabi/10.3.1/../../../../arm-none-eabi/lib/thumb/v7+fp/hard\libc.a(lib_a-strlen-stub.o)
                              build\kernel\components\libc\compilers\common\cstring.o (strlen)
d:/scoop/apps/rt-gcc-arm-none-eabi/10.3/bin/../lib/gcc/arm-none-eabi/10.3.1/../../../../arm-none-eabi/lib/thumb/v7+fp/hard\libc.a(lib_a-strncmp.o)
                              build\kernel\components\finsh\msh.o (strncmp)
d:/scoop/apps/rt-gcc-arm-none-eabi/10.3/bin/../lib/gcc/arm-none-eabi/10.3.1/../../../../arm-none-eabi/lib/thumb/v7+fp/hard\libc.a(lib_a-strncpy.o)
                              build\kernel\components\finsh\msh.o (strncpy)
d:/scoop/apps/rt-gcc-arm-none-eabi/10.3/bin/../lib/gcc/arm-none-eabi/10.3.1/../../../../arm-none-eabi/lib/thumb/v7+fp/hard\libc.a(lib_a-strrchr.o)
                              build\kernel\components\libc\compilers\common\cstring.o (strrchr)
d:/scoop/apps/rt-gcc-arm-none-eabi/10.3/bin/../lib/gcc/arm-none-eabi/10.3.1/../../../../arm-none-eabi/lib/thumb/v7+fp/hard\libc.a(lib_a-strtol.o)
                              d:/scoop/apps/rt-gcc-arm-none-eabi/10.3/bin/../lib/gcc/arm-none-eabi/10.3.1/../../../../arm-none-eabi/lib/thumb/v7+fp/hard\libc.a(lib_a-atoi.o) (_strtol_r)
d:/scoop/apps/rt-gcc-arm-none-eabi/10.3/bin/../lib/gcc/arm-none-eabi/10.3.1/../../../../arm-none-eabi/lib/thumb/v7+fp/hard\libc.a(lib_a-strtoul.o)
                              build\kernel\src\kservice.o (strtoul)
[...]
Memory Configuration

Name             Origin             Length             Attributes
ATCM             0x00000000         0x00020000
BTCM             0x00100000         0x00020000
SYSTEM_RAM       0x10000000         0x00180000
SYSTEM_RAM_MIRROR 0x30000000         0x00180000
xSPI0_CS0_SPACE_MIRROR 0x40000000         0x04000000
xSPI0_CS1_SPACE_MIRROR 0x44000000         0x04000000
xSPI1_CS0_SPACE_MIRROR 0x48000000         0x04000000
xSPI1_CS1_SPACE_MIRROR 0x00000000         0x00000000
CS0_SPACE_MIRROR 0x50000000         0x04000000
CS2_SPACE_MIRROR 0x54000000         0x04000000
CS3_SPACE_MIRROR 0x58000000         0x04000000
CS5_SPACE_MIRROR 0x5c000000         0x04000000
xSPI0_CS0_SPACE  0x60000000         0x04000000
xSPI0_CS1_SPACE  0x64000000         0x04000000
xSPI1_CS0_SPACE  0x68000000         0x04000000
xSPI1_CS1_SPACE  0x00000000         0x00000000
CS0_SPACE        0x70000000         0x04000000
CS2_SPACE        0x74000000         0x04000000
CS3_SPACE        0x78000000         0x04000000
CS5_SPACE        0x7c000000         0x04000000
DUMMY            0x00000040         0x00000008
*default*        0x00000000         0xffffffff

Linker script and memory map

LOAD d:/scoop/apps/rt-gcc-arm-none-eabi/10.3/bin/../lib/gcc/arm-none-eabi/10.3.1/thumb/v7+fp/hard/crti.o
LOAD d:/scoop/apps/rt-gcc-arm-none-eabi/10.3/bin/../lib/gcc/arm-none-eabi/10.3.1/thumb/v7+fp/hard/crtbegin.o
LOAD d:/scoop/apps/rt-gcc-arm-none-eabi/10.3/bin/../lib/gcc/arm-none-eabi/10.3.1/../../../../arm-none-eabi/lib/thumb/v7+fp/hard/crt0.o
LOAD build\kernel\components\drivers\core\device.o
LOAD build\kernel\components\drivers\ipc\completion.o
LOAD build\kernel\components\drivers\ipc\dataqueue.o
LOAD build\kernel\components\drivers\ipc\pipe.o
LOAD build\kernel\components\drivers\ipc\ringblk_buf.o
LOAD build\kernel\components\drivers\ipc\ringbuffer.o
LOAD build\kernel\components\drivers\ipc\waitqueue.o
LOAD build\kernel\components\drivers\ipc\workqueue.o
LOAD build\kernel\components\drivers\misc\pin.o
LOAD build\kernel\components\drivers\serial\serial_v2.o
LOAD build\kernel\components\libc\compilers\common\cctype.o
LOAD build\kernel\components\libc\compilers\common\cstdlib.o
LOAD build\kernel\components\libc\compilers\common\cstring.o
LOAD build\kernel\components\libc\compilers\common\ctime.o
LOAD build\kernel\components\libc\compilers\common\cunistd.o
LOAD build\kernel\components\libc\compilers\common\cwchar.o
LOAD build\kernel\components\libc\compilers\newlib\syscalls.o
LOAD build\kernel\libcpu\arm\common\div0.o
LOAD build\kernel\libcpu\arm\common\showmem.o
LOAD build\kernel\libcpu\arm\cortex-r4\context_gcc.o
LOAD build\kernel\libcpu\arm\cortex-r4\cpu.o
LOAD build\kernel\libcpu\arm\cortex-r4\interrupt.o
LOAD build\kernel\libcpu\arm\cortex-r4\stack.o
LOAD build\kernel\libcpu\arm\cortex-r4\start_gcc.o
LOAD build\kernel\libcpu\arm\cortex-r4\trap.o
LOAD build\kernel\libcpu\arm\cortex-r4\vector_gcc.o
LOAD build\kernel\src\clock.o
LOAD build\kernel\src\components.o
LOAD build\kernel\src\idle.o
LOAD build\kernel\src\ipc.o
LOAD build\kernel\src\irq.o
LOAD build\kernel\src\kservice.o
LOAD build\kernel\src\mem.o
LOAD build\kernel\src\object.o
LOAD build\kernel\src\scheduler_up.o
LOAD build\kernel\src\thread.o
LOAD build\kernel\src\timer.o
LOAD rzn\board\rzn2l_rsk\board_init.o
LOAD rzn\board\rzn2l_rsk\board_leds.o
LOAD rzn\fsp\src\bsp\cmsis\Device\RENESAS\Source\startup.o
LOAD rzn\fsp\src\bsp\cmsis\Device\RENESAS\Source\system.o
LOAD rzn\fsp\src\bsp\mcu\all\bsp_clocks.o
LOAD rzn\fsp\src\bsp\mcu\all\bsp_common.o
LOAD rzn\fsp\src\bsp\mcu\all\bsp_delay.o
LOAD rzn\fsp\src\bsp\mcu\all\bsp_io.o
LOAD rzn\fsp\src\bsp\mcu\all\bsp_irq.o
LOAD rzn\fsp\src\bsp\mcu\all\bsp_register_protection.o
LOAD rzn\fsp\src\bsp\mcu\all\bsp_reset.o
LOAD rzn\fsp\src\bsp\mcu\all\bsp_sbrk.o
LOAD rzn\fsp\src\r_gpt\r_gpt.o
LOAD rzn\fsp\src\r_ioport\r_ioport.o
LOAD rzn\fsp\src\r_sci_uart\r_sci_uart.o
LOAD build\rzn_gen\common_data.o
LOAD build\rzn_gen\hal_data.o
LOAD build\rzn_gen\main.o
LOAD build\rzn_gen\pin_data.o
LOAD build\rzn_gen\vector_data.o
LOAD build\src\hal_entry.o
LOAD build\kernel\components\finsh\cmd.o
LOAD build\kernel\components\finsh\msh.o
LOAD build\kernel\components\finsh\msh_parse.o
LOAD build\kernel\components\finsh\shell.o
LOAD libraries\HAL_Drivers\drv_common.o
LOAD libraries\HAL_Drivers\drv_gpio.o
LOAD libraries\HAL_Drivers\drv_usart_v2.o
LOAD d:/scoop/apps/rt-gcc-arm-none-eabi/10.3/bin/../lib/gcc/arm-none-eabi/10.3.1/../../../../arm-none-eabi/lib/thumb/v7+fp/hard\libc.a
LOAD d:/scoop/apps/rt-gcc-arm-none-eabi/10.3/bin/../lib/gcc/arm-none-eabi/10.3.1/../../../../arm-none-eabi/lib/thumb/v7+fp/hard\libm.a
START GROUP
LOAD d:/scoop/apps/rt-gcc-arm-none-eabi/10.3/bin/../lib/gcc/arm-none-eabi/10.3.1/thumb/v7+fp/hard\libgcc.a
LOAD d:/scoop/apps/rt-gcc-arm-none-eabi/10.3/bin/../lib/gcc/arm-none-eabi/10.3.1/../../../../arm-none-eabi/lib/thumb/v7+fp/hard\libc.a
END GROUP
LOAD d:/scoop/apps/rt-gcc-arm-none-eabi/10.3/bin/../lib/gcc/arm-none-eabi/10.3.1/thumb/v7+fp/hard/crtend.o
LOAD d:/scoop/apps/rt-gcc-arm-none-eabi/10.3/bin/../lib/gcc/arm-none-eabi/10.3.1/thumb/v7+fp/hard/crtn.o
                0x00000000                ATCM_START = 0x0
                0x00020000                ATCM_LENGTH = 0x20000
                0x00100000                BTCM_START = 0x100000
                0x00020000                BTCM_LENGTH = 0x20000
                0x10000000                SYSTEM_RAM_START = 0x10000000
                0x00180000                SYSTEM_RAM_LENGTH = 0x180000
                0x30000000                SYSTEM_RAM_MIRROR_START = 0x30000000
                0x00180000                SYSTEM_RAM_MIRROR_LENGTH = 0x180000
                0x40000000                xSPI0_CS0_SPACE_MIRROR_START = 0x40000000
                0x04000000                xSPI0_CS0_SPACE_MIRROR_LENGTH = 0x4000000
                0x44000000                xSPI0_CS1_SPACE_MIRROR_START = 0x44000000
                0x04000000                xSPI0_CS1_SPACE_MIRROR_LENGTH = 0x4000000
                0x48000000                xSPI1_CS0_SPACE_MIRROR_START = 0x48000000
                0x04000000                xSPI1_CS0_SPACE_MIRROR_LENGTH = 0x4000000
                0x50000000                CS0_SPACE_MIRROR_START = 0x50000000
                0x04000000                CS0_SPACE_MIRROR_LENGTH = 0x4000000
                0x54000000                CS2_SPACE_MIRROR_START = 0x54000000
                0x04000000                CS2_SPACE_MIRROR_LENGTH = 0x4000000
                0x58000000                CS3_SPACE_MIRROR_START = 0x58000000
                0x04000000                CS3_SPACE_MIRROR_LENGTH = 0x4000000
                0x5c000000                CS5_SPACE_MIRROR_START = 0x5c000000
                0x04000000                CS5_SPACE_MIRROR_LENGTH = 0x4000000
                0x60000000                xSPI0_CS0_SPACE_START = 0x60000000
                0x04000000                xSPI0_CS0_SPACE_LENGTH = 0x4000000
                0x64000000                xSPI0_CS1_SPACE_START = 0x64000000
                0x04000000                xSPI0_CS1_SPACE_LENGTH = 0x4000000
                0x68000000                xSPI1_CS0_SPACE_START = 0x68000000
                0x04000000                xSPI1_CS0_SPACE_LENGTH = 0x4000000
                0x70000000                CS0_SPACE_START = 0x70000000
                0x04000000                CS0_SPACE_LENGTH = 0x4000000
                0x74000000                CS2_SPACE_START = 0x74000000
                0x04000000                CS2_SPACE_LENGTH = 0x4000000
                0x78000000                CS3_SPACE_START = 0x78000000
                0x04000000                CS3_SPACE_LENGTH = 0x4000000
                0x7c000000                CS5_SPACE_START = 0x7c000000
                0x04000000                CS5_SPACE_LENGTH = 0x4000000
                0x00000000                ATCM_PRV_START = DEFINED (ATCM_START)?ATCM_START:0x0
                0x00020000                ATCM_PRV_LENGTH = DEFINED (ATCM_LENGTH)?ATCM_LENGTH:0x0
                0x00100000                BTCM_PRV_START = DEFINED (BTCM_START)?BTCM_START:0x0
                0x00020000                BTCM_PRV_LENGTH = DEFINED (BTCM_LENGTH)?BTCM_LENGTH:0x0
                0x10000000                SYSTEM_RAM_PRV_START = DEFINED (SYSTEM_RAM_START)?SYSTEM_RAM_START:0x0
                0x00180000                SYSTEM_RAM_PRV_LENGTH = DEFINED (SYSTEM_RAM_LENGTH)?SYSTEM_RAM_LENGTH:0x0
                0x30000000                SYSTEM_RAM_MIRROR_PRV_START = DEFINED (SYSTEM_RAM_MIRROR_START)?SYSTEM_RAM_MIRROR_START:0x0
                0x00180000                SYSTEM_RAM_MIRROR_PRV_LENGTH = DEFINED (SYSTEM_RAM_MIRROR_LENGTH)?SYSTEM_RAM_MIRROR_LENGTH:0x0
                0x40000000                xSPI0_CS0_SPACE_MIRROR_PRV_START = DEFINED (xSPI0_CS0_SPACE_MIRROR_START)?xSPI0_CS0_SPACE_MIRROR_START:0x0
                0x04000000                xSPI0_CS0_SPACE_MIRROR_PRV_LENGTH = DEFINED (xSPI0_CS0_SPACE_MIRROR_LENGTH)?xSPI0_CS0_SPACE_MIRROR_LENGTH:0x0
                0x44000000                xSPI0_CS1_SPACE_MIRROR_PRV_START = DEFINED (xSPI0_CS1_SPACE_MIRROR_START)?xSPI0_CS1_SPACE_MIRROR_START:0x0
                0x04000000                xSPI0_CS1_SPACE_MIRROR_PRV_LENGTH = DEFINED (xSPI0_CS1_SPACE_MIRROR_LENGTH)?xSPI0_CS1_SPACE_MIRROR_LENGTH:0x0
                0x48000000                xSPI1_CS0_SPACE_MIRROR_PRV_START = DEFINED (xSPI1_CS0_SPACE_MIRROR_START)?xSPI1_CS0_SPACE_MIRROR_START:0x0
                0x04000000                xSPI1_CS0_SPACE_MIRROR_PRV_LENGTH = DEFINED (xSPI1_CS0_SPACE_MIRROR_LENGTH)?xSPI1_CS0_SPACE_MIRROR_LENGTH:0x0
                0x00000000                xSPI1_CS1_SPACE_MIRROR_PRV_START = DEFINED (xSPI1_CS1_SPACE_MIRROR_START)?xSPI1_CS1_SPACE_MIRROR_START:0x0
                0x00000000                xSPI1_CS1_SPACE_MIRROR_PRV_LENGTH = DEFINED (xSPI1_CS1_SPACE_MIRROR_LENGTH)?xSPI1_CS1_SPACE_MIRROR_LENGTH:0x0
                0x50000000                CS0_SPACE_MIRROR_PRV_START = DEFINED (CS0_SPACE_MIRROR_START)?CS0_SPACE_MIRROR_START:0x0
                0x04000000                CS0_SPACE_MIRROR_PRV_LENGTH = DEFINED (CS0_SPACE_MIRROR_LENGTH)?CS0_SPACE_MIRROR_LENGTH:0x0
                0x54000000                CS2_SPACE_MIRROR_PRV_START = DEFINED (CS2_SPACE_MIRROR_START)?CS2_SPACE_MIRROR_START:0x0
                0x04000000                CS2_SPACE_MIRROR_PRV_LENGTH = DEFINED (CS2_SPACE_MIRROR_LENGTH)?CS2_SPACE_MIRROR_LENGTH:0x0
                0x58000000                CS3_SPACE_MIRROR_PRV_START = DEFINED (CS3_SPACE_MIRROR_START)?CS3_SPACE_MIRROR_START:0x0
                0x04000000                CS3_SPACE_MIRROR_PRV_LENGTH = DEFINED (CS3_SPACE_MIRROR_LENGTH)?CS3_SPACE_MIRROR_LENGTH:0x0
                0x5c000000                CS5_SPACE_MIRROR_PRV_START = DEFINED (CS5_SPACE_MIRROR_START)?CS5_SPACE_MIRROR_START:0x0
                0x04000000                CS5_SPACE_MIRROR_PRV_LENGTH = DEFINED (CS5_SPACE_MIRROR_LENGTH)?CS5_SPACE_MIRROR_LENGTH:0x0
                0x60000000                xSPI0_CS0_SPACE_PRV_START = DEFINED (xSPI0_CS0_SPACE_START)?xSPI0_CS0_SPACE_START:0x0
                0x04000000                xSPI0_CS0_SPACE_PRV_LENGTH = DEFINED (xSPI0_CS0_SPACE_LENGTH)?xSPI0_CS0_SPACE_LENGTH:0x0
                0x64000000                xSPI0_CS1_SPACE_PRV_START = DEFINED (xSPI0_CS1_SPACE_START)?xSPI0_CS1_SPACE_START:0x0
                0x04000000                xSPI0_CS1_SPACE_PRV_LENGTH = DEFINED (xSPI0_CS1_SPACE_LENGTH)?xSPI0_CS1_SPACE_LENGTH:0x0
                0x68000000                xSPI1_CS0_SPACE_PRV_START = DEFINED (xSPI1_CS0_SPACE_START)?xSPI1_CS0_SPACE_START:0x0
                0x04000000                xSPI1_CS0_SPACE_PRV_LENGTH = DEFINED (xSPI1_CS0_SPACE_LENGTH)?xSPI1_CS0_SPACE_LENGTH:0x0
                0x00000000                xSPI1_CS1_SPACE_PRV_START = DEFINED (xSPI1_CS1_SPACE_START)?xSPI1_CS1_SPACE_START:0x0
                0x00000000                xSPI1_CS1_SPACE_PRV_LENGTH = DEFINED (xSPI1_CS1_SPACE_LENGTH)?xSPI1_CS1_SPACE_LENGTH:0x0
                0x70000000                CS0_SPACE_PRV_START = DEFINED (CS0_SPACE_START)?CS0_SPACE_START:0x0
                0x04000000                CS0_SPACE_PRV_LENGTH = DEFINED (CS0_SPACE_LENGTH)?CS0_SPACE_LENGTH:0x0
                0x74000000                CS2_SPACE_PRV_START = DEFINED (CS2_SPACE_START)?CS2_SPACE_START:0x0
                0x04000000                CS2_SPACE_PRV_LENGTH = DEFINED (CS2_SPACE_LENGTH)?CS2_SPACE_LENGTH:0x0
                0x78000000                CS3_SPACE_PRV_START = DEFINED (CS3_SPACE_START)?CS3_SPACE_START:0x0
                0x04000000                CS3_SPACE_PRV_LENGTH = DEFINED (CS3_SPACE_LENGTH)?CS3_SPACE_LENGTH:0x0
                0x7c000000                CS5_SPACE_PRV_START = DEFINED (CS5_SPACE_START)?CS5_SPACE_START:0x0
                0x04000000                CS5_SPACE_PRV_LENGTH = DEFINED (CS5_SPACE_LENGTH)?CS5_SPACE_LENGTH:0x0
                0x3013c000                DMAC_LINK_MODE_START = DEFINED (SYSTEM_RAM_MIRROR_START)?((SYSTEM_RAM_MIRROR_START + SYSTEM_RAM_MIRROR_LENGTH) - 0x44000):0x0
                0x30140000                SHARED_NONCACHE_BUFFER_START = DEFINED (SYSTEM_RAM_MIRROR_START)?((SYSTEM_RAM_MIRROR_START + SYSTEM_RAM_MIRROR_LENGTH) - 0x40000):0x0
                0x30160000                NONCACHE_BUFFER_START = DEFINED (SYSTEM_RAM_MIRROR_START)?((SYSTEM_RAM_MIRROR_START + SYSTEM_RAM_MIRROR_LENGTH) - 0x20000):0x0

.loader_text
 *(.loader_text)
 */fsp/src/bsp/cmsis/Device/RENESAS/Source/*.o(.text*)
 */fsp/src/bsp/mcu/all/bsp_clocks.o(.text*)
 */fsp/src/bsp/mcu/all/bsp_irq.o(.text*)
 */fsp/src/bsp/mcu/all/bsp_register_protection.o(.text*)
 */fsp/src/r_ioport/r_ioport.o(.text*)
 *(.warm_start)

.loader_dummy   0x00100000        0x4
                0x00100000                _loader_dummy_start = .
 *(.loader_dummy)
 .loader_dummy  0x00100000        0x4 rzn\fsp\src\bsp\cmsis\Device\RENESAS\Source\startup.o
                0x00100004                _loader_dummy_end = .

.loader_data    0x00100004        0x0
 */fsp/src/bsp/cmsis/Device/RENESAS/Source/*.o(.data*)
 */fsp/src/bsp/mcu/all/bsp_clocks.o(.data*)
 */fsp/src/bsp/mcu/all/bsp_irq.o(.data*)
 */fsp/src/bsp/mcu/all/bsp_register_protection.o(.data*)
 */fsp/src/r_ioport/r_ioport.o(.data*)
                0x00100004                . = ALIGN (0x4)
                0x00100004                __loader_bss_start = .
 */fsp/src/bsp/cmsis/Device/RENESAS/Source/*.o(.bss*)
 */fsp/src/bsp/mcu/all/bsp_clocks.o(.bss*)
 */fsp/src/bsp/mcu/all/bsp_irq.o(.bss*)
 */fsp/src/bsp/mcu/all/bsp_register_protection.o(.bss*)
 */fsp/src/r_ioport/r_ioport.o(.bss*)
 */fsp/src/bsp/cmsis/Device/RENESAS/Source/*.o(COMMON)
 */fsp/src/bsp/mcu/all/bsp_clocks.o(COMMON)
 */fsp/src/bsp/mcu/all/bsp_irq.o(COMMON)
 */fsp/src/bsp/mcu/all/bsp_register_protection.o(.COMMON)
 */fsp/src/r_ioport/r_ioport.o(.COMMON)
                0x00100004                . = ALIGN (0x4)
                0x00100004                __loader_bss_end = .

.intvec         0x00000000       0x44
                0x00000000                _fvector_start = .
 *(.intvec)
 .intvec        0x00000000       0x44 rzn\fsp\src\bsp\cmsis\Device\RENESAS\Source\startup.o
                0x00000000                __Vectors
                0x00000044                _fvector_end = .

.text           0x00000100      0x6ec
                0x00000100                _text_start = .
 *(.text*)
 .text          0x00000100       0x50 d:/scoop/apps/rt-gcc-arm-none-eabi/10.3/bin/../lib/gcc/arm-none-eabi/10.3.1/thumb/v7+fp/hard/crtbegin.o
 .text.Default_Handler
                0x00000150       0x10 rzn\fsp\src\bsp\cmsis\Device\RENESAS\Source\startup.o
                0x00000150                Abort_Handler
                0x00000150                Reset_Handler
                0x00000150                Default_Handler
                0x00000150                Prefetch_Handler
                0x00000150                Reserved_Handler
                0x00000150                SVC_Handler
                0x00000150                FIQ_Handler
                0x00000150                Undefined_Handler
 .text.IRQ_Handler
                0x00000160       0x7c rzn\fsp\src\bsp\cmsis\Device\RENESAS\Source\startup.o
                0x00000160                IRQ_Handler
 .text.bsp_common_interrupt_handler
                0x000001dc       0xb8 rzn\fsp\src\bsp\mcu\all\bsp_irq.o
                0x000001dc                bsp_common_interrupt_handler
 .text.R_FSP_CurrentIrqGet
                0x00000294       0x28 rzn\fsp\src\r_sci_uart\r_sci_uart.o
 .text.R_FSP_IsrContextGet
                0x000002bc       0x26 rzn\fsp\src\r_sci_uart\r_sci_uart.o
 .text.r_sci_uart_call_callback
                0x000002e2       0x76 rzn\fsp\src\r_sci_uart\r_sci_uart.o
 .text.sci_uart_txi_common
                0x00000358       0xc6 rzn\fsp\src\r_sci_uart\r_sci_uart.o
 .text.sci_uart_txi_isr
                0x0000041e       0x28 rzn\fsp\src\r_sci_uart\r_sci_uart.o
                0x0000041e                sci_uart_txi_isr
 .text.sci_uart_rxi_common
                0x00000446       0x88 rzn\fsp\src\r_sci_uart\r_sci_uart.o
 .text.sci_uart_rxi_isr
                0x000004ce       0x28 rzn\fsp\src\r_sci_uart\r_sci_uart.o
                0x000004ce                sci_uart_rxi_isr
 .text.sci_uart_tei_isr
                0x000004f6       0x46 rzn\fsp\src\r_sci_uart\r_sci_uart.o
                0x000004f6                sci_uart_tei_isr
 .text.sci_uart_eri_isr
                0x0000053c       0xc2 rzn\fsp\src\r_sci_uart\r_sci_uart.o
                0x0000053c                sci_uart_eri_isr
 *fill*         0x000005fe        0x2 
 .text          0x00000600       0xec d:/scoop/apps/rt-gcc-arm-none-eabi/10.3/bin/../lib/gcc/arm-none-eabi/10.3.1/../../../../arm-none-eabi/lib/thumb/v7+fp/hard\libc.a(lib_a-memcpy.o)
                0x00000600                memcpy
 .text.startup.register_fini
                0x000006ec       0x18 d:/scoop/apps/rt-gcc-arm-none-eabi/10.3/bin/../lib/gcc/arm-none-eabi/10.3.1/../../../../arm-none-eabi/lib/thumb/v7+fp/hard\libc.a(lib_a-__call_atexit.o)
 .text.atexit   0x00000704        0xc d:/scoop/apps/rt-gcc-arm-none-eabi/10.3/bin/../lib/gcc/arm-none-eabi/10.3.1/../../../../arm-none-eabi/lib/thumb/v7+fp/hard\libc.a(lib_a-atexit.o)
                0x00000704                atexit
 .text.__libc_fini_array
                0x00000710       0x2c d:/scoop/apps/rt-gcc-arm-none-eabi/10.3/bin/../lib/gcc/arm-none-eabi/10.3.1/../../../../arm-none-eabi/lib/thumb/v7+fp/hard\libc.a(lib_a-fini.o)
                0x00000710                __libc_fini_array
 .text.__retarget_lock_acquire_recursive
                0x0000073c        0x4 d:/scoop/apps/rt-gcc-arm-none-eabi/10.3/bin/../lib/gcc/arm-none-eabi/10.3.1/../../../../arm-none-eabi/lib/thumb/v7+fp/hard\libc.a(lib_a-lock.o)
                0x0000073c                __retarget_lock_acquire_recursive
 .text.__retarget_lock_release_recursive
                0x00000740        0x4 d:/scoop/apps/rt-gcc-arm-none-eabi/10.3/bin/../lib/gcc/arm-none-eabi/10.3.1/../../../../arm-none-eabi/lib/thumb/v7+fp/hard\libc.a(lib_a-lock.o)
                0x00000740                __retarget_lock_release_recursive
 .text.__register_exitproc
                0x00000744       0x8c d:/scoop/apps/rt-gcc-arm-none-eabi/10.3/bin/../lib/gcc/arm-none-eabi/10.3.1/../../../../arm-none-eabi/lib/thumb/v7+fp/hard\libc.a(lib_a-__atexit.o)
                0x00000744                __register_exitproc
 *(.init)
 .init          0x000007d0        0x4 d:/scoop/apps/rt-gcc-arm-none-eabi/10.3/bin/../lib/gcc/arm-none-eabi/10.3.1/thumb/v7+fp/hard/crti.o
                0x000007d0                _init
 .init          0x000007d4        0x8 d:/scoop/apps/rt-gcc-arm-none-eabi/10.3/bin/../lib/gcc/arm-none-eabi/10.3.1/thumb/v7+fp/hard/crtn.o
 *(.fini)
 .fini          0x000007dc        0x4 d:/scoop/apps/rt-gcc-arm-none-eabi/10.3/bin/../lib/gcc/arm-none-eabi/10.3.1/thumb/v7+fp/hard/crti.o
                0x000007dc                _fini
 .fini          0x000007e0        0x8 d:/scoop/apps/rt-gcc-arm-none-eabi/10.3/bin/../lib/gcc/arm-none-eabi/10.3.1/thumb/v7+fp/hard/crtn.o
 *crtbegin.o(.ctors)
 *crtbegin?.o(.ctors)
 *(EXCLUDE_FILE(*crtend.o *crtend?.o) .ctors)
 *(SORT_BY_NAME(.ctors.*))
 *(.ctors)
                0x000007e8                _ctor_end = .
 *crtbegin.o(.dtors)
 *crtbegin?.o(.dtors)
 *(EXCLUDE_FILE(*crtend.o *crtend?.o) .dtors)
 *(SORT_BY_NAME(.dtors.*))
 *(.dtors)
                0x000007e8                _dtor_end = .
 *(.eh_frame*)
 .eh_frame      0x000007e8        0x0 d:/scoop/apps/rt-gcc-arm-none-eabi/10.3/bin/../lib/gcc/arm-none-eabi/10.3.1/thumb/v7+fp/hard/crtbegin.o
 .eh_frame      0x000007e8        0x4 d:/scoop/apps/rt-gcc-arm-none-eabi/10.3/bin/../lib/gcc/arm-none-eabi/10.3.1/thumb/v7+fp/hard/crtend.o

.glue_7         0x000007ec        0x0
 .glue_7        0x000007ec        0x0 linker stubs

.glue_7t        0x000007ec        0x0
 .glue_7t       0x000007ec        0x0 linker stubs

.vfp11_veneer   0x000007ec        0x0
 .vfp11_veneer  0x000007ec        0x0 linker stubs

.v4_bx          0x000007ec        0x0
 .v4_bx         0x000007ec        0x0 linker stubs

.iplt           0x000007ec        0x0
 .iplt          0x000007ec        0x0 d:/scoop/apps/rt-gcc-arm-none-eabi/10.3/bin/../lib/gcc/arm-none-eabi/10.3.1/thumb/v7+fp/hard/crtbegin.o

.rel.dyn        0x000007ec        0x0
 .rel.iplt      0x000007ec        0x0 d:/scoop/apps/rt-gcc-arm-none-eabi/10.3/bin/../lib/gcc/arm-none-eabi/10.3.1/thumb/v7+fp/hard/crtbegin.o

.rvectors       0x000007ec        0x0
                0x000007ec                _rvectors_start = .
 *(.rvectors)
                0x000007ec                _rvectors_end = .

.ARM.extab
 *(.ARM.extab* .gnu.linkonce.armextab.*)
                0x000007ec                __exidx_start = .

.ARM.exidx
 *(.ARM.exidx* .gnu.linkonce.armexidx.*)
                0x000007ec                __exidx_end = .

.got            0x000007ec        0x0
 *(.got)
 *(.got.plt)
                0x000007ec                _text_end = .

.dummy          0x000007ec        0x4
                0x000007ec                _dummy_start = .
 *(.dummy)
 .dummy         0x000007ec        0x4 rzn\fsp\src\bsp\cmsis\Device\RENESAS\Source\startup.o
                0x000007f0                _dummy_end = .

.data           0x000007f0      0xb3c
                0x000007f0                _data_start = .
 *(vtable)
 *(.data.*)
 .data.impure_data
                0x000007f0      0x428 d:/scoop/apps/rt-gcc-arm-none-eabi/10.3/bin/../lib/gcc/arm-none-eabi/10.3.1/../../../../arm-none-eabi/lib/thumb/v7+fp/hard\libc.a(lib_a-impure.o)
 .data.__atexit_recursive_mutex
                0x00000c18        0x4 d:/scoop/apps/rt-gcc-arm-none-eabi/10.3/bin/../lib/gcc/arm-none-eabi/10.3.1/../../../../arm-none-eabi/lib/thumb/v7+fp/hard\libc.a(lib_a-__call_atexit.o)
                0x00000c18                __atexit_recursive_mutex
 *(.data)
 *(.rodata*)
 .rodata.g_vector_table
                0x00000c1c      0x700 build\rzn_gen\vector_data.o
                0x00000c1c                g_vector_table
 .rodata._global_impure_ptr
                0x0000131c        0x4 d:/scoop/apps/rt-gcc-arm-none-eabi/10.3/bin/../lib/gcc/arm-none-eabi/10.3.1/../../../../arm-none-eabi/lib/thumb/v7+fp/hard\libc.a(lib_a-impure.o)
                0x0000131c                _global_impure_ptr
                0x00001320                _erodata = .
                0x00001320                . = ALIGN (0x4)
                0x00001320                PROVIDE (__preinit_array_start = .)
 *(.preinit_array)
                0x00001320                PROVIDE (__preinit_array_end = .)
                0x00001320                . = ALIGN (0x4)
                0x00001320                PROVIDE (__init_array_start = .)
 *(SORT_BY_NAME(.init_array.*))
 .init_array.00000
                0x00001320        0x4 d:/scoop/apps/rt-gcc-arm-none-eabi/10.3/bin/../lib/gcc/arm-none-eabi/10.3.1/../../../../arm-none-eabi/lib/thumb/v7+fp/hard\libc.a(lib_a-__call_atexit.o)
 *(.init_array)
 .init_array    0x00001324        0x4 d:/scoop/apps/rt-gcc-arm-none-eabi/10.3/bin/../lib/gcc/arm-none-eabi/10.3.1/thumb/v7+fp/hard/crtbegin.o
                0x00001328                PROVIDE (__init_array_end = .)
                0x00001328                . = ALIGN (0x4)
                0x00001328                PROVIDE (__fini_array_start = .)
 *(SORT_BY_NAME(.fini_array.*))
 *(.fini_array)
 .fini_array    0x00001328        0x4 d:/scoop/apps/rt-gcc-arm-none-eabi/10.3/bin/../lib/gcc/arm-none-eabi/10.3.1/thumb/v7+fp/hard/crtbegin.o
                0x0000132c                PROVIDE (__fini_array_end = .)
 *(.jcr*)
                0x0000132c                . = ALIGN (0x4)
                0x0000132c                _data_end = .

.igot.plt       0x0000132c        0x0
 .igot.plt      0x0000132c        0x0 d:/scoop/apps/rt-gcc-arm-none-eabi/10.3/bin/../lib/gcc/arm-none-eabi/10.3.1/thumb/v7+fp/hard/crtbegin.o

.bss            0x0000132c      0x864
                0x0000132c                . = ALIGN (0x4)
                0x0000132c                __bss_start__ = .
                0x0000132c                _bss = .
 *(.bss*)
 .bss           0x0000132c       0x1c d:/scoop/apps/rt-gcc-arm-none-eabi/10.3/bin/../lib/gcc/arm-none-eabi/10.3.1/thumb/v7+fp/hard/crtbegin.o
 .bss.g_sgi_ppi_vector_table
                0x00001348       0x80 rzn\fsp\src\bsp\cmsis\Device\RENESAS\Source\system.o
                0x00001348                g_sgi_ppi_vector_table
 .bss.gp_renesas_isr_context
                0x000013c8      0x780 rzn\fsp\src\bsp\mcu\all\bsp_irq.o
                0x000013c8                gp_renesas_isr_context
 .bss.g_current_interrupt_num
                0x00001b48       0x40 rzn\fsp\src\bsp\mcu\all\bsp_irq.o
                0x00001b48                g_current_interrupt_num
 .bss.g_current_interrupt_pointer
                0x00001b88        0x1 rzn\fsp\src\bsp\mcu\all\bsp_irq.o
                0x00001b88                g_current_interrupt_pointer
 *fill*         0x00001b89        0x3 
 .bss.__lock___atexit_recursive_mutex
                0x00001b8c        0x1 d:/scoop/apps/rt-gcc-arm-none-eabi/10.3/bin/../lib/gcc/arm-none-eabi/10.3.1/../../../../arm-none-eabi/lib/thumb/v7+fp/hard\libc.a(lib_a-lock.o)
                0x00001b8c                __lock___atexit_recursive_mutex
 *(COMMON)
                0x00001b90                . = ALIGN (0x4)
 *fill*         0x00001b8d        0x3 
                0x00001b90                __bss_end__ = .
                0x00001b90                _ebss = .
                0x00001b90                _end = .

.heap           0x00001b90     0x2000
                0x00001b90                . = ALIGN (0x8)
                0x00001b90                __HeapBase = .
 *(.heap)
 .heap          0x00001b90     0x2000 rzn\fsp\src\bsp\cmsis\Device\RENESAS\Source\startup.o
                0x00003b90                __HeapLimit = .

.thread_stack   0x00003b90        0x0
                0x00003b90                . = ALIGN (0x8)
                0x00003b90                __ThreadStackBase = .
 *(.stack*)
                0x00003b90                __ThreadStackLimit = .

.sys_stack      0x00100008      0x400
                0x00100008                . = ALIGN (0x8)
                0x00100008                __SysStackBase = .
 *(.sys_stack)
 .sys_stack     0x00100008      0x400 rzn\fsp\src\bsp\cmsis\Device\RENESAS\Source\startup.o
                0x00100408                __SysStackLimit = .

.svc_stack      0x00100408      0x400
                0x00100408                . = ALIGN (0x8)
                0x00100408                __SvcStackBase = .
 *(.svc_stack)
 .svc_stack     0x00100408      0x400 rzn\fsp\src\bsp\cmsis\Device\RENESAS\Source\startup.o
                0x00100808                __SvcStackLimit = .

.irq_stack      0x00100808      0x400
                0x00100808                . = ALIGN (0x8)
                0x00100808                __IrqStackBase = .
 *(.irq_stack)
 .irq_stack     0x00100808      0x400 rzn\fsp\src\bsp\cmsis\Device\RENESAS\Source\startup.o
                0x00100c08                __IrqStackLimit = .

.fiq_stack      0x00100c08      0x400
                0x00100c08                . = ALIGN (0x8)
                0x00100c08                __FiqStackBase = .
 *(.fiq_stack)
 .fiq_stack     0x00100c08      0x400 rzn\fsp\src\bsp\cmsis\Device\RENESAS\Source\startup.o
                0x00101008                __FiqStackLimit = .

.und_stack      0x00101008      0x400
                0x00101008                . = ALIGN (0x8)
                0x00101008                __UndStackBase = .
 *(.und_stack)
 .und_stack     0x00101008      0x400 rzn\fsp\src\bsp\cmsis\Device\RENESAS\Source\startup.o
                0x00101408                __UndStackLimit = .

.abt_stack      0x00101408      0x400
                0x00101408                . = ALIGN (0x8)
                0x00101408                __AbtStackBase = .
 *(.abt_stack)
 .abt_stack     0x00101408      0x400 rzn\fsp\src\bsp\cmsis\Device\RENESAS\Source\startup.o
                0x00101808                __AbtStackLimit = .

.dmac_link_mode
                0x3013c000        0x0
                0x3013c000                . = ALIGN (0x4)
                0x3013c000                _DmacLinkMode_start = .
 *(.dmac_link_mode*)
                0x3013c000                _DmacLinkMode_end = .

.shared_noncache_buffer
                0x30140000        0x0
                0x30140000                . = ALIGN (0x20)
                0x30140000                _sncbuffer_start = .
 *(.shared_noncache_buffer*)
                0x30140000                _sncbuffer_end = .

.noncache_buffer
                0x30160000        0x0
                0x30160000                . = ALIGN (0x20)
                0x30160000                _ncbuffer_start = .
 *(.noncache_buffer*)
                0x30160000                _ncbuffer_end = .
OUTPUT(rtthread.elf elf32-littlearm)
LOAD linker stubs

.ARM.attributes
                0x00000000       0x35
 .ARM.attributes
                0x00000000       0x19 d:/scoop/apps/rt-gcc-arm-none-eabi/10.3/bin/../lib/gcc/arm-none-eabi/10.3.1/thumb/v7+fp/hard/crti.o
 .ARM.attributes
                0x00000019       0x2d d:/scoop/apps/rt-gcc-arm-none-eabi/10.3/bin/../lib/gcc/arm-none-eabi/10.3.1/thumb/v7+fp/hard/crtbegin.o
 .ARM.attributes
                0x00000046       0x39 rzn\fsp\src\bsp\cmsis\Device\RENESAS\Source\startup.o
 .ARM.attributes
                0x0000007f       0x39 rzn\fsp\src\bsp\cmsis\Device\RENESAS\Source\system.o
 .ARM.attributes
                0x000000b8       0x39 rzn\fsp\src\bsp\mcu\all\bsp_irq.o
 .ARM.attributes
                0x000000f1       0x39 rzn\fsp\src\r_sci_uart\r_sci_uart.o
 .ARM.attributes
                0x0000012a       0x39 build\rzn_gen\vector_data.o
 .ARM.attributes
                0x00000163       0x2d d:/scoop/apps/rt-gcc-arm-none-eabi/10.3/bin/../lib/gcc/arm-none-eabi/10.3.1/../../../../arm-none-eabi/lib/thumb/v7+fp/hard\libc.a(lib_a-impure.o)
 .ARM.attributes
                0x00000190       0x17 d:/scoop/apps/rt-gcc-arm-none-eabi/10.3/bin/../lib/gcc/arm-none-eabi/10.3.1/../../../../arm-none-eabi/lib/thumb/v7+fp/hard\libc.a(lib_a-memcpy.o)
 .ARM.attributes
                0x000001a7       0x2d d:/scoop/apps/rt-gcc-arm-none-eabi/10.3/bin/../lib/gcc/arm-none-eabi/10.3.1/../../../../arm-none-eabi/lib/thumb/v7+fp/hard\libc.a(lib_a-__call_atexit.o)
 .ARM.attributes
                0x000001d4       0x2d d:/scoop/apps/rt-gcc-arm-none-eabi/10.3/bin/../lib/gcc/arm-none-eabi/10.3.1/../../../../arm-none-eabi/lib/thumb/v7+fp/hard\libc.a(lib_a-atexit.o)
 .ARM.attributes
                0x00000201       0x2d d:/scoop/apps/rt-gcc-arm-none-eabi/10.3/bin/../lib/gcc/arm-none-eabi/10.3.1/../../../../arm-none-eabi/lib/thumb/v7+fp/hard\libc.a(lib_a-fini.o)
 .ARM.attributes
                0x0000022e       0x2d d:/scoop/apps/rt-gcc-arm-none-eabi/10.3/bin/../lib/gcc/arm-none-eabi/10.3.1/../../../../arm-none-eabi/lib/thumb/v7+fp/hard\libc.a(lib_a-lock.o)
 .ARM.attributes
                0x0000025b       0x2d d:/scoop/apps/rt-gcc-arm-none-eabi/10.3/bin/../lib/gcc/arm-none-eabi/10.3.1/../../../../arm-none-eabi/lib/thumb/v7+fp/hard\libc.a(lib_a-__atexit.o)
 .ARM.attributes
                0x00000288       0x2d d:/scoop/apps/rt-gcc-arm-none-eabi/10.3/bin/../lib/gcc/arm-none-eabi/10.3.1/thumb/v7+fp/hard/crtend.o
 .ARM.attributes
                0x000002b5       0x19 d:/scoop/apps/rt-gcc-arm-none-eabi/10.3/bin/../lib/gcc/arm-none-eabi/10.3.1/thumb/v7+fp/hard/crtn.o

.comment        0x00000000       0x49
 .comment       0x00000000       0x49 rzn\fsp\src\bsp\cmsis\Device\RENESAS\Source\startup.o
                                 0x4a (size before relaxing)
 .comment       0x00000049       0x4a rzn\fsp\src\bsp\cmsis\Device\RENESAS\Source\system.o
 .comment       0x00000049       0x4a rzn\fsp\src\bsp\mcu\all\bsp_irq.o
 .comment       0x00000049       0x4a rzn\fsp\src\r_sci_uart\r_sci_uart.o
 .comment       0x00000049       0x4a build\rzn_gen\vector_data.o

.debug_info     0x00000000     0x66b1
 .debug_info    0x00000000      0x248 rzn\fsp\src\bsp\cmsis\Device\RENESAS\Source\startup.o
 .debug_info    0x00000248     0x15f7 rzn\fsp\src\bsp\cmsis\Device\RENESAS\Source\system.o
 .debug_info    0x0000183f      0x4d0 rzn\fsp\src\bsp\mcu\all\bsp_irq.o
 .debug_info    0x00001d0f     0x48df rzn\fsp\src\r_sci_uart\r_sci_uart.o
 .debug_info    0x000065ee       0xc3 build\rzn_gen\vector_data.o

.debug_abbrev   0x00000000      0xa2d
 .debug_abbrev  0x00000000      0x106 rzn\fsp\src\bsp\cmsis\Device\RENESAS\Source\startup.o
 .debug_abbrev  0x00000106      0x2c7 rzn\fsp\src\bsp\cmsis\Device\RENESAS\Source\system.o
 .debug_abbrev  0x000003cd      0x15e rzn\fsp\src\bsp\mcu\all\bsp_irq.o
 .debug_abbrev  0x0000052b      0x491 rzn\fsp\src\r_sci_uart\r_sci_uart.o
 .debug_abbrev  0x000009bc       0x71 build\rzn_gen\vector_data.o

.debug_loc      0x00000000      0xe72
 .debug_loc     0x00000000       0xf8 rzn\fsp\src\bsp\cmsis\Device\RENESAS\Source\startup.o
 .debug_loc     0x000000f8      0x2dc rzn\fsp\src\bsp\cmsis\Device\RENESAS\Source\system.o
 .debug_loc     0x000003d4       0xac rzn\fsp\src\bsp\mcu\all\bsp_irq.o
 .debug_loc     0x00000480      0x9f2 rzn\fsp\src\r_sci_uart\r_sci_uart.o

.debug_aranges  0x00000000      0x1f8
 .debug_aranges
                0x00000000       0x50 rzn\fsp\src\bsp\cmsis\Device\RENESAS\Source\startup.o
 .debug_aranges
                0x00000050       0x60 rzn\fsp\src\bsp\cmsis\Device\RENESAS\Source\system.o
 .debug_aranges
                0x000000b0       0x28 rzn\fsp\src\bsp\mcu\all\bsp_irq.o
 .debug_aranges
                0x000000d8      0x108 rzn\fsp\src\r_sci_uart\r_sci_uart.o
 .debug_aranges
                0x000001e0       0x18 build\rzn_gen\vector_data.o

.debug_ranges   0x00000000      0x1d0
 .debug_ranges  0x00000000       0x40 rzn\fsp\src\bsp\cmsis\Device\RENESAS\Source\startup.o
 .debug_ranges  0x00000040       0x50 rzn\fsp\src\bsp\cmsis\Device\RENESAS\Source\system.o
 .debug_ranges  0x00000090       0x18 rzn\fsp\src\bsp\mcu\all\bsp_irq.o
 .debug_ranges  0x000000a8      0x128 rzn\fsp\src\r_sci_uart\r_sci_uart.o

.debug_line     0x00000000     0x19e1
 .debug_line    0x00000000      0x249 rzn\fsp\src\bsp\cmsis\Device\RENESAS\Source\startup.o
 .debug_line    0x00000249      0x691 rzn\fsp\src\bsp\cmsis\Device\RENESAS\Source\system.o
 .debug_line    0x000008da      0x234 rzn\fsp\src\bsp\mcu\all\bsp_irq.o
 .debug_line    0x00000b0e      0xe71 rzn\fsp\src\r_sci_uart\r_sci_uart.o
 .debug_line    0x0000197f       0x62 build\rzn_gen\vector_data.o

.debug_str      0x00000000     0x4c61
 .debug_str     0x00000000      0x2e7 rzn\fsp\src\bsp\cmsis\Device\RENESAS\Source\startup.o
                                0x32f (size before relaxing)
 .debug_str     0x000002e7      0x948 rzn\fsp\src\bsp\cmsis\Device\RENESAS\Source\system.o
                                0xb9f (size before relaxing)
 .debug_str     0x00000c2f      0x208 rzn\fsp\src\bsp\mcu\all\bsp_irq.o
                                0x452 (size before relaxing)
 .debug_str     0x00000e37     0x3e14 rzn\fsp\src\r_sci_uart\r_sci_uart.o
                               0x46c9 (size before relaxing)
 .debug_str     0x00004c4b       0x16 build\rzn_gen\vector_data.o
                                0x1f6 (size before relaxing)

.debug_frame    0x00000000      0x8a8
 .debug_frame   0x00000000       0xbc rzn\fsp\src\bsp\cmsis\Device\RENESAS\Source\startup.o
 .debug_frame   0x000000bc      0x15c rzn\fsp\src\bsp\cmsis\Device\RENESAS\Source\system.o
 .debug_frame   0x00000218       0x5c rzn\fsp\src\bsp\mcu\all\bsp_irq.o
 .debug_frame   0x00000274      0x490 rzn\fsp\src\r_sci_uart\r_sci_uart.o
 .debug_frame   0x00000704       0x6c d:/scoop/apps/rt-gcc-arm-none-eabi/10.3/bin/../lib/gcc/arm-none-eabi/10.3.1/../../../../arm-none-eabi/lib/thumb/v7+fp/hard\libc.a(lib_a-__call_atexit.o)
 .debug_frame   0x00000770       0x20 d:/scoop/apps/rt-gcc-arm-none-eabi/10.3/bin/../lib/gcc/arm-none-eabi/10.3.1/../../../../arm-none-eabi/lib/thumb/v7+fp/hard\libc.a(lib_a-atexit.o)
 .debug_frame   0x00000790       0x34 d:/scoop/apps/rt-gcc-arm-none-eabi/10.3/bin/../lib/gcc/arm-none-eabi/10.3.1/../../../../arm-none-eabi/lib/thumb/v7+fp/hard\libc.a(lib_a-fini.o)
 .debug_frame   0x000007c4       0xb0 d:/scoop/apps/rt-gcc-arm-none-eabi/10.3/bin/../lib/gcc/arm-none-eabi/10.3.1/../../../../arm-none-eabi/lib/thumb/v7+fp/hard\libc.a(lib_a-lock.o)
 .debug_frame   0x00000874       0x34 d:/scoop/apps/rt-gcc-arm-none-eabi/10.3/bin/../lib/gcc/arm-none-eabi/10.3.1/../../../../arm-none-eabi/lib/thumb/v7+fp/hard\libc.a(lib_a-__atexit.o)

Cross Reference Table

Symbol                                            File
Abort_Handler                                     rzn\fsp\src\bsp\cmsis\Device\RENESAS\Source\startup.o
Default_Handler                                   rzn\fsp\src\bsp\cmsis\Device\RENESAS\Source\startup.o
FIQ_Handler                                       rzn\fsp\src\bsp\cmsis\Device\RENESAS\Source\startup.o
IRQ_Handler                                       rzn\fsp\src\bsp\cmsis\Device\RENESAS\Source\startup.o
                                                  build\kernel\libcpu\arm\cortex-r4\vector_gcc.o
Prefetch_Handler                                  rzn\fsp\src\bsp\cmsis\Device\RENESAS\Source\startup.o
R_BSP_CPUReset                                    rzn\fsp\src\bsp\mcu\all\bsp_reset.o
R_BSP_CPUResetRelease                             rzn\fsp\src\bsp\mcu\all\bsp_reset.o
R_BSP_ModuleResetDisable                          rzn\fsp\src\bsp\mcu\all\bsp_reset.o
R_BSP_ModuleResetEnable                           rzn\fsp\src\bsp\mcu\all\bsp_reset.o
R_BSP_RegisterProtectDisable                      rzn\fsp\src\bsp\mcu\all\bsp_register_protection.o
                                                  rzn\fsp\src\r_sci_uart\r_sci_uart.o
                                                  rzn\fsp\src\r_gpt\r_gpt.o
                                                  rzn\fsp\src\bsp\cmsis\Device\RENESAS\Source\system.o
R_BSP_RegisterProtectEnable                       rzn\fsp\src\bsp\mcu\all\bsp_register_protection.o
                                                  rzn\fsp\src\r_sci_uart\r_sci_uart.o
                                                  rzn\fsp\src\r_gpt\r_gpt.o
                                                  rzn\fsp\src\bsp\cmsis\Device\RENESAS\Source\system.o
R_BSP_SoftwareDelay                               rzn\fsp\src\bsp\mcu\all\bsp_delay.o
                                                  build\src\hal_entry.o
R_BSP_SystemReset                                 rzn\fsp\src\bsp\mcu\all\bsp_reset.o
R_BSP_VersionGet                                  rzn\fsp\src\bsp\mcu\all\bsp_common.o
R_BSP_WarmStart                                   libraries\HAL_Drivers\drv_common.o
                                                  rzn\fsp\src\bsp\cmsis\Device\RENESAS\Source\system.o
                                                  rzn\fsp\src\bsp\cmsis\Device\RENESAS\Source\startup.o
R_FSP_VersionGet                                  rzn\fsp\src\bsp\mcu\all\bsp_common.o
R_GPT_AdcTriggerSet                               rzn\fsp\src\r_gpt\r_gpt.o
R_GPT_CallbackSet                                 rzn\fsp\src\r_gpt\r_gpt.o
R_GPT_Close                                       rzn\fsp\src\r_gpt\r_gpt.o
R_GPT_CounterSet                                  rzn\fsp\src\r_gpt\r_gpt.o
R_GPT_Disable                                     rzn\fsp\src\r_gpt\r_gpt.o
R_GPT_DutyCycleSet                                rzn\fsp\src\r_gpt\r_gpt.o
R_GPT_Enable                                      rzn\fsp\src\r_gpt\r_gpt.o
R_GPT_InfoGet                                     rzn\fsp\src\r_gpt\r_gpt.o
R_GPT_Open                                        rzn\fsp\src\r_gpt\r_gpt.o
R_GPT_OutputDisable                               rzn\fsp\src\r_gpt\r_gpt.o
R_GPT_OutputEnable                                rzn\fsp\src\r_gpt\r_gpt.o
R_GPT_PeriodSet                                   rzn\fsp\src\r_gpt\r_gpt.o
R_GPT_Reset                                       rzn\fsp\src\r_gpt\r_gpt.o
R_GPT_Start                                       rzn\fsp\src\r_gpt\r_gpt.o
R_GPT_StatusGet                                   rzn\fsp\src\r_gpt\r_gpt.o
R_GPT_Stop                                        rzn\fsp\src\r_gpt\r_gpt.o
R_GPT_VersionGet                                  rzn\fsp\src\r_gpt\r_gpt.o
R_IOPORT_Close                                    rzn\fsp\src\r_ioport\r_ioport.o
R_IOPORT_Open                                     rzn\fsp\src\r_ioport\r_ioport.o
                                                  libraries\HAL_Drivers\drv_gpio.o
                                                  libraries\HAL_Drivers\drv_common.o
R_IOPORT_PinCfg                                   rzn\fsp\src\r_ioport\r_ioport.o
                                                  libraries\HAL_Drivers\drv_gpio.o
R_IOPORT_PinEventInputRead                        rzn\fsp\src\r_ioport\r_ioport.o
R_IOPORT_PinEventOutputWrite                      rzn\fsp\src\r_ioport\r_ioport.o
R_IOPORT_PinRead                                  rzn\fsp\src\r_ioport\r_ioport.o
R_IOPORT_PinWrite                                 rzn\fsp\src\r_ioport\r_ioport.o
R_IOPORT_PinsCfg                                  rzn\fsp\src\r_ioport\r_ioport.o
R_IOPORT_PortDirectionSet                         rzn\fsp\src\r_ioport\r_ioport.o
R_IOPORT_PortEventInputRead                       rzn\fsp\src\r_ioport\r_ioport.o
R_IOPORT_PortEventOutputWrite                     rzn\fsp\src\r_ioport\r_ioport.o
R_IOPORT_PortRead                                 rzn\fsp\src\r_ioport\r_ioport.o
R_IOPORT_PortWrite                                rzn\fsp\src\r_ioport\r_ioport.o
R_IOPORT_VersionGet                               rzn\fsp\src\r_ioport\r_ioport.o
R_SCI_UART_Abort                                  rzn\fsp\src\r_sci_uart\r_sci_uart.o
R_SCI_UART_BaudCalculate                          rzn\fsp\src\r_sci_uart\r_sci_uart.o
R_SCI_UART_BaudSet                                rzn\fsp\src\r_sci_uart\r_sci_uart.o
R_SCI_UART_CallbackSet                            rzn\fsp\src\r_sci_uart\r_sci_uart.o
R_SCI_UART_Close                                  rzn\fsp\src\r_sci_uart\r_sci_uart.o
R_SCI_UART_InfoGet                                rzn\fsp\src\r_sci_uart\r_sci_uart.o
R_SCI_UART_Open                                   rzn\fsp\src\r_sci_uart\r_sci_uart.o
                                                  libraries\HAL_Drivers\drv_usart_v2.o
                                                  build\src\hal_entry.o
R_SCI_UART_Read                                   rzn\fsp\src\r_sci_uart\r_sci_uart.o
R_SCI_UART_ReadStop                               rzn\fsp\src\r_sci_uart\r_sci_uart.o
R_SCI_UART_VersionGet                             rzn\fsp\src\r_sci_uart\r_sci_uart.o
R_SCI_UART_Write                                  rzn\fsp\src\r_sci_uart\r_sci_uart.o
                                                  build\src\hal_entry.o
Reserved_Handler                                  rzn\fsp\src\bsp\cmsis\Device\RENESAS\Source\startup.o
Reset_Handler                                     rzn\fsp\src\bsp\cmsis\Device\RENESAS\Source\startup.o
                                                  build\kernel\libcpu\arm\cortex-r4\start_gcc.o
SVC_Handler                                       rzn\fsp\src\bsp\cmsis\Device\RENESAS\Source\startup.o
SysTick                                           libraries\HAL_Drivers\drv_common.o
SysTick_Handler                                   libraries\HAL_Drivers\drv_common.o
SystemCoreClock                                   rzn\fsp\src\bsp\cmsis\Device\RENESAS\Source\system.o
                                                  rzn\fsp\src\bsp\mcu\all\bsp_delay.o
                                                  rzn\fsp\src\bsp\mcu\all\bsp_clocks.o
SystemCoreClockUpdate                             rzn\fsp\src\bsp\mcu\all\bsp_clocks.o
                                                  rzn\fsp\src\bsp\cmsis\Device\RENESAS\Source\startup.o
Undefined_Handler                                 rzn\fsp\src\bsp\cmsis\Device\RENESAS\Source\startup.o
_DmacLinkMode_end                                 rzn\fsp\src\bsp\cmsis\Device\RENESAS\Source\system.o
_DmacLinkMode_start                               rzn\fsp\src\bsp\cmsis\Device\RENESAS\Source\system.o
_Error_Handler                                    libraries\HAL_Drivers\drv_common.o
_PathLocale                                       d:/scoop/apps/rt-gcc-arm-none-eabi/10.3/bin/../lib/gcc/arm-none-eabi/10.3.1/../../../../arm-none-eabi/lib/thumb/v7+fp/hard\libc.a(lib_a-locale.o)
__AbtStackLimit                                   rzn\fsp\src\bsp\cmsis\Device\RENESAS\Source\startup.o
__FiqStackLimit                                   rzn\fsp\src\bsp\cmsis\Device\RENESAS\Source\startup.o
__HeapBase                                        rzn\fsp\src\bsp\mcu\all\bsp_sbrk.o
__HeapLimit                                       rzn\fsp\src\bsp\mcu\all\bsp_sbrk.o
__IrqStackLimit                                   rzn\fsp\src\bsp\cmsis\Device\RENESAS\Source\startup.o
__SvcStackLimit                                   rzn\fsp\src\bsp\cmsis\Device\RENESAS\Source\startup.o
__SysStackLimit                                   rzn\fsp\src\bsp\cmsis\Device\RENESAS\Source\startup.o
__UndStackLimit                                   rzn\fsp\src\bsp\cmsis\Device\RENESAS\Source\startup.o
__Vectors                                         rzn\fsp\src\bsp\cmsis\Device\RENESAS\Source\startup.o
__adddf3                                          d:/scoop/apps/rt-gcc-arm-none-eabi/10.3/bin/../lib/gcc/arm-none-eabi/10.3.1/thumb/v7+fp/hard\libgcc.a(_arm_addsubdf3.o)
__aeabi_dadd                                      d:/scoop/apps/rt-gcc-arm-none-eabi/10.3/bin/../lib/gcc/arm-none-eabi/10.3.1/thumb/v7+fp/hard\libgcc.a(_arm_addsubdf3.o)
__aeabi_drsub                                     d:/scoop/apps/rt-gcc-arm-none-eabi/10.3/bin/../lib/gcc/arm-none-eabi/10.3.1/thumb/v7+fp/hard\libgcc.a(_arm_addsubdf3.o)
__aeabi_dsub                                      d:/scoop/apps/rt-gcc-arm-none-eabi/10.3/bin/../lib/gcc/arm-none-eabi/10.3.1/thumb/v7+fp/hard\libgcc.a(_arm_addsubdf3.o)
__aeabi_f2d                                       d:/scoop/apps/rt-gcc-arm-none-eabi/10.3/bin/../lib/gcc/arm-none-eabi/10.3.1/thumb/v7+fp/hard\libgcc.a(_arm_addsubdf3.o)
__aeabi_i2d                                       d:/scoop/apps/rt-gcc-arm-none-eabi/10.3/bin/../lib/gcc/arm-none-eabi/10.3.1/thumb/v7+fp/hard\libgcc.a(_arm_addsubdf3.o)
__aeabi_idiv                                      d:/scoop/apps/rt-gcc-arm-none-eabi/10.3/bin/../lib/gcc/arm-none-eabi/10.3.1/thumb/v7+fp/hard\libgcc.a(_divsi3.o)
                                                  d:/scoop/apps/rt-gcc-arm-none-eabi/10.3/bin/../lib/gcc/arm-none-eabi/10.3.1/../../../../arm-none-eabi/lib/thumb/v7+fp/hard\libc.a(lib_a-fvwrite.o)
__aeabi_idiv0                                     d:/scoop/apps/rt-gcc-arm-none-eabi/10.3/bin/../lib/gcc/arm-none-eabi/10.3.1/thumb/v7+fp/hard\libgcc.a(_dvmd_tls.o)
                                                  d:/scoop/apps/rt-gcc-arm-none-eabi/10.3/bin/../lib/gcc/arm-none-eabi/10.3.1/thumb/v7+fp/hard\libgcc.a(_divsi3.o)
                                                  d:/scoop/apps/rt-gcc-arm-none-eabi/10.3/bin/../lib/gcc/arm-none-eabi/10.3.1/thumb/v7+fp/hard\libgcc.a(_udivsi3.o)
__aeabi_idivmod                                   d:/scoop/apps/rt-gcc-arm-none-eabi/10.3/bin/../lib/gcc/arm-none-eabi/10.3.1/thumb/v7+fp/hard\libgcc.a(_divsi3.o)
__aeabi_l2d                                       d:/scoop/apps/rt-gcc-arm-none-eabi/10.3/bin/../lib/gcc/arm-none-eabi/10.3.1/thumb/v7+fp/hard\libgcc.a(_arm_addsubdf3.o)
                                                  build\kernel\components\libc\compilers\common\ctime.o
__aeabi_ldiv0                                     d:/scoop/apps/rt-gcc-arm-none-eabi/10.3/bin/../lib/gcc/arm-none-eabi/10.3.1/thumb/v7+fp/hard\libgcc.a(_dvmd_tls.o)
                                                  d:/scoop/apps/rt-gcc-arm-none-eabi/10.3/bin/../lib/gcc/arm-none-eabi/10.3.1/thumb/v7+fp/hard\libgcc.a(_aeabi_uldivmod.o)
                                                  d:/scoop/apps/rt-gcc-arm-none-eabi/10.3/bin/../lib/gcc/arm-none-eabi/10.3.1/thumb/v7+fp/hard\libgcc.a(_aeabi_ldivmod.o)
__aeabi_ldivmod                                   d:/scoop/apps/rt-gcc-arm-none-eabi/10.3/bin/../lib/gcc/arm-none-eabi/10.3.1/thumb/v7+fp/hard\libgcc.a(_aeabi_ldivmod.o)
                                                  rzn\fsp\src\r_sci_uart\r_sci_uart.o
                                                  build\kernel\components\libc\compilers\common\ctime.o
__aeabi_ui2d                                      d:/scoop/apps/rt-gcc-arm-none-eabi/10.3/bin/../lib/gcc/arm-none-eabi/10.3.1/thumb/v7+fp/hard\libgcc.a(_arm_addsubdf3.o)
__aeabi_uidiv                                     d:/scoop/apps/rt-gcc-arm-none-eabi/10.3/bin/../lib/gcc/arm-none-eabi/10.3.1/thumb/v7+fp/hard\libgcc.a(_udivsi3.o)
                                                  d:/scoop/apps/rt-gcc-arm-none-eabi/10.3/bin/../lib/gcc/arm-none-eabi/10.3.1/../../../../arm-none-eabi/lib/thumb/v7+fp/hard\libc.a(lib_a-strtoul.o)
__aeabi_uidivmod                                  d:/scoop/apps/rt-gcc-arm-none-eabi/10.3/bin/../lib/gcc/arm-none-eabi/10.3.1/thumb/v7+fp/hard\libgcc.a(_udivsi3.o)
                                                  d:/scoop/apps/rt-gcc-arm-none-eabi/10.3/bin/../lib/gcc/arm-none-eabi/10.3.1/../../../../arm-none-eabi/lib/thumb/v7+fp/hard\libc.a(lib_a-strtoul.o)
                                                  d:/scoop/apps/rt-gcc-arm-none-eabi/10.3/bin/../lib/gcc/arm-none-eabi/10.3.1/../../../../arm-none-eabi/lib/thumb/v7+fp/hard\libc.a(lib_a-strtol.o)
__aeabi_ul2d                                      d:/scoop/apps/rt-gcc-arm-none-eabi/10.3/bin/../lib/gcc/arm-none-eabi/10.3.1/thumb/v7+fp/hard\libgcc.a(_arm_addsubdf3.o)
__aeabi_uldivmod                                  d:/scoop/apps/rt-gcc-arm-none-eabi/10.3/bin/../lib/gcc/arm-none-eabi/10.3.1/thumb/v7+fp/hard\libgcc.a(_aeabi_uldivmod.o)
                                                  d:/scoop/apps/rt-gcc-arm-none-eabi/10.3/bin/../lib/gcc/arm-none-eabi/10.3.1/../../../../arm-none-eabi/lib/thumb/v7+fp/hard\libc.a(lib_a-vfiprintf.o)
                                                  rzn\fsp\src\bsp\mcu\all\bsp_delay.o
__ascii_mbtowc                                    d:/scoop/apps/rt-gcc-arm-none-eabi/10.3/bin/../lib/gcc/arm-none-eabi/10.3.1/../../../../arm-none-eabi/lib/thumb/v7+fp/hard\libc.a(lib_a-mbtowc_r.o)
                                                  d:/scoop/apps/rt-gcc-arm-none-eabi/10.3/bin/../lib/gcc/arm-none-eabi/10.3.1/../../../../arm-none-eabi/lib/thumb/v7+fp/hard\libc.a(lib_a-locale.o)
__ascii_wctomb                                    d:/scoop/apps/rt-gcc-arm-none-eabi/10.3/bin/../lib/gcc/arm-none-eabi/10.3.1/../../../../arm-none-eabi/lib/thumb/v7+fp/hard\libc.a(lib_a-wctomb_r.o)
                                                  d:/scoop/apps/rt-gcc-arm-none-eabi/10.3/bin/../lib/gcc/arm-none-eabi/10.3.1/../../../../arm-none-eabi/lib/thumb/v7+fp/hard\libc.a(lib_a-locale.o)
__assert                                          d:/scoop/apps/rt-gcc-arm-none-eabi/10.3/bin/../lib/gcc/arm-none-eabi/10.3.1/../../../../arm-none-eabi/lib/thumb/v7+fp/hard\libc.a(lib_a-assert.o)
__assert_func                                     d:/scoop/apps/rt-gcc-arm-none-eabi/10.3/bin/../lib/gcc/arm-none-eabi/10.3.1/../../../../arm-none-eabi/lib/thumb/v7+fp/hard\libc.a(lib_a-assert.o)
                                                  build\src\hal_entry.o
__atexit_recursive_mutex                          d:/scoop/apps/rt-gcc-arm-none-eabi/10.3/bin/../lib/gcc/arm-none-eabi/10.3.1/../../../../arm-none-eabi/lib/thumb/v7+fp/hard\libc.a(lib_a-__call_atexit.o)
                                                  d:/scoop/apps/rt-gcc-arm-none-eabi/10.3/bin/../lib/gcc/arm-none-eabi/10.3.1/../../../../arm-none-eabi/lib/thumb/v7+fp/hard\libc.a(lib_a-__atexit.o)
__bss_end                                         build\kernel\libcpu\arm\cortex-r4\start_gcc.o
__bss_end__                                       rzn\fsp\src\bsp\cmsis\Device\RENESAS\Source\system.o
                                                  d:/scoop/apps/rt-gcc-arm-none-eabi/10.3/bin/../lib/gcc/arm-none-eabi/10.3.1/../../../../arm-none-eabi/lib/thumb/v7+fp/hard/crt0.o
__bss_start                                       build\kernel\libcpu\arm\cortex-r4\start_gcc.o
__bss_start__                                     rzn\fsp\src\bsp\cmsis\Device\RENESAS\Source\system.o
                                                  d:/scoop/apps/rt-gcc-arm-none-eabi/10.3/bin/../lib/gcc/arm-none-eabi/10.3.1/../../../../arm-none-eabi/lib/thumb/v7+fp/hard/crt0.o
__call_exitprocs                                  d:/scoop/apps/rt-gcc-arm-none-eabi/10.3/bin/../lib/gcc/arm-none-eabi/10.3.1/../../../../arm-none-eabi/lib/thumb/v7+fp/hard\libc.a(lib_a-__call_atexit.o)
                                                  d:/scoop/apps/rt-gcc-arm-none-eabi/10.3/bin/../lib/gcc/arm-none-eabi/10.3.1/../../../../arm-none-eabi/lib/thumb/v7+fp/hard\libc.a(lib_a-exit.o)
__ctors_end__                                     build\kernel\libcpu\arm\cortex-r4\start_gcc.o
__ctors_start__                                   build\kernel\libcpu\arm\cortex-r4\start_gcc.o
__deregister_frame_info                           d:/scoop/apps/rt-gcc-arm-none-eabi/10.3/bin/../lib/gcc/arm-none-eabi/10.3.1/thumb/v7+fp/hard/crtbegin.o
__div0                                            build\kernel\libcpu\arm\common\div0.o
__divsi3                                          d:/scoop/apps/rt-gcc-arm-none-eabi/10.3/bin/../lib/gcc/arm-none-eabi/10.3.1/thumb/v7+fp/hard\libgcc.a(_divsi3.o)
__dso_handle                                      d:/scoop/apps/rt-gcc-arm-none-eabi/10.3/bin/../lib/gcc/arm-none-eabi/10.3.1/thumb/v7+fp/hard/crtbegin.o
__errno                                           build\kernel\components\libc\compilers\newlib\syscalls.o
                                                  d:/scoop/apps/rt-gcc-arm-none-eabi/10.3/bin/../lib/gcc/arm-none-eabi/10.3.1/../../../../arm-none-eabi/lib/thumb/v7+fp/hard\libc.a(lib_a-strtol.o)
                                                  rzn\fsp\src\bsp\mcu\all\bsp_sbrk.o
__extendsfdf2                                     d:/scoop/apps/rt-gcc-arm-none-eabi/10.3/bin/../lib/gcc/arm-none-eabi/10.3.1/thumb/v7+fp/hard\libgcc.a(_arm_addsubdf3.o)
__fini_array_end                                  d:/scoop/apps/rt-gcc-arm-none-eabi/10.3/bin/../lib/gcc/arm-none-eabi/10.3.1/../../../../arm-none-eabi/lib/thumb/v7+fp/hard\libc.a(lib_a-fini.o)
__fini_array_start                                d:/scoop/apps/rt-gcc-arm-none-eabi/10.3/bin/../lib/gcc/arm-none-eabi/10.3.1/../../../../arm-none-eabi/lib/thumb/v7+fp/hard\libc.a(lib_a-fini.o)
__floatdidf                                       d:/scoop/apps/rt-gcc-arm-none-eabi/10.3/bin/../lib/gcc/arm-none-eabi/10.3.1/thumb/v7+fp/hard\libgcc.a(_arm_addsubdf3.o)
__floatsidf                                       d:/scoop/apps/rt-gcc-arm-none-eabi/10.3/bin/../lib/gcc/arm-none-eabi/10.3.1/thumb/v7+fp/hard\libgcc.a(_arm_addsubdf3.o)
__floatundidf                                     d:/scoop/apps/rt-gcc-arm-none-eabi/10.3/bin/../lib/gcc/arm-none-eabi/10.3.1/thumb/v7+fp/hard\libgcc.a(_arm_addsubdf3.o)
__floatunsidf                                     d:/scoop/apps/rt-gcc-arm-none-eabi/10.3/bin/../lib/gcc/arm-none-eabi/10.3.1/thumb/v7+fp/hard\libgcc.a(_arm_addsubdf3.o)
__fp_lock_all                                     d:/scoop/apps/rt-gcc-arm-none-eabi/10.3/bin/../lib/gcc/arm-none-eabi/10.3.1/../../../../arm-none-eabi/lib/thumb/v7+fp/hard\libc.a(lib_a-findfp.o)
__fp_unlock_all                                   d:/scoop/apps/rt-gcc-arm-none-eabi/10.3/bin/../lib/gcc/arm-none-eabi/10.3.1/../../../../arm-none-eabi/lib/thumb/v7+fp/hard\libc.a(lib_a-findfp.o)
__fputwc                                          d:/scoop/apps/rt-gcc-arm-none-eabi/10.3/bin/../lib/gcc/arm-none-eabi/10.3.1/../../../../arm-none-eabi/lib/thumb/v7+fp/hard\libc.a(lib_a-fputwc.o)
__fsym_backtrace                                  build\kernel\src\kservice.o
__fsym_backtrace_desc                             build\kernel\src\kservice.o
__fsym_backtrace_name                             build\kernel\src\kservice.o
__fsym_clear                                      build\kernel\components\finsh\cmd.o
__fsym_clear_desc                                 build\kernel\components\finsh\cmd.o
__fsym_clear_name                                 build\kernel\components\finsh\cmd.o
__fsym_free                                       build\kernel\components\finsh\msh.o
__fsym_free_desc                                  build\kernel\components\finsh\msh.o
__fsym_free_name                                  build\kernel\components\finsh\msh.o
__fsym_help                                       build\kernel\components\finsh\msh.o
__fsym_help_desc                                  build\kernel\components\finsh\msh.o
__fsym_help_name                                  build\kernel\components\finsh\msh.o
__fsym_list                                       build\kernel\components\finsh\cmd.o
__fsym_list_desc                                  build\kernel\components\finsh\cmd.o
__fsym_list_name                                  build\kernel\components\finsh\cmd.o
__fsym_pin                                        build\kernel\components\drivers\misc\pin.o
__fsym_pin_desc                                   build\kernel\components\drivers\misc\pin.o
__fsym_pin_name                                   build\kernel\components\drivers\misc\pin.o
__fsym_ps                                         build\kernel\components\finsh\msh.o
__fsym_ps_desc                                    build\kernel\components\finsh\msh.o
__fsym_ps_name                                    build\kernel\components\finsh\msh.o
__fsym_reboot                                     libraries\HAL_Drivers\drv_common.o
__fsym_reboot_desc                                libraries\HAL_Drivers\drv_common.o
__fsym_reboot_name                                libraries\HAL_Drivers\drv_common.o
__fsym_rtthread_version                           build\kernel\components\finsh\cmd.o
__fsym_rtthread_version_desc                      build\kernel\components\finsh\cmd.o
__fsym_rtthread_version_name                      build\kernel\components\finsh\cmd.o
__fsymtab_end                                     build\kernel\components\finsh\shell.o
__fsymtab_start                                   build\kernel\components\finsh\shell.o
__global_locale                                   d:/scoop/apps/rt-gcc-arm-none-eabi/10.3/bin/../lib/gcc/arm-none-eabi/10.3.1/../../../../arm-none-eabi/lib/thumb/v7+fp/hard\libc.a(lib_a-locale.o)
                                                  d:/scoop/apps/rt-gcc-arm-none-eabi/10.3/bin/../lib/gcc/arm-none-eabi/10.3.1/../../../../arm-none-eabi/lib/thumb/v7+fp/hard\libc.a(lib_a-wctomb_r.o)
                                                  d:/scoop/apps/rt-gcc-arm-none-eabi/10.3/bin/../lib/gcc/arm-none-eabi/10.3.1/../../../../arm-none-eabi/lib/thumb/v7+fp/hard\libc.a(lib_a-wcrtomb.o)
                                                  d:/scoop/apps/rt-gcc-arm-none-eabi/10.3/bin/../lib/gcc/arm-none-eabi/10.3.1/../../../../arm-none-eabi/lib/thumb/v7+fp/hard\libc.a(lib_a-mbtowc_r.o)
                                                  d:/scoop/apps/rt-gcc-arm-none-eabi/10.3/bin/../lib/gcc/arm-none-eabi/10.3.1/../../../../arm-none-eabi/lib/thumb/v7+fp/hard\libc.a(lib_a-localeconv.o)
__init_array_end                                  rzn\fsp\src\bsp\cmsis\Device\RENESAS\Source\system.o
__init_array_start                                rzn\fsp\src\bsp\cmsis\Device\RENESAS\Source\system.o
__libc_fini                                       d:/scoop/apps/rt-gcc-arm-none-eabi/10.3/bin/../lib/gcc/arm-none-eabi/10.3.1/../../../../arm-none-eabi/lib/thumb/v7+fp/hard\libc.a(lib_a-__call_atexit.o)
__libc_fini_array                                 d:/scoop/apps/rt-gcc-arm-none-eabi/10.3/bin/../lib/gcc/arm-none-eabi/10.3.1/../../../../arm-none-eabi/lib/thumb/v7+fp/hard\libc.a(lib_a-fini.o)
                                                  d:/scoop/apps/rt-gcc-arm-none-eabi/10.3/bin/../lib/gcc/arm-none-eabi/10.3.1/../../../../arm-none-eabi/lib/thumb/v7+fp/hard\libc.a(lib_a-__call_atexit.o)
                                                  d:/scoop/apps/rt-gcc-arm-none-eabi/10.3/bin/../lib/gcc/arm-none-eabi/10.3.1/../../../../arm-none-eabi/lib/thumb/v7+fp/hard/crt0.o
__libc_init_array                                 build\kernel\components\libc\compilers\newlib\syscalls.o
                                                  d:/scoop/apps/rt-gcc-arm-none-eabi/10.3/bin/../lib/gcc/arm-none-eabi/10.3.1/../../../../arm-none-eabi/lib/thumb/v7+fp/hard/crt0.o
__loader_bss_end                                  rzn\fsp\src\bsp\cmsis\Device\RENESAS\Source\system.o
__loader_bss_start                                rzn\fsp\src\bsp\cmsis\Device\RENESAS\Source\system.o
__locale_mb_cur_max                               d:/scoop/apps/rt-gcc-arm-none-eabi/10.3/bin/../lib/gcc/arm-none-eabi/10.3.1/../../../../arm-none-eabi/lib/thumb/v7+fp/hard\libc.a(lib_a-locale.o)
                                                  d:/scoop/apps/rt-gcc-arm-none-eabi/10.3/bin/../lib/gcc/arm-none-eabi/10.3.1/../../../../arm-none-eabi/lib/thumb/v7+fp/hard\libc.a(lib_a-fputwc.o)
__localeconv_l                                    d:/scoop/apps/rt-gcc-arm-none-eabi/10.3/bin/../lib/gcc/arm-none-eabi/10.3.1/../../../../arm-none-eabi/lib/thumb/v7+fp/hard\libc.a(lib_a-localeconv.o)
__lock___arc4random_mutex                         d:/scoop/apps/rt-gcc-arm-none-eabi/10.3/bin/../lib/gcc/arm-none-eabi/10.3.1/../../../../arm-none-eabi/lib/thumb/v7+fp/hard\libc.a(lib_a-lock.o)
__lock___at_quick_exit_mutex                      d:/scoop/apps/rt-gcc-arm-none-eabi/10.3/bin/../lib/gcc/arm-none-eabi/10.3.1/../../../../arm-none-eabi/lib/thumb/v7+fp/hard\libc.a(lib_a-lock.o)
__lock___atexit_recursive_mutex                   d:/scoop/apps/rt-gcc-arm-none-eabi/10.3/bin/../lib/gcc/arm-none-eabi/10.3.1/../../../../arm-none-eabi/lib/thumb/v7+fp/hard\libc.a(lib_a-lock.o)
                                                  d:/scoop/apps/rt-gcc-arm-none-eabi/10.3/bin/../lib/gcc/arm-none-eabi/10.3.1/../../../../arm-none-eabi/lib/thumb/v7+fp/hard\libc.a(lib_a-__call_atexit.o)
__lock___dd_hash_mutex                            d:/scoop/apps/rt-gcc-arm-none-eabi/10.3/bin/../lib/gcc/arm-none-eabi/10.3.1/../../../../arm-none-eabi/lib/thumb/v7+fp/hard\libc.a(lib_a-lock.o)
__lock___env_recursive_mutex                      d:/scoop/apps/rt-gcc-arm-none-eabi/10.3/bin/../lib/gcc/arm-none-eabi/10.3.1/../../../../arm-none-eabi/lib/thumb/v7+fp/hard\libc.a(lib_a-lock.o)
__lock___malloc_recursive_mutex                   d:/scoop/apps/rt-gcc-arm-none-eabi/10.3/bin/../lib/gcc/arm-none-eabi/10.3.1/../../../../arm-none-eabi/lib/thumb/v7+fp/hard\libc.a(lib_a-lock.o)
__lock___sfp_recursive_mutex                      d:/scoop/apps/rt-gcc-arm-none-eabi/10.3/bin/../lib/gcc/arm-none-eabi/10.3.1/../../../../arm-none-eabi/lib/thumb/v7+fp/hard\libc.a(lib_a-lock.o)
                                                  d:/scoop/apps/rt-gcc-arm-none-eabi/10.3/bin/../lib/gcc/arm-none-eabi/10.3.1/../../../../arm-none-eabi/lib/thumb/v7+fp/hard\libc.a(lib_a-findfp.o)
__lock___sinit_recursive_mutex                    d:/scoop/apps/rt-gcc-arm-none-eabi/10.3/bin/../lib/gcc/arm-none-eabi/10.3.1/../../../../arm-none-eabi/lib/thumb/v7+fp/hard\libc.a(lib_a-lock.o)
                                                  d:/scoop/apps/rt-gcc-arm-none-eabi/10.3/bin/../lib/gcc/arm-none-eabi/10.3.1/../../../../arm-none-eabi/lib/thumb/v7+fp/hard\libc.a(lib_a-findfp.o)
__lock___tz_mutex                                 d:/scoop/apps/rt-gcc-arm-none-eabi/10.3/bin/../lib/gcc/arm-none-eabi/10.3.1/../../../../arm-none-eabi/lib/thumb/v7+fp/hard\libc.a(lib_a-lock.o)
__lowest_bit_bitmap                               build\kernel\src\kservice.o
__preinit_array_end                               rzn\fsp\src\bsp\cmsis\Device\RENESAS\Source\system.o
__preinit_array_start                             rzn\fsp\src\bsp\cmsis\Device\RENESAS\Source\system.o
__register_exitproc                               d:/scoop/apps/rt-gcc-arm-none-eabi/10.3/bin/../lib/gcc/arm-none-eabi/10.3.1/../../../../arm-none-eabi/lib/thumb/v7+fp/hard\libc.a(lib_a-__atexit.o)
                                                  d:/scoop/apps/rt-gcc-arm-none-eabi/10.3/bin/../lib/gcc/arm-none-eabi/10.3.1/../../../../arm-none-eabi/lib/thumb/v7+fp/hard\libc.a(lib_a-atexit.o)
__register_frame_info                             d:/scoop/apps/rt-gcc-arm-none-eabi/10.3/bin/../lib/gcc/arm-none-eabi/10.3.1/thumb/v7+fp/hard/crtbegin.o
__retarget_lock_acquire                           d:/scoop/apps/rt-gcc-arm-none-eabi/10.3/bin/../lib/gcc/arm-none-eabi/10.3.1/../../../../arm-none-eabi/lib/thumb/v7+fp/hard\libc.a(lib_a-lock.o)
__retarget_lock_acquire_recursive                 d:/scoop/apps/rt-gcc-arm-none-eabi/10.3/bin/../lib/gcc/arm-none-eabi/10.3.1/../../../../arm-none-eabi/lib/thumb/v7+fp/hard\libc.a(lib_a-lock.o)
                                                  d:/scoop/apps/rt-gcc-arm-none-eabi/10.3/bin/../lib/gcc/arm-none-eabi/10.3.1/../../../../arm-none-eabi/lib/thumb/v7+fp/hard\libc.a(lib_a-fclose.o)
                                                  d:/scoop/apps/rt-gcc-arm-none-eabi/10.3/bin/../lib/gcc/arm-none-eabi/10.3.1/../../../../arm-none-eabi/lib/thumb/v7+fp/hard\libc.a(lib_a-__atexit.o)
                                                  d:/scoop/apps/rt-gcc-arm-none-eabi/10.3/bin/../lib/gcc/arm-none-eabi/10.3.1/../../../../arm-none-eabi/lib/thumb/v7+fp/hard\libc.a(lib_a-fputwc.o)
                                                  d:/scoop/apps/rt-gcc-arm-none-eabi/10.3/bin/../lib/gcc/arm-none-eabi/10.3.1/../../../../arm-none-eabi/lib/thumb/v7+fp/hard\libc.a(lib_a-findfp.o)
                                                  d:/scoop/apps/rt-gcc-arm-none-eabi/10.3/bin/../lib/gcc/arm-none-eabi/10.3.1/../../../../arm-none-eabi/lib/thumb/v7+fp/hard\libc.a(lib_a-fflush.o)
                                                  d:/scoop/apps/rt-gcc-arm-none-eabi/10.3/bin/../lib/gcc/arm-none-eabi/10.3.1/../../../../arm-none-eabi/lib/thumb/v7+fp/hard\libc.a(lib_a-__call_atexit.o)
                                                  d:/scoop/apps/rt-gcc-arm-none-eabi/10.3/bin/../lib/gcc/arm-none-eabi/10.3.1/../../../../arm-none-eabi/lib/thumb/v7+fp/hard\libc.a(lib_a-vfiprintf.o)
__retarget_lock_close                             d:/scoop/apps/rt-gcc-arm-none-eabi/10.3/bin/../lib/gcc/arm-none-eabi/10.3.1/../../../../arm-none-eabi/lib/thumb/v7+fp/hard\libc.a(lib_a-lock.o)
__retarget_lock_close_recursive                   d:/scoop/apps/rt-gcc-arm-none-eabi/10.3/bin/../lib/gcc/arm-none-eabi/10.3.1/../../../../arm-none-eabi/lib/thumb/v7+fp/hard\libc.a(lib_a-lock.o)
                                                  d:/scoop/apps/rt-gcc-arm-none-eabi/10.3/bin/../lib/gcc/arm-none-eabi/10.3.1/../../../../arm-none-eabi/lib/thumb/v7+fp/hard\libc.a(lib_a-fclose.o)
                                                  d:/scoop/apps/rt-gcc-arm-none-eabi/10.3/bin/../lib/gcc/arm-none-eabi/10.3.1/../../../../arm-none-eabi/lib/thumb/v7+fp/hard\libc.a(lib_a-vfiprintf.o)
__retarget_lock_init                              d:/scoop/apps/rt-gcc-arm-none-eabi/10.3/bin/../lib/gcc/arm-none-eabi/10.3.1/../../../../arm-none-eabi/lib/thumb/v7+fp/hard\libc.a(lib_a-lock.o)
__retarget_lock_init_recursive                    d:/scoop/apps/rt-gcc-arm-none-eabi/10.3/bin/../lib/gcc/arm-none-eabi/10.3.1/../../../../arm-none-eabi/lib/thumb/v7+fp/hard\libc.a(lib_a-lock.o)
                                                  d:/scoop/apps/rt-gcc-arm-none-eabi/10.3/bin/../lib/gcc/arm-none-eabi/10.3.1/../../../../arm-none-eabi/lib/thumb/v7+fp/hard\libc.a(lib_a-findfp.o)
                                                  d:/scoop/apps/rt-gcc-arm-none-eabi/10.3/bin/../lib/gcc/arm-none-eabi/10.3.1/../../../../arm-none-eabi/lib/thumb/v7+fp/hard\libc.a(lib_a-vfiprintf.o)
__retarget_lock_release                           d:/scoop/apps/rt-gcc-arm-none-eabi/10.3/bin/../lib/gcc/arm-none-eabi/10.3.1/../../../../arm-none-eabi/lib/thumb/v7+fp/hard\libc.a(lib_a-lock.o)
__retarget_lock_release_recursive                 d:/scoop/apps/rt-gcc-arm-none-eabi/10.3/bin/../lib/gcc/arm-none-eabi/10.3.1/../../../../arm-none-eabi/lib/thumb/v7+fp/hard\libc.a(lib_a-lock.o)
                                                  d:/scoop/apps/rt-gcc-arm-none-eabi/10.3/bin/../lib/gcc/arm-none-eabi/10.3.1/../../../../arm-none-eabi/lib/thumb/v7+fp/hard\libc.a(lib_a-fclose.o)
                                                  d:/scoop/apps/rt-gcc-arm-none-eabi/10.3/bin/../lib/gcc/arm-none-eabi/10.3.1/../../../../arm-none-eabi/lib/thumb/v7+fp/hard\libc.a(lib_a-__atexit.o)
                                                  d:/scoop/apps/rt-gcc-arm-none-eabi/10.3/bin/../lib/gcc/arm-none-eabi/10.3.1/../../../../arm-none-eabi/lib/thumb/v7+fp/hard\libc.a(lib_a-fputwc.o)
                                                  d:/scoop/apps/rt-gcc-arm-none-eabi/10.3/bin/../lib/gcc/arm-none-eabi/10.3.1/../../../../arm-none-eabi/lib/thumb/v7+fp/hard\libc.a(lib_a-findfp.o)
                                                  d:/scoop/apps/rt-gcc-arm-none-eabi/10.3/bin/../lib/gcc/arm-none-eabi/10.3.1/../../../../arm-none-eabi/lib/thumb/v7+fp/hard\libc.a(lib_a-fflush.o)
                                                  d:/scoop/apps/rt-gcc-arm-none-eabi/10.3/bin/../lib/gcc/arm-none-eabi/10.3.1/../../../../arm-none-eabi/lib/thumb/v7+fp/hard\libc.a(lib_a-__call_atexit.o)
                                                  d:/scoop/apps/rt-gcc-arm-none-eabi/10.3/bin/../lib/gcc/arm-none-eabi/10.3.1/../../../../arm-none-eabi/lib/thumb/v7+fp/hard\libc.a(lib_a-vfiprintf.o)
__retarget_lock_try_acquire                       d:/scoop/apps/rt-gcc-arm-none-eabi/10.3/bin/../lib/gcc/arm-none-eabi/10.3.1/../../../../arm-none-eabi/lib/thumb/v7+fp/hard\libc.a(lib_a-lock.o)
__retarget_lock_try_acquire_recursive             d:/scoop/apps/rt-gcc-arm-none-eabi/10.3/bin/../lib/gcc/arm-none-eabi/10.3.1/../../../../arm-none-eabi/lib/thumb/v7+fp/hard\libc.a(lib_a-lock.o)
__rt_ffs                                          build\kernel\src\kservice.o
                                                  build\kernel\src\scheduler_up.o
__rt_init_finsh_system_init                       build\kernel\components\finsh\shell.o
__rt_init_rti_board_end                           build\kernel\src\components.o
__rt_init_rti_board_start                         build\kernel\src\components.o
__rt_init_rti_end                                 build\kernel\src\components.o
__rt_init_rti_start                               build\kernel\src\components.o
__rt_libc_exit                                    build\kernel\components\libc\compilers\common\cstdlib.o
                                                  build\kernel\components\libc\compilers\newlib\syscalls.o
__sclose                                          d:/scoop/apps/rt-gcc-arm-none-eabi/10.3/bin/../lib/gcc/arm-none-eabi/10.3.1/../../../../arm-none-eabi/lib/thumb/v7+fp/hard\libc.a(lib_a-stdio.o)
                                                  d:/scoop/apps/rt-gcc-arm-none-eabi/10.3/bin/../lib/gcc/arm-none-eabi/10.3.1/../../../../arm-none-eabi/lib/thumb/v7+fp/hard\libc.a(lib_a-findfp.o)
__seofread                                        d:/scoop/apps/rt-gcc-arm-none-eabi/10.3/bin/../lib/gcc/arm-none-eabi/10.3.1/../../../../arm-none-eabi/lib/thumb/v7+fp/hard\libc.a(lib_a-stdio.o)
__sflush_r                                        d:/scoop/apps/rt-gcc-arm-none-eabi/10.3/bin/../lib/gcc/arm-none-eabi/10.3.1/../../../../arm-none-eabi/lib/thumb/v7+fp/hard\libc.a(lib_a-fflush.o)
                                                  d:/scoop/apps/rt-gcc-arm-none-eabi/10.3/bin/../lib/gcc/arm-none-eabi/10.3.1/../../../../arm-none-eabi/lib/thumb/v7+fp/hard\libc.a(lib_a-fclose.o)
__sfmoreglue                                      d:/scoop/apps/rt-gcc-arm-none-eabi/10.3/bin/../lib/gcc/arm-none-eabi/10.3.1/../../../../arm-none-eabi/lib/thumb/v7+fp/hard\libc.a(lib_a-findfp.o)
__sfp                                             d:/scoop/apps/rt-gcc-arm-none-eabi/10.3/bin/../lib/gcc/arm-none-eabi/10.3.1/../../../../arm-none-eabi/lib/thumb/v7+fp/hard\libc.a(lib_a-findfp.o)
__sfp_lock_acquire                                d:/scoop/apps/rt-gcc-arm-none-eabi/10.3/bin/../lib/gcc/arm-none-eabi/10.3.1/../../../../arm-none-eabi/lib/thumb/v7+fp/hard\libc.a(lib_a-findfp.o)
                                                  d:/scoop/apps/rt-gcc-arm-none-eabi/10.3/bin/../lib/gcc/arm-none-eabi/10.3.1/../../../../arm-none-eabi/lib/thumb/v7+fp/hard\libc.a(lib_a-fclose.o)
__sfp_lock_release                                d:/scoop/apps/rt-gcc-arm-none-eabi/10.3/bin/../lib/gcc/arm-none-eabi/10.3.1/../../../../arm-none-eabi/lib/thumb/v7+fp/hard\libc.a(lib_a-findfp.o)
                                                  d:/scoop/apps/rt-gcc-arm-none-eabi/10.3/bin/../lib/gcc/arm-none-eabi/10.3.1/../../../../arm-none-eabi/lib/thumb/v7+fp/hard\libc.a(lib_a-fclose.o)
__sfvwrite_r                                      d:/scoop/apps/rt-gcc-arm-none-eabi/10.3/bin/../lib/gcc/arm-none-eabi/10.3.1/../../../../arm-none-eabi/lib/thumb/v7+fp/hard\libc.a(lib_a-fvwrite.o)
                                                  d:/scoop/apps/rt-gcc-arm-none-eabi/10.3/bin/../lib/gcc/arm-none-eabi/10.3.1/../../../../arm-none-eabi/lib/thumb/v7+fp/hard\libc.a(lib_a-vfiprintf.o)
__sigtramp                                        d:/scoop/apps/rt-gcc-arm-none-eabi/10.3/bin/../lib/gcc/arm-none-eabi/10.3.1/../../../../arm-none-eabi/lib/thumb/v7+fp/hard\libc.a(lib_a-signal.o)
__sigtramp_r                                      d:/scoop/apps/rt-gcc-arm-none-eabi/10.3/bin/../lib/gcc/arm-none-eabi/10.3.1/../../../../arm-none-eabi/lib/thumb/v7+fp/hard\libc.a(lib_a-signal.o)
__sinit                                           d:/scoop/apps/rt-gcc-arm-none-eabi/10.3/bin/../lib/gcc/arm-none-eabi/10.3.1/../../../../arm-none-eabi/lib/thumb/v7+fp/hard\libc.a(lib_a-findfp.o)
                                                  d:/scoop/apps/rt-gcc-arm-none-eabi/10.3/bin/../lib/gcc/arm-none-eabi/10.3.1/../../../../arm-none-eabi/lib/thumb/v7+fp/hard\libc.a(lib_a-fclose.o)
                                                  d:/scoop/apps/rt-gcc-arm-none-eabi/10.3/bin/../lib/gcc/arm-none-eabi/10.3.1/../../../../arm-none-eabi/lib/thumb/v7+fp/hard\libc.a(lib_a-wbuf.o)
                                                  d:/scoop/apps/rt-gcc-arm-none-eabi/10.3/bin/../lib/gcc/arm-none-eabi/10.3.1/../../../../arm-none-eabi/lib/thumb/v7+fp/hard\libc.a(lib_a-fputwc.o)
                                                  d:/scoop/apps/rt-gcc-arm-none-eabi/10.3/bin/../lib/gcc/arm-none-eabi/10.3.1/../../../../arm-none-eabi/lib/thumb/v7+fp/hard\libc.a(lib_a-fflush.o)
                                                  d:/scoop/apps/rt-gcc-arm-none-eabi/10.3/bin/../lib/gcc/arm-none-eabi/10.3.1/../../../../arm-none-eabi/lib/thumb/v7+fp/hard\libc.a(lib_a-wsetup.o)
                                                  d:/scoop/apps/rt-gcc-arm-none-eabi/10.3/bin/../lib/gcc/arm-none-eabi/10.3.1/../../../../arm-none-eabi/lib/thumb/v7+fp/hard\libc.a(lib_a-vfiprintf.o)
__sinit_lock_acquire                              d:/scoop/apps/rt-gcc-arm-none-eabi/10.3/bin/../lib/gcc/arm-none-eabi/10.3.1/../../../../arm-none-eabi/lib/thumb/v7+fp/hard\libc.a(lib_a-findfp.o)
__sinit_lock_release                              d:/scoop/apps/rt-gcc-arm-none-eabi/10.3/bin/../lib/gcc/arm-none-eabi/10.3.1/../../../../arm-none-eabi/lib/thumb/v7+fp/hard\libc.a(lib_a-findfp.o)
__smakebuf_r                                      d:/scoop/apps/rt-gcc-arm-none-eabi/10.3/bin/../lib/gcc/arm-none-eabi/10.3.1/../../../../arm-none-eabi/lib/thumb/v7+fp/hard\libc.a(lib_a-makebuf.o)
                                                  d:/scoop/apps/rt-gcc-arm-none-eabi/10.3/bin/../lib/gcc/arm-none-eabi/10.3.1/../../../../arm-none-eabi/lib/thumb/v7+fp/hard\libc.a(lib_a-wsetup.o)
__sprint_r                                        d:/scoop/apps/rt-gcc-arm-none-eabi/10.3/bin/../lib/gcc/arm-none-eabi/10.3.1/../../../../arm-none-eabi/lib/thumb/v7+fp/hard\libc.a(lib_a-vfiprintf.o)
__sread                                           d:/scoop/apps/rt-gcc-arm-none-eabi/10.3/bin/../lib/gcc/arm-none-eabi/10.3.1/../../../../arm-none-eabi/lib/thumb/v7+fp/hard\libc.a(lib_a-stdio.o)
                                                  d:/scoop/apps/rt-gcc-arm-none-eabi/10.3/bin/../lib/gcc/arm-none-eabi/10.3.1/../../../../arm-none-eabi/lib/thumb/v7+fp/hard\libc.a(lib_a-findfp.o)
__sseek                                           d:/scoop/apps/rt-gcc-arm-none-eabi/10.3/bin/../lib/gcc/arm-none-eabi/10.3.1/../../../../arm-none-eabi/lib/thumb/v7+fp/hard\libc.a(lib_a-stdio.o)
                                                  d:/scoop/apps/rt-gcc-arm-none-eabi/10.3/bin/../lib/gcc/arm-none-eabi/10.3.1/../../../../arm-none-eabi/lib/thumb/v7+fp/hard\libc.a(lib_a-findfp.o)
__stack                                           d:/scoop/apps/rt-gcc-arm-none-eabi/10.3/bin/../lib/gcc/arm-none-eabi/10.3.1/../../../../arm-none-eabi/lib/thumb/v7+fp/hard/crt0.o
__subdf3                                          d:/scoop/apps/rt-gcc-arm-none-eabi/10.3/bin/../lib/gcc/arm-none-eabi/10.3.1/thumb/v7+fp/hard\libgcc.a(_arm_addsubdf3.o)
__swbuf                                           d:/scoop/apps/rt-gcc-arm-none-eabi/10.3/bin/../lib/gcc/arm-none-eabi/10.3.1/../../../../arm-none-eabi/lib/thumb/v7+fp/hard\libc.a(lib_a-wbuf.o)
__swbuf_r                                         d:/scoop/apps/rt-gcc-arm-none-eabi/10.3/bin/../lib/gcc/arm-none-eabi/10.3.1/../../../../arm-none-eabi/lib/thumb/v7+fp/hard\libc.a(lib_a-wbuf.o)
                                                  d:/scoop/apps/rt-gcc-arm-none-eabi/10.3/bin/../lib/gcc/arm-none-eabi/10.3.1/../../../../arm-none-eabi/lib/thumb/v7+fp/hard\libc.a(lib_a-fputwc.o)
__swhatbuf_r                                      d:/scoop/apps/rt-gcc-arm-none-eabi/10.3/bin/../lib/gcc/arm-none-eabi/10.3.1/../../../../arm-none-eabi/lib/thumb/v7+fp/hard\libc.a(lib_a-makebuf.o)
__swrite                                          d:/scoop/apps/rt-gcc-arm-none-eabi/10.3/bin/../lib/gcc/arm-none-eabi/10.3.1/../../../../arm-none-eabi/lib/thumb/v7+fp/hard\libc.a(lib_a-stdio.o)
                                                  d:/scoop/apps/rt-gcc-arm-none-eabi/10.3/bin/../lib/gcc/arm-none-eabi/10.3.1/../../../../arm-none-eabi/lib/thumb/v7+fp/hard\libc.a(lib_a-findfp.o)
__swsetup_r                                       d:/scoop/apps/rt-gcc-arm-none-eabi/10.3/bin/../lib/gcc/arm-none-eabi/10.3.1/../../../../arm-none-eabi/lib/thumb/v7+fp/hard\libc.a(lib_a-wsetup.o)
                                                  d:/scoop/apps/rt-gcc-arm-none-eabi/10.3/bin/../lib/gcc/arm-none-eabi/10.3.1/../../../../arm-none-eabi/lib/thumb/v7+fp/hard\libc.a(lib_a-wbuf.o)
                                                  d:/scoop/apps/rt-gcc-arm-none-eabi/10.3/bin/../lib/gcc/arm-none-eabi/10.3.1/../../../../arm-none-eabi/lib/thumb/v7+fp/hard\libc.a(lib_a-fvwrite.o)
                                                  d:/scoop/apps/rt-gcc-arm-none-eabi/10.3/bin/../lib/gcc/arm-none-eabi/10.3.1/../../../../arm-none-eabi/lib/thumb/v7+fp/hard\libc.a(lib_a-vfiprintf.o)
__udivmoddi4                                      d:/scoop/apps/rt-gcc-arm-none-eabi/10.3/bin/../lib/gcc/arm-none-eabi/10.3.1/thumb/v7+fp/hard\libgcc.a(_udivmoddi4.o)
                                                  d:/scoop/apps/rt-gcc-arm-none-eabi/10.3/bin/../lib/gcc/arm-none-eabi/10.3.1/thumb/v7+fp/hard\libgcc.a(_aeabi_uldivmod.o)
                                                  d:/scoop/apps/rt-gcc-arm-none-eabi/10.3/bin/../lib/gcc/arm-none-eabi/10.3.1/thumb/v7+fp/hard\libgcc.a(_aeabi_ldivmod.o)
__udivsi3                                         d:/scoop/apps/rt-gcc-arm-none-eabi/10.3/bin/../lib/gcc/arm-none-eabi/10.3.1/thumb/v7+fp/hard\libgcc.a(_udivsi3.o)
__wqueue_default_wake                             build\kernel\components\drivers\ipc\waitqueue.o
_atoi_r                                           d:/scoop/apps/rt-gcc-arm-none-eabi/10.3/bin/../lib/gcc/arm-none-eabi/10.3.1/../../../../arm-none-eabi/lib/thumb/v7+fp/hard\libc.a(lib_a-atoi.o)
_c_int00                                          build\kernel\libcpu\arm\cortex-r4\start_gcc.o
_calloc_r                                         build\kernel\components\libc\compilers\newlib\syscalls.o
_cleanup                                          d:/scoop/apps/rt-gcc-arm-none-eabi/10.3/bin/../lib/gcc/arm-none-eabi/10.3.1/../../../../arm-none-eabi/lib/thumb/v7+fp/hard\libc.a(lib_a-findfp.o)
_cleanup_r                                        d:/scoop/apps/rt-gcc-arm-none-eabi/10.3/bin/../lib/gcc/arm-none-eabi/10.3.1/../../../../arm-none-eabi/lib/thumb/v7+fp/hard\libc.a(lib_a-findfp.o)
                                                  d:/scoop/apps/rt-gcc-arm-none-eabi/10.3/bin/../lib/gcc/arm-none-eabi/10.3.1/../../../../arm-none-eabi/lib/thumb/v7+fp/hard\libc.a(lib_a-makebuf.o)
_close_r                                          build\kernel\components\libc\compilers\newlib\syscalls.o
                                                  d:/scoop/apps/rt-gcc-arm-none-eabi/10.3/bin/../lib/gcc/arm-none-eabi/10.3.1/../../../../arm-none-eabi/lib/thumb/v7+fp/hard\libc.a(lib_a-stdio.o)
_coreClearAuxiliaryDataFault_                     build\kernel\libcpu\arm\cortex-r4\start_gcc.o
_coreClearAuxiliaryInstructionFault_              build\kernel\libcpu\arm\cortex-r4\start_gcc.o
_coreClearDataFaultAddress_                       build\kernel\libcpu\arm\cortex-r4\start_gcc.o
_coreClearDataFault_                              build\kernel\libcpu\arm\cortex-r4\start_gcc.o
_coreClearInstructionFaultAddress_                build\kernel\libcpu\arm\cortex-r4\start_gcc.o
_coreClearInstructionFault_                       build\kernel\libcpu\arm\cortex-r4\start_gcc.o
_coreDisableFlashEcc_                             build\kernel\libcpu\arm\cortex-r4\start_gcc.o
_coreDisableRamEcc_                               build\kernel\libcpu\arm\cortex-r4\start_gcc.o
_coreEnableFlashEcc_                              build\kernel\libcpu\arm\cortex-r4\start_gcc.o
_coreEnableRamEcc_                                build\kernel\libcpu\arm\cortex-r4\start_gcc.o
_coreGetAuxiliaryDataFault_                       build\kernel\libcpu\arm\cortex-r4\start_gcc.o
_coreGetAuxiliaryInstructionFault_                build\kernel\libcpu\arm\cortex-r4\start_gcc.o
_coreGetDataFaultAddress_                         build\kernel\libcpu\arm\cortex-r4\start_gcc.o
_coreGetDataFault_                                build\kernel\libcpu\arm\cortex-r4\start_gcc.o
_coreGetInstructionFaultAddress_                  build\kernel\libcpu\arm\cortex-r4\start_gcc.o
_coreGetInstructionFault_                         build\kernel\libcpu\arm\cortex-r4\start_gcc.o
_ctype_                                           d:/scoop/apps/rt-gcc-arm-none-eabi/10.3/bin/../lib/gcc/arm-none-eabi/10.3.1/../../../../arm-none-eabi/lib/thumb/v7+fp/hard\libc.a(lib_a-ctype_.o)
                                                  d:/scoop/apps/rt-gcc-arm-none-eabi/10.3/bin/../lib/gcc/arm-none-eabi/10.3.1/../../../../arm-none-eabi/lib/thumb/v7+fp/hard\libc.a(lib_a-locale.o)
                                                  d:/scoop/apps/rt-gcc-arm-none-eabi/10.3/bin/../lib/gcc/arm-none-eabi/10.3.1/../../../../arm-none-eabi/lib/thumb/v7+fp/hard\libc.a(lib_a-strtoul.o)
                                                  d:/scoop/apps/rt-gcc-arm-none-eabi/10.3/bin/../lib/gcc/arm-none-eabi/10.3.1/../../../../arm-none-eabi/lib/thumb/v7+fp/hard\libc.a(lib_a-strtol.o)
                                                  build\kernel\components\finsh\msh_parse.o
                                                  build\kernel\components\libc\compilers\common\cstring.o
_edata                                            build\kernel\libcpu\arm\cortex-r4\start_gcc.o
_errata_CORTEXR4_57_                              build\kernel\libcpu\arm\cortex-r4\start_gcc.o
_errata_CORTEXR4_66_                              build\kernel\libcpu\arm\cortex-r4\start_gcc.o
_esmCcmErrorsClear_                               build\kernel\libcpu\arm\cortex-r4\start_gcc.o
_execve_r                                         build\kernel\components\libc\compilers\newlib\syscalls.o
_exit                                             build\kernel\components\libc\compilers\newlib\syscalls.o
                                                  d:/scoop/apps/rt-gcc-arm-none-eabi/10.3/bin/../lib/gcc/arm-none-eabi/10.3.1/../../../../arm-none-eabi/lib/thumb/v7+fp/hard\libc.a(lib_a-abort.o)
                                                  d:/scoop/apps/rt-gcc-arm-none-eabi/10.3/bin/../lib/gcc/arm-none-eabi/10.3.1/../../../../arm-none-eabi/lib/thumb/v7+fp/hard\libc.a(lib_a-exit.o)
_fclose_r                                         d:/scoop/apps/rt-gcc-arm-none-eabi/10.3/bin/../lib/gcc/arm-none-eabi/10.3.1/../../../../arm-none-eabi/lib/thumb/v7+fp/hard\libc.a(lib_a-fclose.o)
                                                  d:/scoop/apps/rt-gcc-arm-none-eabi/10.3/bin/../lib/gcc/arm-none-eabi/10.3.1/../../../../arm-none-eabi/lib/thumb/v7+fp/hard\libc.a(lib_a-findfp.o)
_fcntl_r                                          build\kernel\components\libc\compilers\newlib\syscalls.o
_fflush_r                                         d:/scoop/apps/rt-gcc-arm-none-eabi/10.3/bin/../lib/gcc/arm-none-eabi/10.3.1/../../../../arm-none-eabi/lib/thumb/v7+fp/hard\libc.a(lib_a-fflush.o)
                                                  d:/scoop/apps/rt-gcc-arm-none-eabi/10.3/bin/../lib/gcc/arm-none-eabi/10.3.1/../../../../arm-none-eabi/lib/thumb/v7+fp/hard\libc.a(lib_a-wbuf.o)
                                                  d:/scoop/apps/rt-gcc-arm-none-eabi/10.3/bin/../lib/gcc/arm-none-eabi/10.3.1/../../../../arm-none-eabi/lib/thumb/v7+fp/hard\libc.a(lib_a-fvwrite.o)
                                                  d:/scoop/apps/rt-gcc-arm-none-eabi/10.3/bin/../lib/gcc/arm-none-eabi/10.3.1/../../../../arm-none-eabi/lib/thumb/v7+fp/hard\libc.a(lib_a-vfiprintf.o)
_fini                                             d:/scoop/apps/rt-gcc-arm-none-eabi/10.3/bin/../lib/gcc/arm-none-eabi/10.3.1/thumb/v7+fp/hard/crti.o
                                                  d:/scoop/apps/rt-gcc-arm-none-eabi/10.3/bin/../lib/gcc/arm-none-eabi/10.3.1/../../../../arm-none-eabi/lib/thumb/v7+fp/hard\libc.a(lib_a-fini.o)
_fiprintf_r                                       d:/scoop/apps/rt-gcc-arm-none-eabi/10.3/bin/../lib/gcc/arm-none-eabi/10.3.1/../../../../arm-none-eabi/lib/thumb/v7+fp/hard\libc.a(lib_a-fiprintf.o)
_fork_r                                           build\kernel\components\libc\compilers\newlib\syscalls.o
_fputwc_r                                         d:/scoop/apps/rt-gcc-arm-none-eabi/10.3/bin/../lib/gcc/arm-none-eabi/10.3.1/../../../../arm-none-eabi/lib/thumb/v7+fp/hard\libc.a(lib_a-fputwc.o)
                                                  d:/scoop/apps/rt-gcc-arm-none-eabi/10.3/bin/../lib/gcc/arm-none-eabi/10.3.1/../../../../arm-none-eabi/lib/thumb/v7+fp/hard\libc.a(lib_a-vfiprintf.o)
_free_r                                           build\kernel\components\libc\compilers\newlib\syscalls.o
                                                  d:/scoop/apps/rt-gcc-arm-none-eabi/10.3/bin/../lib/gcc/arm-none-eabi/10.3.1/../../../../arm-none-eabi/lib/thumb/v7+fp/hard\libc.a(lib_a-fclose.o)
                                                  d:/scoop/apps/rt-gcc-arm-none-eabi/10.3/bin/../lib/gcc/arm-none-eabi/10.3.1/../../../../arm-none-eabi/lib/thumb/v7+fp/hard\libc.a(lib_a-fvwrite.o)
                                                  d:/scoop/apps/rt-gcc-arm-none-eabi/10.3/bin/../lib/gcc/arm-none-eabi/10.3.1/../../../../arm-none-eabi/lib/thumb/v7+fp/hard\libc.a(lib_a-fflush.o)
                                                  d:/scoop/apps/rt-gcc-arm-none-eabi/10.3/bin/../lib/gcc/arm-none-eabi/10.3.1/../../../../arm-none-eabi/lib/thumb/v7+fp/hard\libc.a(lib_a-wsetup.o)
                                                  d:/scoop/apps/rt-gcc-arm-none-eabi/10.3/bin/../lib/gcc/arm-none-eabi/10.3.1/../../../../arm-none-eabi/lib/thumb/v7+fp/hard\libc.a(lib_a-malloc.o)
_fstat_r                                          build\kernel\components\libc\compilers\newlib\syscalls.o
                                                  d:/scoop/apps/rt-gcc-arm-none-eabi/10.3/bin/../lib/gcc/arm-none-eabi/10.3.1/../../../../arm-none-eabi/lib/thumb/v7+fp/hard\libc.a(lib_a-makebuf.o)
_fwalk                                            d:/scoop/apps/rt-gcc-arm-none-eabi/10.3/bin/../lib/gcc/arm-none-eabi/10.3.1/../../../../arm-none-eabi/lib/thumb/v7+fp/hard\libc.a(lib_a-fwalk.o)
                                                  d:/scoop/apps/rt-gcc-arm-none-eabi/10.3/bin/../lib/gcc/arm-none-eabi/10.3.1/../../../../arm-none-eabi/lib/thumb/v7+fp/hard\libc.a(lib_a-findfp.o)
_fwalk_reent                                      d:/scoop/apps/rt-gcc-arm-none-eabi/10.3/bin/../lib/gcc/arm-none-eabi/10.3.1/../../../../arm-none-eabi/lib/thumb/v7+fp/hard\libc.a(lib_a-fwalk.o)
                                                  d:/scoop/apps/rt-gcc-arm-none-eabi/10.3/bin/../lib/gcc/arm-none-eabi/10.3.1/../../../../arm-none-eabi/lib/thumb/v7+fp/hard\libc.a(lib_a-findfp.o)
                                                  d:/scoop/apps/rt-gcc-arm-none-eabi/10.3/bin/../lib/gcc/arm-none-eabi/10.3.1/../../../../arm-none-eabi/lib/thumb/v7+fp/hard\libc.a(lib_a-fflush.o)
_getpid_r                                         build\kernel\components\libc\compilers\newlib\syscalls.o
                                                  d:/scoop/apps/rt-gcc-arm-none-eabi/10.3/bin/../lib/gcc/arm-none-eabi/10.3.1/../../../../arm-none-eabi/lib/thumb/v7+fp/hard\libc.a(lib_a-signal.o)
_global_impure_ptr                                d:/scoop/apps/rt-gcc-arm-none-eabi/10.3/bin/../lib/gcc/arm-none-eabi/10.3.1/../../../../arm-none-eabi/lib/thumb/v7+fp/hard\libc.a(lib_a-impure.o)
                                                  d:/scoop/apps/rt-gcc-arm-none-eabi/10.3/bin/../lib/gcc/arm-none-eabi/10.3.1/../../../../arm-none-eabi/lib/thumb/v7+fp/hard\libc.a(lib_a-__atexit.o)
                                                  d:/scoop/apps/rt-gcc-arm-none-eabi/10.3/bin/../lib/gcc/arm-none-eabi/10.3.1/../../../../arm-none-eabi/lib/thumb/v7+fp/hard\libc.a(lib_a-findfp.o)
                                                  d:/scoop/apps/rt-gcc-arm-none-eabi/10.3/bin/../lib/gcc/arm-none-eabi/10.3.1/../../../../arm-none-eabi/lib/thumb/v7+fp/hard\libc.a(lib_a-fflush.o)
                                                  d:/scoop/apps/rt-gcc-arm-none-eabi/10.3/bin/../lib/gcc/arm-none-eabi/10.3.1/../../../../arm-none-eabi/lib/thumb/v7+fp/hard\libc.a(lib_a-__call_atexit.o)
                                                  d:/scoop/apps/rt-gcc-arm-none-eabi/10.3/bin/../lib/gcc/arm-none-eabi/10.3.1/../../../../arm-none-eabi/lib/thumb/v7+fp/hard\libc.a(lib_a-exit.o)
_impure_ptr                                       d:/scoop/apps/rt-gcc-arm-none-eabi/10.3/bin/../lib/gcc/arm-none-eabi/10.3.1/../../../../arm-none-eabi/lib/thumb/v7+fp/hard\libc.a(lib_a-impure.o)
                                                  d:/scoop/apps/rt-gcc-arm-none-eabi/10.3/bin/../lib/gcc/arm-none-eabi/10.3.1/../../../../arm-none-eabi/lib/thumb/v7+fp/hard\libc.a(lib_a-fclose.o)
                                                  d:/scoop/apps/rt-gcc-arm-none-eabi/10.3/bin/../lib/gcc/arm-none-eabi/10.3.1/../../../../arm-none-eabi/lib/thumb/v7+fp/hard\libc.a(lib_a-wcrtomb.o)
                                                  d:/scoop/apps/rt-gcc-arm-none-eabi/10.3/bin/../lib/gcc/arm-none-eabi/10.3.1/../../../../arm-none-eabi/lib/thumb/v7+fp/hard\libc.a(lib_a-wbuf.o)
                                                  d:/scoop/apps/rt-gcc-arm-none-eabi/10.3/bin/../lib/gcc/arm-none-eabi/10.3.1/../../../../arm-none-eabi/lib/thumb/v7+fp/hard\libc.a(lib_a-signal.o)
                                                  d:/scoop/apps/rt-gcc-arm-none-eabi/10.3/bin/../lib/gcc/arm-none-eabi/10.3.1/../../../../arm-none-eabi/lib/thumb/v7+fp/hard\libc.a(lib_a-fputwc.o)
                                                  d:/scoop/apps/rt-gcc-arm-none-eabi/10.3/bin/../lib/gcc/arm-none-eabi/10.3.1/../../../../arm-none-eabi/lib/thumb/v7+fp/hard\libc.a(lib_a-findfp.o)
                                                  d:/scoop/apps/rt-gcc-arm-none-eabi/10.3/bin/../lib/gcc/arm-none-eabi/10.3.1/../../../../arm-none-eabi/lib/thumb/v7+fp/hard\libc.a(lib_a-fflush.o)
                                                  d:/scoop/apps/rt-gcc-arm-none-eabi/10.3/bin/../lib/gcc/arm-none-eabi/10.3.1/../../../../arm-none-eabi/lib/thumb/v7+fp/hard\libc.a(lib_a-wsetup.o)
                                                  d:/scoop/apps/rt-gcc-arm-none-eabi/10.3/bin/../lib/gcc/arm-none-eabi/10.3.1/../../../../arm-none-eabi/lib/thumb/v7+fp/hard\libc.a(lib_a-vfiprintf.o)
                                                  d:/scoop/apps/rt-gcc-arm-none-eabi/10.3/bin/../lib/gcc/arm-none-eabi/10.3.1/../../../../arm-none-eabi/lib/thumb/v7+fp/hard\libc.a(lib_a-strtoul.o)
                                                  d:/scoop/apps/rt-gcc-arm-none-eabi/10.3/bin/../lib/gcc/arm-none-eabi/10.3.1/../../../../arm-none-eabi/lib/thumb/v7+fp/hard\libc.a(lib_a-strtol.o)
                                                  d:/scoop/apps/rt-gcc-arm-none-eabi/10.3/bin/../lib/gcc/arm-none-eabi/10.3.1/../../../../arm-none-eabi/lib/thumb/v7+fp/hard\libc.a(lib_a-malloc.o)